Component: ARM Compiler 5.06 update 5 (build 528) Tool: armlink [4d35e2]

==============================================================================

Section Cross References

    startup_stm32f767xx.o(STACK) refers (Special) to heapauxi.o(.text) for __use_two_region_memory
    startup_stm32f767xx.o(HEAP) refers (Special) to heapauxi.o(.text) for __use_two_region_memory
    startup_stm32f767xx.o(RESET) refers (Special) to heapauxi.o(.text) for __use_two_region_memory
    startup_stm32f767xx.o(RESET) refers to startup_stm32f767xx.o(STACK) for __initial_sp
    startup_stm32f767xx.o(RESET) refers to startup_stm32f767xx.o(.text) for Reset_Handler
    startup_stm32f767xx.o(RESET) refers to stm32f7xx_it.o(.text) for NMI_Handler
    startup_stm32f767xx.o(RESET) refers to mpu.o(.text) for MemManage_Handler
    startup_stm32f767xx.o(RESET) refers to usmart_port.o(.text) for TIM4_IRQHandler
    startup_stm32f767xx.o(RESET) refers to usart.o(.text) for USART1_IRQHandler
    startup_stm32f767xx.o(RESET) refers to btim.o(.text) for TIM6_DAC_IRQHandler
    startup_stm32f767xx.o(.text) refers (Special) to heapauxi.o(.text) for __use_two_region_memory
    startup_stm32f767xx.o(.text) refers to system_stm32f7xx.o(.text) for SystemInit
    startup_stm32f767xx.o(.text) refers to __main.o(!!!main) for __main
    startup_stm32f767xx.o(.text) refers to startup_stm32f767xx.o(HEAP) for Heap_Mem
    startup_stm32f767xx.o(.text) refers to startup_stm32f767xx.o(STACK) for Stack_Mem
    main.o(.text) refers to sys.o(.text) for sys_cache_enable
    main.o(.text) refers to stm32f7xx_hal.o(.text) for HAL_Init
    main.o(.text) refers to mpu.o(.text) for mpu_memory_protection
    main.o(.text) refers to delay.o(.text) for delay_init
    main.o(.text) refers to usart.o(.text) for usart_init
    main.o(.text) refers to led.o(.text) for led_init
    main.o(.text) refers to sdram.o(.text) for sdram_init
    main.o(.text) refers to lcd.o(.text) for lcd_init
    main.o(.text) refers to key.o(.text) for key_init
    main.o(.text) refers to norflash.o(.text) for norflash_init
    main.o(.text) refers to btim.o(.text) for btim_timx_int_init
    main.o(.text) refers to task.o(.text) for Task_Init
    main.o(.text) refers to mypic.o(.text) for MyPic_Init
    main.o(.text) refers to usmart_config.o(.data) for usmart_dev
    main.o(.text) refers to task.o(.bss) for myTask
    main.o(.text) refers to task.o(.data) for TaskNum
    stm32f7xx_it.o(.text) refers to stm32f7xx_hal.o(.text) for HAL_IncTick
    system_stm32f7xx.o(.text) refers to system_stm32f7xx.o(.data) for SystemCoreClock
    system_stm32f7xx.o(.text) refers to system_stm32f7xx.o(.constdata) for AHBPrescTable
    delay.o(.text) refers to delay.o(.data) for g_fac_us
    sys.o(.text) refers to rt_memclr_w.o(.text) for __aeabi_memclr4
    sys.o(.text) refers to stm32f7xx_hal_rcc.o(.text) for HAL_RCC_OscConfig
    sys.o(.text) refers to stm32f7xx_hal_pwr_ex.o(.text) for HAL_PWREx_EnableOverDrive
    usart.o(.rev16_text) refers (Special) to use_no_semi_2.o(.text) for __use_no_semihosting
    usart.o(.revsh_text) refers (Special) to use_no_semi_2.o(.text) for __use_no_semihosting
    usart.o(.rrx_text) refers (Special) to use_no_semi_2.o(.text) for __use_no_semihosting
    usart.o(.text) refers (Special) to use_no_semi_2.o(.text) for __use_no_semihosting
    usart.o(.text) refers to stm32f7xx_hal_uart.o(.text) for HAL_UART_Init
    usart.o(.text) refers to stm32f7xx_hal_gpio.o(.text) for HAL_GPIO_Init
    usart.o(.text) refers to stm32f7xx_hal_cortex.o(.text) for HAL_NVIC_EnableIRQ
    usart.o(.text) refers to usart.o(.bss) for g_uart1_handle
    usart.o(.text) refers to usart.o(.data) for g_rx_buffer
    usart.o(.bss) refers (Special) to use_no_semi_2.o(.text) for __use_no_semihosting
    usart.o(.data) refers (Special) to use_no_semi_2.o(.text) for __use_no_semihosting
    stm32f7xx_hal.o(.text) refers to stm32f7xx_hal_cortex.o(.text) for HAL_SYSTICK_Config
    stm32f7xx_hal.o(.text) refers to stm32f7xx_hal.o(.data) for uwTickFreq
    stm32f7xx_hal.o(.text) refers to system_stm32f7xx.o(.data) for SystemCoreClock
    stm32f7xx_hal_dma.o(.text) refers to stm32f7xx_hal.o(.text) for HAL_GetTick
    stm32f7xx_hal_dma.o(.text) refers to stm32f7xx_hal_dma.o(.constdata) for flagBitshiftOffset
    stm32f7xx_hal_dma.o(.text) refers to system_stm32f7xx.o(.data) for SystemCoreClock
    stm32f7xx_hal_pwr_ex.o(.text) refers to stm32f7xx_hal.o(.text) for HAL_GetTick
    stm32f7xx_hal_rcc.o(.text) refers to stm32f7xx_hal.o(.text) for HAL_GetTick
    stm32f7xx_hal_rcc.o(.text) refers to system_stm32f7xx.o(.data) for SystemCoreClock
    stm32f7xx_hal_rcc.o(.text) refers to stm32f7xx_hal.o(.data) for uwTickPrio
    stm32f7xx_hal_rcc.o(.text) refers to lludivv7m.o(.text) for __aeabi_uldivmod
    stm32f7xx_hal_rcc.o(.text) refers to stm32f7xx_hal_gpio.o(.text) for HAL_GPIO_Init
    stm32f7xx_hal_rcc.o(.text) refers to system_stm32f7xx.o(.constdata) for AHBPrescTable
[...]
    HAL_SDRAM_SendCommand                    0x080099ad   Thumb Code    58  stm32f7xx_hal_sdram.o(.text)
    HAL_SDRAM_ProgramRefreshRate             0x080099e7   Thumb Code    40  stm32f7xx_hal_sdram.o(.text)
    HAL_SDRAM_SetAutoRefreshNumber           0x08009a0f   Thumb Code    40  stm32f7xx_hal_sdram.o(.text)
    HAL_SDRAM_GetModeStatus                  0x08009a37   Thumb Code    14  stm32f7xx_hal_sdram.o(.text)
    HAL_SDRAM_GetState                       0x08009a45   Thumb Code     8  stm32f7xx_hal_sdram.o(.text)
    HAL_LTDC_Init                            0x08009a57   Thumb Code   274  stm32f7xx_hal_ltdc.o(.text)
    HAL_LTDC_MspDeInit                       0x08009b69   Thumb Code     2  stm32f7xx_hal_ltdc.o(.text)
    HAL_LTDC_DeInit                          0x08009b6b   Thumb Code    30  stm32f7xx_hal_ltdc.o(.text)
    HAL_LTDC_ReloadEventCallback             0x08009b89   Thumb Code     2  stm32f7xx_hal_ltdc.o(.text)
    HAL_LTDC_LineEventCallback               0x08009b8b   Thumb Code     2  stm32f7xx_hal_ltdc.o(.text)
    HAL_LTDC_ErrorCallback                   0x08009b8d   Thumb Code     2  stm32f7xx_hal_ltdc.o(.text)
    HAL_LTDC_IRQHandler                      0x08009b8f   Thumb Code   244  stm32f7xx_hal_ltdc.o(.text)
    HAL_LTDC_ConfigLayer                     0x08009e99   Thumb Code    94  stm32f7xx_hal_ltdc.o(.text)
    HAL_LTDC_ConfigColorKeying               0x08009ef7   Thumb Code    96  stm32f7xx_hal_ltdc.o(.text)
    HAL_LTDC_ConfigCLUT                      0x08009f57   Thumb Code   176  stm32f7xx_hal_ltdc.o(.text)
    HAL_LTDC_EnableColorKeying               0x0800a007   Thumb Code    76  stm32f7xx_hal_ltdc.o(.text)
    HAL_LTDC_DisableColorKeying              0x0800a053   Thumb Code    76  stm32f7xx_hal_ltdc.o(.text)
    HAL_LTDC_EnableCLUT                      0x0800a09f   Thumb Code    76  stm32f7xx_hal_ltdc.o(.text)
    HAL_LTDC_DisableCLUT                     0x0800a0eb   Thumb Code    76  stm32f7xx_hal_ltdc.o(.text)
    HAL_LTDC_EnableDither                    0x0800a137   Thumb Code    62  stm32f7xx_hal_ltdc.o(.text)
    HAL_LTDC_DisableDither                   0x0800a175   Thumb Code    62  stm32f7xx_hal_ltdc.o(.text)
    HAL_LTDC_SetWindowSize                   0x0800a1b3   Thumb Code   108  stm32f7xx_hal_ltdc.o(.text)
    HAL_LTDC_SetWindowPosition               0x0800a21f   Thumb Code   108  stm32f7xx_hal_ltdc.o(.text)
    HAL_LTDC_SetPixelFormat                  0x0800a28b   Thumb Code    92  stm32f7xx_hal_ltdc.o(.text)
    HAL_LTDC_SetAlpha                        0x0800a2e7   Thumb Code    92  stm32f7xx_hal_ltdc.o(.text)
    HAL_LTDC_SetAddress                      0x0800a343   Thumb Code    92  stm32f7xx_hal_ltdc.o(.text)
    HAL_LTDC_SetPitch                        0x0800a39f   Thumb Code   200  stm32f7xx_hal_ltdc.o(.text)
    HAL_LTDC_ProgramLineEvent                0x0800a467   Thumb Code    80  stm32f7xx_hal_ltdc.o(.text)
    HAL_LTDC_Reload                          0x0800a4b7   Thumb Code    66  stm32f7xx_hal_ltdc.o(.text)
    HAL_LTDC_ConfigLayer_NoReload            0x0800a4f9   Thumb Code   100  stm32f7xx_hal_ltdc.o(.text)
    HAL_LTDC_SetWindowSize_NoReload          0x0800a55d   Thumb Code   104  stm32f7xx_hal_ltdc.o(.text)
    HAL_LTDC_SetWindowPosition_NoReload      0x0800a5c5   Thumb Code   104  stm32f7xx_hal_ltdc.o(.text)
    HAL_LTDC_SetPixelFormat_NoReload         0x0800a62d   Thumb Code    88  stm32f7xx_hal_ltdc.o(.text)
    HAL_LTDC_SetAlpha_NoReload               0x0800a685   Thumb Code    88  stm32f7xx_hal_ltdc.o(.text)
    HAL_LTDC_SetAddress_NoReload             0x0800a6dd   Thumb Code    88  stm32f7xx_hal_ltdc.o(.text)
    HAL_LTDC_SetPitch_NoReload               0x0800a735   Thumb Code   168  stm32f7xx_hal_ltdc.o(.text)
    HAL_LTDC_ConfigColorKeying_NoReload      0x0800a7dd   Thumb Code    92  stm32f7xx_hal_ltdc.o(.text)
    HAL_LTDC_EnableColorKeying_NoReload      0x0800a839   Thumb Code    72  stm32f7xx_hal_ltdc.o(.text)
    HAL_LTDC_DisableColorKeying_NoReload     0x0800a881   Thumb Code    72  stm32f7xx_hal_ltdc.o(.text)
    HAL_LTDC_EnableCLUT_NoReload             0x0800a8c9   Thumb Code    72  stm32f7xx_hal_ltdc.o(.text)
    HAL_LTDC_DisableCLUT_NoReload            0x0800a911   Thumb Code    72  stm32f7xx_hal_ltdc.o(.text)
    HAL_LTDC_GetState                        0x0800a959   Thumb Code     8  stm32f7xx_hal_ltdc.o(.text)
    HAL_LTDC_GetError                        0x0800a961   Thumb Code     8  stm32f7xx_hal_ltdc.o(.text)
    HAL_NAND_Init                            0x0800a96f   Thumb Code    82  stm32f7xx_hal_nand.o(.text)
    HAL_NAND_MspDeInit                       0x0800a9c1   Thumb Code     2  stm32f7xx_hal_nand.o(.text)
    HAL_NAND_DeInit                          0x0800a9c3   Thumb Code    34  stm32f7xx_hal_nand.o(.text)
    HAL_NAND_ITCallback                      0x0800a9e5   Thumb Code     2  stm32f7xx_hal_nand.o(.text)
    HAL_NAND_IRQHandler                      0x0800a9e7   Thumb Code   124  stm32f7xx_hal_nand.o(.text)
    HAL_NAND_Read_ID                         0x0800aa63   Thumb Code   182  stm32f7xx_hal_nand.o(.text)
    HAL_NAND_Reset                           0x0800ab19   Thumb Code    74  stm32f7xx_hal_nand.o(.text)
    HAL_NAND_ConfigDevice                    0x0800ab63   Thumb Code    36  stm32f7xx_hal_nand.o(.text)
    HAL_NAND_Read_Status                     0x0800ab87   Thumb Code    46  stm32f7xx_hal_nand.o(.text)
    HAL_NAND_Read_Page_8b                    0x0800abb5   Thumb Code   688  stm32f7xx_hal_nand.o(.text)
    HAL_NAND_Read_Page_16b                   0x0800ae65   Thumb Code   688  stm32f7xx_hal_nand.o(.text)
    HAL_NAND_Write_Page_8b                   0x0800b115   Thumb Code   696  stm32f7xx_hal_nand.o(.text)
    HAL_NAND_Write_Page_16b                  0x0800b3cd   Thumb Code   696  stm32f7xx_hal_nand.o(.text)
    HAL_NAND_Read_SpareArea_8b               0x0800b685   Thumb Code   726  stm32f7xx_hal_nand.o(.text)
    HAL_NAND_Read_SpareArea_16b              0x0800b95b   Thumb Code   728  stm32f7xx_hal_nand.o(.text)
    HAL_NAND_Write_SpareArea_8b              0x0800bc33   Thumb Code   760  stm32f7xx_hal_nand.o(.text)
    HAL_NAND_Write_SpareArea_16b             0x0800bf2b   Thumb Code   762  stm32f7xx_hal_nand.o(.text)
    HAL_NAND_Erase_Block                     0x0800c225   Thumb Code   240  stm32f7xx_hal_nand.o(.text)
    HAL_NAND_Address_Inc                     0x0800c315   Thumb Code    62  stm32f7xx_hal_nand.o(.text)
    HAL_NAND_ECC_Enable                      0x0800c353   Thumb Code    38  stm32f7xx_hal_nand.o(.text)
    HAL_NAND_ECC_Disable                     0x0800c379   Thumb Code    38  stm32f7xx_hal_nand.o(.text)
    HAL_NAND_GetECC                          0x0800c39f   Thumb Code    54  stm32f7xx_hal_nand.o(.text)
    HAL_NAND_GetState                        0x0800c3d5   Thumb Code     8  stm32f7xx_hal_nand.o(.text)
    SDMMC_Init                               0x0800c3dd   Thumb Code    52  stm32f7xx_ll_sdmmc.o(.text)
    SDMMC_ReadFIFO                           0x0800c411   Thumb Code     8  stm32f7xx_ll_sdmmc.o(.text)
    SDMMC_WriteFIFO                          0x0800c419   Thumb Code    12  stm32f7xx_ll_sdmmc.o(.text)
    SDMMC_PowerState_ON                      0x0800c425   Thumb Code    18  stm32f7xx_ll_sdmmc.o(.text)
    SDMMC_PowerState_OFF                     0x0800c437   Thumb Code     8  stm32f7xx_ll_sdmmc.o(.text)
    SDMMC_GetPowerState                      0x0800c43f   Thumb Code    10  stm32f7xx_ll_sdmmc.o(.text)
    SDMMC_SendCommand                        0x0800c449   Thumb Code    40  stm32f7xx_ll_sdmmc.o(.text)
    SDMMC_GetCommandResponse                 0x0800c471   Thumb Code     8  stm32f7xx_ll_sdmmc.o(.text)
    SDMMC_GetResponse                        0x0800c479   Thumb Code    12  stm32f7xx_ll_sdmmc.o(.text)
    SDMMC_ConfigData                         0x0800c485   Thumb Code    44  stm32f7xx_ll_sdmmc.o(.text)
    SDMMC_GetDataCounter                     0x0800c4b1   Thumb Code     6  stm32f7xx_ll_sdmmc.o(.text)
    SDMMC_GetFIFOCount                       0x0800c4b7   Thumb Code     8  stm32f7xx_ll_sdmmc.o(.text)
    SDMMC_SetSDMMCReadWaitMode               0x0800c4bf   Thumb Code    16  stm32f7xx_ll_sdmmc.o(.text)
    SDMMC_CmdBlockLength                     0x0800c671   Thumb Code    56  stm32f7xx_ll_sdmmc.o(.text)
    SDMMC_CmdReadSingleBlock                 0x0800c6a9   Thumb Code    56  stm32f7xx_ll_sdmmc.o(.text)
    SDMMC_CmdReadMultiBlock                  0x0800c6e1   Thumb Code    56  stm32f7xx_ll_sdmmc.o(.text)
    SDMMC_CmdWriteSingleBlock                0x0800c719   Thumb Code    56  stm32f7xx_ll_sdmmc.o(.text)
    SDMMC_CmdWriteMultiBlock                 0x0800c751   Thumb Code    56  stm32f7xx_ll_sdmmc.o(.text)
    SDMMC_CmdSDEraseStartAdd                 0x0800c789   Thumb Code    56  stm32f7xx_ll_sdmmc.o(.text)
    SDMMC_CmdSDEraseEndAdd                   0x0800c7c1   Thumb Code    56  stm32f7xx_ll_sdmmc.o(.text)
    SDMMC_CmdEraseStartAdd                   0x0800c7f9   Thumb Code    56  stm32f7xx_ll_sdmmc.o(.text)
    SDMMC_CmdEraseEndAdd                     0x0800c831   Thumb Code    56  stm32f7xx_ll_sdmmc.o(.text)
    SDMMC_CmdErase                           0x0800c869   Thumb Code    56  stm32f7xx_ll_sdmmc.o(.text)
    SDMMC_CmdStopTransfer                    0x0800c8a1   Thumb Code    68  stm32f7xx_ll_sdmmc.o(.text)
    SDMMC_CmdSelDesel                        0x0800c8e5   Thumb Code    58  stm32f7xx_ll_sdmmc.o(.text)
    SDMMC_CmdGoIdleState                     0x0800c959   Thumb Code    44  stm32f7xx_ll_sdmmc.o(.text)
    SDMMC_CmdOperCond                        0x0800c9ed   Thumb Code    52  stm32f7xx_ll_sdmmc.o(.text)
    SDMMC_CmdAppCommand                      0x0800ca21   Thumb Code    56  stm32f7xx_ll_sdmmc.o(.text)
    SDMMC_CmdAppOperCommand                  0x0800caab   Thumb Code    54  stm32f7xx_ll_sdmmc.o(.text)
    SDMMC_CmdBusWidth                        0x0800cae1   Thumb Code    56  stm32f7xx_ll_sdmmc.o(.text)
    SDMMC_CmdSendSCR                         0x0800cb19   Thumb Code    56  stm32f7xx_ll_sdmmc.o(.text)
    SDMMC_CmdSendCID                         0x0800cbb1   Thumb Code    50  stm32f7xx_ll_sdmmc.o(.text)
    SDMMC_CmdSendCSD                         0x0800cbe3   Thumb Code    50  stm32f7xx_ll_sdmmc.o(.text)
    SDMMC_CmdSetRelAdd                       0x0800ccc9   Thumb Code    64  stm32f7xx_ll_sdmmc.o(.text)
    SDMMC_CmdSendStatus                      0x0800cd09   Thumb Code    56  stm32f7xx_ll_sdmmc.o(.text)
    SDMMC_CmdStatusRegister                  0x0800cd41   Thumb Code    56  stm32f7xx_ll_sdmmc.o(.text)
    SDMMC_CmdOpCondition                     0x0800cd79   Thumb Code    50  stm32f7xx_ll_sdmmc.o(.text)
    SDMMC_CmdSwitch                          0x0800cdab   Thumb Code    56  stm32f7xx_ll_sdmmc.o(.text)
    HAL_SD_GetCardCSD                        0x0800cde5   Thumb Code   450  stm32f7xx_hal_sd.o(.text)
    HAL_SD_InitCard                          0x0800d16f   Thumb Code   136  stm32f7xx_hal_sd.o(.text)
    HAL_SD_Init                              0x0800d1f9   Thumb Code    60  stm32f7xx_hal_sd.o(.text)
    HAL_SD_MspDeInit                         0x0800d235   Thumb Code     2  stm32f7xx_hal_sd.o(.text)
    HAL_SD_DeInit                            0x0800d243   Thumb Code    40  stm32f7xx_hal_sd.o(.text)
    HAL_SD_ReadBlocks                        0x0800d26b   Thumb Code   708  stm32f7xx_hal_sd.o(.text)
    HAL_SD_WriteBlocks                       0x0800d52f   Thumb Code   594  stm32f7xx_hal_sd.o(.text)
    HAL_SD_ReadBlocks_IT                     0x0800d781   Thumb Code   248  stm32f7xx_hal_sd.o(.text)
    HAL_SD_WriteBlocks_IT                    0x0800d879   Thumb Code   246  stm32f7xx_hal_sd.o(.text)
    HAL_SD_ErrorCallback                     0x0800d96f   Thumb Code     2  stm32f7xx_hal_sd.o(.text)
    HAL_SD_GetCardState                      0x0800d9a1   Thumb Code    36  stm32f7xx_hal_sd.o(.text)
    HAL_SD_RxCpltCallback                    0x0800da35   Thumb Code     2  stm32f7xx_hal_sd.o(.text)
    HAL_SD_ReadBlocks_DMA                    0x0800da7f   Thumb Code   340  stm32f7xx_hal_sd.o(.text)
    HAL_SD_WriteBlocks_DMA                   0x0800dbe5   Thumb Code   330  stm32f7xx_hal_sd.o(.text)
    HAL_SD_Erase                             0x0800dd2f   Thumb Code   266  stm32f7xx_hal_sd.o(.text)
    HAL_SD_AbortCallback                     0x0800de39   Thumb Code     2  stm32f7xx_hal_sd.o(.text)
    HAL_SD_TxCpltCallback                    0x0800df2d   Thumb Code     2  stm32f7xx_hal_sd.o(.text)
    HAL_SD_IRQHandler                        0x0800df79   Thumb Code   508  stm32f7xx_hal_sd.o(.text)
    HAL_SD_GetState                          0x0800e175   Thumb Code     8  stm32f7xx_hal_sd.o(.text)
    HAL_SD_GetError                          0x0800e17d   Thumb Code     6  stm32f7xx_hal_sd.o(.text)
    HAL_SD_GetCardCID                        0x0800e183   Thumb Code    94  stm32f7xx_hal_sd.o(.text)
    HAL_SD_GetCardStatus                     0x0800e315   Thumb Code   160  stm32f7xx_hal_sd.o(.text)
    HAL_SD_GetCardInfo                       0x0800e3b5   Thumb Code    38  stm32f7xx_hal_sd.o(.text)
    HAL_SD_ConfigWideBusOperation            0x0800e5ed   Thumb Code   164  stm32f7xx_hal_sd.o(.text)
    HAL_SD_Abort                             0x0800e691   Thumb Code   160  stm32f7xx_hal_sd.o(.text)
    HAL_SD_Abort_IT                          0x0800e731   Thumb Code   172  stm32f7xx_hal_sd.o(.text)
    HAL_QSPI_SetTimeout                      0x0800e835   Thumb Code     4  stm32f7xx_hal_qspi.o(.text)
    HAL_QSPI_Init                            0x0800e83b   Thumb Code   184  stm32f7xx_hal_qspi.o(.text)
    HAL_QSPI_MspDeInit                       0x0800e8f3   Thumb Code     2  stm32f7xx_hal_qspi.o(.text)
    HAL_QSPI_DeInit                          0x0800e8f5   Thumb Code    48  stm32f7xx_hal_qspi.o(.text)
    HAL_QSPI_TimeOutCallback                 0x0800e925   Thumb Code     2  stm32f7xx_hal_qspi.o(.text)
    HAL_QSPI_ErrorCallback                   0x0800e927   Thumb Code     2  stm32f7xx_hal_qspi.o(.text)
    HAL_QSPI_StatusMatchCallback             0x0800e96b   Thumb Code     2  stm32f7xx_hal_qspi.o(.text)
    HAL_QSPI_AbortCpltCallback               0x0800e96d   Thumb Code     2  stm32f7xx_hal_qspi.o(.text)
    HAL_QSPI_CmdCpltCallback                 0x0800e96f   Thumb Code     2  stm32f7xx_hal_qspi.o(.text)
    HAL_QSPI_RxCpltCallback                  0x0800e971   Thumb Code     2  stm32f7xx_hal_qspi.o(.text)
    HAL_QSPI_TxCpltCallback                  0x0800e973   Thumb Code     2  stm32f7xx_hal_qspi.o(.text)
    HAL_QSPI_FifoThresholdCallback           0x0800e975   Thumb Code     2  stm32f7xx_hal_qspi.o(.text)
    HAL_QSPI_IRQHandler                      0x0800e977   Thumb Code   638  stm32f7xx_hal_qspi.o(.text)
    HAL_QSPI_Command                         0x0800edeb   Thumb Code   164  stm32f7xx_hal_qspi.o(.text)
    HAL_QSPI_Command_IT                      0x0800ee8f   Thumb Code   180  stm32f7xx_hal_qspi.o(.text)
    HAL_QSPI_Transmit                        0x0800ef43   Thumb Code   212  stm32f7xx_hal_qspi.o(.text)
    HAL_QSPI_Receive                         0x0800f017   Thumb Code   228  stm32f7xx_hal_qspi.o(.text)
    HAL_QSPI_Transmit_IT                     0x0800f0fb   Thumb Code   144  stm32f7xx_hal_qspi.o(.text)
    HAL_QSPI_Receive_IT                      0x0800f18b   Thumb Code   156  stm32f7xx_hal_qspi.o(.text)
    HAL_QSPI_Abort_IT                        0x0800f227   Thumb Code   128  stm32f7xx_hal_qspi.o(.text)
    HAL_QSPI_TxHalfCpltCallback              0x0800f2d9   Thumb Code     2  stm32f7xx_hal_qspi.o(.text)
    HAL_QSPI_Transmit_DMA                    0x0800f2ff   Thumb Code   372  stm32f7xx_hal_qspi.o(.text)
    HAL_QSPI_RxHalfCpltCallback              0x0800f473   Thumb Code     2  stm32f7xx_hal_qspi.o(.text)
    HAL_QSPI_Receive_DMA                     0x0800f499   Thumb Code   388  stm32f7xx_hal_qspi.o(.text)
    HAL_QSPI_AutoPolling                     0x0800f61d   Thumb Code   226  stm32f7xx_hal_qspi.o(.text)
    HAL_QSPI_AutoPolling_IT                  0x0800f6ff   Thumb Code   206  stm32f7xx_hal_qspi.o(.text)
    HAL_QSPI_MemoryMapped                    0x0800f7cd   Thumb Code   172  stm32f7xx_hal_qspi.o(.text)
    HAL_QSPI_GetState                        0x0800f879   Thumb Code     8  stm32f7xx_hal_qspi.o(.text)
    HAL_QSPI_GetError                        0x0800f881   Thumb Code     6  stm32f7xx_hal_qspi.o(.text)
    HAL_QSPI_Abort                           0x0800f887   Thumb Code   154  stm32f7xx_hal_qspi.o(.text)
    HAL_QSPI_SetFifoThreshold                0x0800f921   Thumb Code    76  stm32f7xx_hal_qspi.o(.text)
    HAL_QSPI_GetFifoThreshold                0x0800f96d   Thumb Code    14  stm32f7xx_hal_qspi.o(.text)
    HAL_QSPI_SetFlashID                      0x0800f97b   Thumb Code    70  stm32f7xx_hal_qspi.o(.text)
    led_init                                 0x0800f9c1   Thumb Code   132  led.o(.text)
    lcd_wr_regno                             0x0800fa4d   Thumb Code    18  lcd.o(.text)
    lcd_wr_data                              0x0800fa5f   Thumb Code    20  lcd.o(.text)
    lcd_ex_st7789_reginit                    0x0800fa73   Thumb Code   424  lcd.o(.text)
    lcd_ex_ili9341_reginit                   0x0800fc1b   Thumb Code   562  lcd.o(.text)
    lcd_ex_nt35310_reginit                   0x0800fe4d   Thumb Code  3826  lcd.o(.text)
    lcd_ex_st7796_reginit                    0x08010d3f   Thumb Code   454  lcd.o(.text)
    lcd_write_reg                            0x08010f05   Thumb Code    10  lcd.o(.text)
    lcd_ex_nt35510_reginit                   0x08010f0f   Thumb Code  3842  lcd.o(.text)
    lcd_ex_ili9806_reginit                   0x08011e11   Thumb Code   832  lcd.o(.text)
    lcd_ex_ssd1963_reginit                   0x08012151   Thumb Code   366  lcd.o(.text)
    lcd_write_ram_prepare                    0x080122d9   Thumb Code    12  lcd.o(.text)
    lcd_write_ram                            0x080122e5   Thumb Code     6  lcd.o(.text)
    lcd_bgr2rgb                              0x080122eb   Thumb Code    26  lcd.o(.text)
    lcd_set_cursor                           0x08012305   Thumb Code   282  lcd.o(.text)
    lcd_read_point                           0x0801241f   Thumb Code   176  lcd.o(.text)
    lcd_display_on                           0x080124cf   Thumb Code    46  lcd.o(.text)
    lcd_display_off                          0x080124fd   Thumb Code    46  lcd.o(.text)
    lcd_scan_dir                             0x0801252b   Thumb Code   582  lcd.o(.text)
    lcd_draw_point                           0x08012771   Thumb Code    44  lcd.o(.text)
    lcd_ssd_backlight_set                    0x0801279d   Thumb Code    72  lcd.o(.text)
    lcd_display_dir                          0x080127e5   Thumb Code   390  lcd.o(.text)
    lcd_set_window                           0x0801296b   Thumb Code   394  lcd.o(.text)
    HAL_SRAM_MspInit                         0x08012af5   Thumb Code   140  lcd.o(.text)
    lcd_mpu_config                           0x08012b81   Thumb Code    80  lcd.o(.text)
    lcd_clear                                0x08012bd1   Thumb Code    58  lcd.o(.text)
    lcd_init                                 0x08012c0b   Thumb Code  1282  lcd.o(.text)
    lcd_fill                                 0x0801310d   Thumb Code   104  lcd.o(.text)
    lcd_color_fill                           0x08013175   Thumb Code   114  lcd.o(.text)
    lcd_draw_line                            0x080131e7   Thumb Code   172  lcd.o(.text)
    lcd_draw_hline                           0x08013293   Thumb Code    52  lcd.o(.text)
    lcd_draw_rectangle                       0x080132c7   Thumb Code    94  lcd.o(.text)
    lcd_draw_circle                          0x08013325   Thumb Code   170  lcd.o(.text)
    lcd_fill_circle                          0x080133cf   Thumb Code   176  lcd.o(.text)
    lcd_show_char                            0x0801347f   Thumb Code   294  lcd.o(.text)
    lcd_show_num                             0x080135bb   Thumb Code   152  lcd.o(.text)
    lcd_show_xnum                            0x08013653   Thumb Code   198  lcd.o(.text)
    lcd_show_string                          0x08013719   Thumb Code   106  lcd.o(.text)
    sdram_send_cmd                           0x0801379d   Thumb Code    68  sdram.o(.text)
    sdram_initialization_sequence            0x080137e1   Thumb Code    66  sdram.o(.text)
    sdram_init                               0x08013823   Thumb Code   104  sdram.o(.text)
    HAL_SDRAM_MspInit                        0x0801388b   Thumb Code   258  sdram.o(.text)
    fmc_sdram_write_buffer                   0x0801398d   Thumb Code    24  sdram.o(.text)
    fmc_sdram_read_buffer                    0x080139a5   Thumb Code    22  sdram.o(.text)
    key_init                                 0x080139dd   Thumb Code   226  key.o(.text)
    key_scan                                 0x08013abf   Thumb Code   188  key.o(.text)
    ltdc_switch                              0x08013b91   Thumb Code    38  ltdc.o(.text)
    ltdc_layer_switch                        0x08013bb7   Thumb Code    72  ltdc.o(.text)
    ltdc_select_layer                        0x08013bff   Thumb Code     6  ltdc.o(.text)
    ltdc_display_dir                         0x08013c05   Thumb Code    40  ltdc.o(.text)
    ltdc_draw_point                          0x08013c2d   Thumb Code    70  ltdc.o(.text)
    ltdc_read_point                          0x08013c73   Thumb Code    72  ltdc.o(.text)
    ltdc_fill                                0x08013cbb   Thumb Code   366  ltdc.o(.text)
    ltdc_color_fill                          0x08013e29   Thumb Code   318  ltdc.o(.text)
    ltdc_clear                               0x08013f67   Thumb Code    54  ltdc.o(.text)
    ltdc_clk_set                             0x08013f9d   Thumb Code    38  ltdc.o(.text)
    ltdc_layer_window_config                 0x08013fc3   Thumb Code    44  ltdc.o(.text)
    ltdc_layer_parameter_config              0x08013fef   Thumb Code   112  ltdc.o(.text)
    ltdc_panelid_read                        0x0801405f   Thumb Code   196  ltdc.o(.text)
    ltdc_init                                0x08014123   Thumb Code   654  ltdc.o(.text)
    HAL_LTDC_MspInit                         0x080143b1   Thumb Code   336  ltdc.o(.text)
    qspi_wait_flag                           0x08014519   Thumb Code    48  qspi.o(.text)
    qspi_init                                0x08014549   Thumb Code    68  qspi.o(.text)
    HAL_QSPI_MspInit                         0x0801458d   Thumb Code   220  qspi.o(.text)
    qspi_send_cmd                            0x08014669   Thumb Code   258  qspi.o(.text)
    qspi_receive                             0x0801476b   Thumb Code    36  qspi.o(.text)
    qspi_transmit                            0x0801478f   Thumb Code    36  qspi.o(.text)
    sd_init                                  0x080147c9   Thumb Code    68  sdmmc_sdcard.o(.text)
    HAL_SD_MspInit                           0x0801480d   Thumb Code   320  sdmmc_sdcard.o(.text)
    get_sd_card_info                         0x0801494d   Thumb Code    18  sdmmc_sdcard.o(.text)
    get_sd_card_state                        0x0801495f   Thumb Code    20  sdmmc_sdcard.o(.text)
    sd_read_disk                             0x08014973   Thumb Code    80  sdmmc_sdcard.o(.text)
    sd_write_disk                            0x080149c3   Thumb Code    80  sdmmc_sdcard.o(.text)
    ftl_create_lut                           0x08014a31   Thumb Code   208  ftl.o(.text)
    ftl_check_badblock                       0x08014b01   Thumb Code    72  ftl.o(.text)
    ftl_badblock_mark                        0x08014b49   Thumb Code    48  ftl.o(.text)
    ftl_format                               0x08014b79   Thumb Code   188  ftl.o(.text)
    ftl_init                                 0x08014c35   Thumb Code   138  ftl.o(.text)
    ftl_used_blockmark                       0x08014cbf   Thumb Code    34  ftl.o(.text)
    ftl_find_unused_block                    0x08014ce1   Thumb Code    66  ftl.o(.text)
    ftl_find_same_plane_unused_block         0x08014d23   Thumb Code   104  ftl.o(.text)
    ftl_copy_and_write_to_block              0x08014d8b   Thumb Code   452  ftl.o(.text)
    ftl_lbn_to_pbn                           0x08014f4f   Thumb Code    30  ftl.o(.text)
    ftl_write_sectors                        0x08014f6d   Thumb Code   370  ftl.o(.text)
    ftl_blockcompare                         0x080150df   Thumb Code   216  ftl.o(.text)
    ftl_read_sectors                         0x080151b7   Thumb Code   386  ftl.o(.text)
    ftl_search_badblock                      0x08015339   Thumb Code   182  ftl.o(.text)
    nand_delay                               0x08015469   Thumb Code    18  nand.o(.text)
    nand_readstatus                          0x0801547b   Thumb Code    32  nand.o(.text)
    nand_wait_for_ready                      0x0801549b   Thumb Code    52  nand.o(.text)
    nand_modeset                             0x080154cf   Thumb Code    46  nand.o(.text)
    nand_readid                              0x080154fd   Thumb Code    86  nand.o(.text)
    nand_reset                               0x08015553   Thumb Code    24  nand.o(.text)
    nand_mpu_config                          0x0801556b   Thumb Code    78  nand.o(.text)
    nand_init                                0x080155b9   Thumb Code   204  nand.o(.text)
    HAL_NAND_MspInit                         0x08015685   Thumb Code   208  nand.o(.text)
    nand_waitrb                              0x08015755   Thumb Code    76  nand.o(.text)
    nand_ecc_get_oe                          0x080157a1   Thumb Code   128  nand.o(.text)
    nand_ecc_correction                      0x08015821   Thumb Code   152  nand.o(.text)
    nand_readpage                            0x080158b9   Thumb Code   582  nand.o(.text)
    nand_readpagecomp                        0x08015aff   Thumb Code   134  nand.o(.text)
    nand_writepage                           0x08015b85   Thumb Code   514  nand.o(.text)
    nand_write_pageconst                     0x08015d87   Thumb Code    98  nand.o(.text)
    nand_copypage_withoutwrite               0x08015de9   Thumb Code   186  nand.o(.text)
    nand_copypage_withwrite                  0x08015ea3   Thumb Code   512  nand.o(.text)
    nand_readspare                           0x080160a3   Thumb Code    74  nand.o(.text)
    nand_writespare                          0x080160ed   Thumb Code    58  nand.o(.text)
    nand_eraseblock                          0x08016127   Thumb Code    76  nand.o(.text)
    nand_erasechip                           0x08016173   Thumb Code    42  nand.o(.text)
    mpu_set_protection                       0x080161d5   Thumb Code    94  mpu.o(.text)
    mpu_memory_protection                    0x08016233   Thumb Code   106  mpu.o(.text)
    MemManage_Handler                        0x0801629d   Thumb Code   102  mpu.o(.text)
    norflash_write_enable                    0x0801633d   Thumb Code    16  norflash.o(.text)
    norflash_write_sr                        0x0801634d   Thumb Code    60  norflash.o(.text)
    norflash_read_sr                         0x08016389   Thumb Code    68  norflash.o(.text)
    norflash_read_id                         0x080163cd   Thumb Code    52  norflash.o(.text)
    norflash_init                            0x08016435   Thumb Code    92  norflash.o(.text)
    norflash_write_disable                   0x080164a5   Thumb Code    16  norflash.o(.text)
    norflash_read                            0x080164b5   Thumb Code    46  norflash.o(.text)
    norflash_erase_sector                    0x0801655b   Thumb Code    44  norflash.o(.text)
    norflash_write                           0x08016587   Thumb Code   180  norflash.o(.text)
    norflash_erase_chip                      0x0801663b   Thumb Code    28  norflash.o(.text)
    btim_timx_int_init                       0x0801666d   Thumb Code    34  btim.o(.text)
    HAL_TIM_Base_MspInit                     0x0801668f   Thumb Code    62  btim.o(.text)
    TIM6_DAC_IRQHandler                      0x080166cd   Thumb Code    10  btim.o(.text)
    HAL_TIM_PeriodElapsedCallback            0x080166d7   Thumb Code   102  btim.o(.text)
    usmart_sys_cmd_exe                       0x08016751   Thumb Code  1570  usmart.o(.text)
    usmart_init                              0x08016d73   Thumb Code    36  usmart.o(.text)
    usmart_cmd_rec                           0x08016d97   Thumb Code   170  usmart.o(.text)
    usmart_exe                               0x08016e41   Thumb Code   882  usmart.o(.text)
    usmart_scan                              0x080171b3   Thumb Code   106  usmart.o(.text)
    read_addr                                0x0801721d   Thumb Code     6  usmart.o(.text)
    write_addr                               0x08017223   Thumb Code     4  usmart.o(.text)
    usmart_get_input_string                  0x08017299   Thumb Code    30  usmart_port.o(.text)
    usmart_timx_reset_time                   0x080172b7   Thumb Code    44  usmart_port.o(.text)
    usmart_timx_get_time                     0x080172e3   Thumb Code    58  usmart_port.o(.text)
    usmart_timx_init                         0x0801731d   Thumb Code    84  usmart_port.o(.text)
    TIM4_IRQHandler                          0x08017371   Thumb Code    58  usmart_port.o(.text)
    usmart_strcmp                            0x080173c5   Thumb Code    34  usmart_str.o(.text)
    usmart_strcopy                           0x080173e7   Thumb Code    22  usmart_str.o(.text)
    usmart_strlen                            0x080173fd   Thumb Code    24  usmart_str.o(.text)
    usmart_pow                               0x08017415   Thumb Code    22  usmart_str.o(.text)
    usmart_str2num                           0x0801742b   Thumb Code   262  usmart_str.o(.text)
    usmart_get_cmdname                       0x08017531   Thumb Code    54  usmart_str.o(.text)
    usmart_search_nextc                      0x08017567   Thumb Code    22  usmart_str.o(.text)
    usmart_get_fname                         0x0801757d   Thumb Code   440  usmart_str.o(.text)
    usmart_get_aparm                         0x08017735   Thumb Code   212  usmart_str.o(.text)
    usmart_get_parmpos                       0x08017809   Thumb Code    26  usmart_str.o(.text)
    usmart_get_fparam                        0x08017823   Thumb Code   262  usmart_str.o(.text)
    my_mem_copy                              0x08017935   Thumb Code    26  malloc.o(.text)
    my_mem_set                               0x0801794f   Thumb Code    20  malloc.o(.text)
    my_mem_init                              0x08017963   Thumb Code    34  malloc.o(.text)
    my_mem_perused                           0x08017985   Thumb Code    56  malloc.o(.text)
    my_mem_malloc                            0x080179bd   Thumb Code   154  malloc.o(.text)
    my_mem_free                              0x08017a57   Thumb Code    94  malloc.o(.text)
    myfree                                   0x08017ab5   Thumb Code    32  malloc.o(.text)
    mymalloc                                 0x08017ad5   Thumb Code    36  malloc.o(.text)
    myrealloc                                0x08017af9   Thumb Code    68  malloc.o(.text)
    disk_status                              0x08017b4d   Thumb Code     6  diskio.o(.text)
    disk_initialize                          0x08017b53   Thumb Code    56  diskio.o(.text)
    disk_read                                0x08017b8b   Thumb Code   148  diskio.o(.text)
    disk_write                               0x08017c1f   Thumb Code   148  diskio.o(.text)
    disk_ioctl                               0x08017cb3   Thumb Code   214  diskio.o(.text)
    exfuns_init                              0x08017d91   Thumb Code    64  exfuns.o(.text)
    exfuns_char_upper                        0x08017dd1   Thumb Code    26  exfuns.o(.text)
    exfuns_file_type                         0x08017deb   Thumb Code   186  exfuns.o(.text)
    exfuns_get_free                          0x08017ea5   Thumb Code    74  exfuns.o(.text)
    exfuns_file_copy                         0x08017eef   Thumb Code   396  exfuns.o(.text)
    exfuns_get_src_dname                     0x0801807b   Thumb Code    46  exfuns.o(.text)
    exfuns_get_folder_size                   0x080180a9   Thumb Code   240  exfuns.o(.text)
    exfuns_folder_copy                       0x08018199   Thumb Code   482  exfuns.o(.text)
    dir_sdi                                  0x08018f65   Thumb Code   170  ff.o(.text)
    f_mount                                  0x0801a8b9   Thumb Code    80  ff.o(.text)
    f_open                                   0x0801a909   Thumb Code   786  ff.o(.text)
    f_read                                   0x0801ac1b   Thumb Code   570  ff.o(.text)
    f_write                                  0x0801ae55   Thumb Code   644  ff.o(.text)
    f_sync                                   0x0801b0d9   Thumb Code   424  ff.o(.text)
    f_close                                  0x0801b281   Thumb Code    38  ff.o(.text)
    f_lseek                                  0x0801b2a7   Thumb Code  1134  ff.o(.text)
    f_opendir                                0x0801b715   Thumb Code   184  ff.o(.text)
    f_closedir                               0x0801b7cd   Thumb Code    24  ff.o(.text)
    f_readdir                                0x0801b7e5   Thumb Code   112  ff.o(.text)
    f_stat                                   0x0801b855   Thumb Code    96  ff.o(.text)
    f_getfree                                0x0801b8b5   Thumb Code   348  ff.o(.text)
    f_truncate                               0x0801ba11   Thumb Code   214  ff.o(.text)
    f_unlink                                 0x0801bae7   Thumb Code   252  ff.o(.text)
    f_mkdir                                  0x0801bbe3   Thumb Code   418  ff.o(.text)
    f_rename                                 0x0801bd85   Thumb Code   516  ff.o(.text)
    f_getlabel                               0x0801bf89   Thumb Code   316  ff.o(.text)
    f_setlabel                               0x0801c0c5   Thumb Code   486  ff.o(.text)
    f_mkfs                                   0x0801c405   Thumb Code  3572  ff.o(.text)
    f_gets                                   0x0801d1f9   Thumb Code    80  ff.o(.text)
    f_putc                                   0x0801d2cb   Thumb Code    34  ff.o(.text)
    f_puts                                   0x0801d2ed   Thumb Code    44  ff.o(.text)
    f_printf                                 0x0801d319   Thumb Code   698  ff.o(.text)
    mf_free                                  0x0801d5d5   Thumb Code    26  fattester.o(.text)
    mf_init                                  0x0801d5ef   Thumb Code    58  fattester.o(.text)
    mf_mount                                 0x0801d629   Thumb Code    20  fattester.o(.text)
    mf_open                                  0x0801d63d   Thumb Code    24  fattester.o(.text)
    mf_close                                 0x0801d655   Thumb Code    14  fattester.o(.text)
    mf_read                                  0x0801d663   Thumb Code   224  fattester.o(.text)
    mf_write                                 0x0801d743   Thumb Code    70  fattester.o(.text)
    mf_opendir                               0x0801d789   Thumb Code    14  fattester.o(.text)
    mf_closedir                              0x0801d797   Thumb Code    10  fattester.o(.text)
    mf_readdir                               0x0801d7a1   Thumb Code   194  fattester.o(.text)
    mf_scan_files                            0x0801d863   Thumb Code    74  fattester.o(.text)
    mf_showfree                              0x0801d8ad   Thumb Code    88  fattester.o(.text)
    mf_lseek                                 0x0801d905   Thumb Code    18  fattester.o(.text)
    mf_tell                                  0x0801d917   Thumb Code     8  fattester.o(.text)
    mf_size                                  0x0801d91f   Thumb Code     8  fattester.o(.text)
    mf_mkdir                                 0x0801d927   Thumb Code    12  fattester.o(.text)
    mf_fmkfs                                 0x0801d933   Thumb Code    40  fattester.o(.text)
    mf_unlink                                0x0801d95b   Thumb Code    12  fattester.o(.text)
    mf_rename                                0x0801d967   Thumb Code    16  fattester.o(.text)
    mf_getlabel                              0x0801d977   Thumb Code   882  fattester.o(.text)
    mf_setlabel                              0x0801dce9   Thumb Code    34  fattester.o(.text)
    mf_gets                                  0x0801dd0b   Thumb Code    38  fattester.o(.text)
    mf_putc                                  0x0801dd31   Thumb Code    18  fattester.o(.text)
    mf_puts                                  0x0801dd43   Thumb Code    18  fattester.o(.text)
    get_fattime                              0x0801ddad   Thumb Code     4  ffsystem.o(.text)
    ff_memalloc                              0x0801ddb1   Thumb Code    14  ffsystem.o(.text)
    ff_memfree                               0x0801ddbf   Thumb Code    14  ffsystem.o(.text)
    ff_uni2oem                               0x0801ddcd   Thumb Code   112  ffunicode.o(.text)
    ff_oem2uni                               0x0801de3d   Thumb Code   100  ffunicode.o(.text)
    ff_wtoupper                              0x0801dea1   Thumb Code   166  ffunicode.o(.text)
    fonts_update_font                        0x0801e16b   Thumb Code   478  fonts.o(.text)
    fonts_init                               0x0801e349   Thumb Code   104  fonts.o(.text)
    stdbmp_decode                            0x0801e3b5   Thumb Code   738  bmp.o(.text)
    minibmp_decode                           0x0801e697   Thumb Code   984  bmp.o(.text)
    bmp_encode                               0x0801ea6f   Thumb Code   500  bmp.o(.text)
    gif_getinfo                              0x0801ed19   Thumb Code    70  gif.o(.text)
    gif_quit                                 0x0801f9cd   Thumb Code     8  gif.o(.text)
    gif_decode                               0x0801f9d5   Thumb Code   296  gif.o(.text)
    piclib_draw_hline                        0x0801fb01   Thumb Code    52  piclib.o(.text)
    piclib_init                              0x0801fbb5   Thumb Code    58  piclib.o(.text)
    piclib_alpha_blend                       0x0801fbef   Thumb Code    42  piclib.o(.text)
    piclib_ai_draw_init                      0x0801fc19   Thumb Code   216  piclib.o(.text)
    piclib_ai_load_picfile                   0x0801fcf1   Thumb Code   194  piclib.o(.text)
    piclib_mem_malloc                        0x0801fdb3   Thumb Code    14  piclib.o(.text)
    piclib_mem_free                          0x0801fdc1   Thumb Code    14  piclib.o(.text)
    jd_prepare                               0x08020bbd   Thumb Code   862  tjpgd.o(.text)
    jd_decomp                                0x08020f1b   Thumb Code   162  tjpgd.o(.text)
    jpg_get_size                             0x0802115f   Thumb Code    94  tjpgd.o(.text)
    jpg_decode                               0x080211bd   Thumb Code   232  tjpgd.o(.text)
    transx                                   0x080212c5   Thumb Code    14  snake.o(.text)
    transy                                   0x080212d3   Thumb Code    14  snake.o(.text)
    Snake_Init                               0x080212e1   Thumb Code   162  snake.o(.text)
    CheckDie                                 0x08021383   Thumb Code    42  snake.o(.text)
    Snake_Run                                0x080213ad   Thumb Code   336  snake.o(.text)
    Refresh_Snake                            0x080214fd   Thumb Code   710  snake.o(.text)
    Sanke_Up                                 0x080217c3   Thumb Code    86  snake.o(.text)
    Sanke_Down                               0x08021819   Thumb Code    74  snake.o(.text)
    Sanke_Left                               0x08021863   Thumb Code    74  snake.o(.text)
    Sanke_Right                              0x080218ad   Thumb Code    74  snake.o(.text)
    Task_Add                                 0x08021915   Thumb Code    82  task.o(.text)
    Home                                     0x08021967   Thumb Code    56  task.o(.text)
    Check_Key0                               0x0802199f   Thumb Code   108  task.o(.text)
    Display                                  0x08021a0b   Thumb Code    42  task.o(.text)
    Check_Key1                               0x08021a35   Thumb Code    98  task.o(.text)
    Check_Key2                               0x08021a97   Thumb Code   112  task.o(.text)
    Check_Key3                               0x08021b07   Thumb Code   120  task.o(.text)
    Led0                                     0x08021b7f   Thumb Code    16  task.o(.text)
    Led1                                     0x08021b8f   Thumb Code     2  task.o(.text)
    Task_Init                                0x08021b91   Thumb Code    88  task.o(.text)
    Draw_Block                               0x08021c25   Thumb Code   292  tetris.o(.text)
    Remove_Block                             0x08021d49   Thumb Code    62  tetris.o(.text)
    Draw_Block_Upcoming                      0x08021d87   Thumb Code   364  tetris.o(.text)
    Update                                   0x08021ef3   Thumb Code    90  tetris.o(.text)
    ReMove                                   0x08021f4d   Thumb Code    90  tetris.o(.text)
    Tetris_Init                              0x08021fa7   Thumb Code   726  tetris.o(.text)
    Check                                    0x0802227d   Thumb Code   112  tetris.o(.text)
    Tetris_Refresh                           0x080222ed   Thumb Code   188  tetris.o(.text)
    New_Block                                0x080223a9   Thumb Code   188  tetris.o(.text)
    Tetris_Up                                0x08022465   Thumb Code   184  tetris.o(.text)
    Tetris_Down                              0x0802251d   Thumb Code   412  tetris.o(.text)
    Tetris_Right                             0x080226b9   Thumb Code   144  tetris.o(.text)
    Tetris_Left                              0x08022749   Thumb Code    96  tetris.o(.text)
    pic_get_tnum                             0x080227ad   Thumb Code    94  mypic.o(.text)
    MyPic_Init                               0x0802280b   Thumb Code   410  mypic.o(.text)
    StartPic                                 0x080229a5   Thumb Code     8  mypic.o(.text)
    ShowPic                                  0x080229ad   Thumb Code    38  mypic.o(.text)
    StopPic                                  0x080229d3   Thumb Code    34  mypic.o(.text)
    __use_no_semihosting                     0x08022a89   Thumb Code     2  use_no_semi_2.o(.text)
    __aeabi_uldivmod                         0x08022a8b   Thumb Code     0  lludivv7m.o(.text)
    _ll_udiv                                 0x08022a8b   Thumb Code   238  lludivv7m.o(.text)
    __2printf                                0x08022b79   Thumb Code    20  noretval__2printf.o(.text)
    __2sprintf                               0x08022b91   Thumb Code    34  noretval__2sprintf.o(.text)
    _printf_pre_padding                      0x08022bb9   Thumb Code    44  _printf_pad.o(.text)
    _printf_post_padding                     0x08022be5   Thumb Code    34  _printf_pad.o(.text)
    _printf_str                              0x08022c07   Thumb Code    82  _printf_str.o(.text)
    _printf_int_dec                          0x08022c59   Thumb Code   104  _printf_dec.o(.text)
    _printf_longlong_dec                     0x08022cd1   Thumb Code   108  _printf_longlong_dec.o(.text)
    _printf_int_hex                          0x08022d4d   Thumb Code    84  _printf_hex_int.o(.text)
    _printf_longlong_hex                     0x08022d4d   Thumb Code     0  _printf_hex_int.o(.text)
    __printf                                 0x08022da5   Thumb Code   388  __printf_flags_ss_wp.o(.text)
    srand                                    0x08022f2d   Thumb Code    42  rand.o(.text)
    _rand_init                               0x08022f57   Thumb Code     4  rand.o(.text)
    strchr                                   0x08022f69   Thumb Code    20  strchr.o(.text)
    memcmp                                   0x08022f7d   Thumb Code    88  memcmp.o(.text)
    strcpy                                   0x08022fd5   Thumb Code    72  strcpy.o(.text)
    strlen                                   0x0802301d   Thumb Code    62  strlen.o(.text)
    strcat                                   0x0802305b   Thumb Code    24  strcat.o(.text)
    __aeabi_memcpy                           0x08023073   Thumb Code     0  rt_memcpy_v6.o(.text)
    __rt_memcpy                              0x08023073   Thumb Code   138  rt_memcpy_v6.o(.text)
    _memcpy_lastbytes                        0x080230d9   Thumb Code     0  rt_memcpy_v6.o(.text)
    __aeabi_memcpy4                          0x080230fd   Thumb Code     0  rt_memcpy_w.o(.text)
    __aeabi_memcpy8                          0x080230fd   Thumb Code     0  rt_memcpy_w.o(.text)
    __rt_memcpy_w                            0x080230fd   Thumb Code   100  rt_memcpy_w.o(.text)
    _memcpy_lastbytes_aligned                0x08023145   Thumb Code     0  rt_memcpy_w.o(.text)
    __aeabi_memset                           0x08023161   Thumb Code    16  aeabi_memset.o(.text)
    __aeabi_memclr                           0x08023171   Thumb Code     0  rt_memclr.o(.text)
    __rt_memclr                              0x08023171   Thumb Code    68  rt_memclr.o(.text)
    _memset                                  0x08023175   Thumb Code     0  rt_memclr.o(.text)
    __aeabi_memclr4                          0x080231b5   Thumb Code     0  rt_memclr_w.o(.text)
    __aeabi_memclr8                          0x080231b5   Thumb Code     0  rt_memclr_w.o(.text)
    __rt_memclr_w                            0x080231b5   Thumb Code    78  rt_memclr_w.o(.text)
    _memset_w                                0x080231b9   Thumb Code     0  rt_memclr_w.o(.text)
    strcmp                                   0x08023205   Thumb Code   104  strcmpv7m_pel.o(.text)
    __use_two_region_memory                  0x0802326d   Thumb Code     2  heapauxi.o(.text)
    __rt_heap_escrow$2region                 0x0802326f   Thumb Code     2  heapauxi.o(.text)
    __rt_heap_expand$2region                 0x08023271   Thumb Code     2  heapauxi.o(.text)
    __semihosting$guard                      0x08023273   Thumb Code     0  use_no_semi.o(.text)
    __use_no_semihosting_swi                 0x08023273   Thumb Code     2  use_no_semi.o(.text)
    _ll_udiv10                               0x08023275   Thumb Code   138  lludiv10.o(.text)
    _printf_int_common                       0x080232ff   Thumb Code   178  _printf_intcommon.o(.text)
    _printf_char_common                      0x080233bb   Thumb Code    32  _printf_char_common.o(.text)
    _sputc                                   0x080233e1   Thumb Code    10  _sputc.o(.text)
    _printf_cs_common                        0x080233eb   Thumb Code    20  _printf_char.o(.text)
    _printf_char                             0x080233ff   Thumb Code    16  _printf_char.o(.text)
    _printf_string                           0x0802340f   Thumb Code     8  _printf_char.o(.text)
    _printf_char_file                        0x08023419   Thumb Code    32  _printf_char_file.o(.text)
    ferror                                   0x0802343d   Thumb Code     8  ferror.o(.text)
    __user_setup_stackheap                   0x08023445   Thumb Code    74  sys_stackheap_outer.o(.text)
    exit                                     0x0802348f   Thumb Code    18  exit.o(.text)
    __user_libspace                          0x080234a1   Thumb Code     8  libspace.o(.text)
    __user_perproc_libspace                  0x080234a1   Thumb Code     0  libspace.o(.text)
    __user_perthread_libspace                0x080234a1   Thumb Code     0  libspace.o(.text)
    _is_digit                                0x080234a9   Thumb Code    14  __printf_wp.o(i._is_digit)
    piclib_is_element_ok                     0x080234b9   Thumb Code    36  piclib.o(i.piclib_is_element_ok)
    _fp_init                                 0x080234e1   Thumb Code    10  fpinit.o(x$fpl$fpinit)
    __fplib_config_fpu_vfp                   0x080234e9   Thumb Code     0  fpinit.o(x$fpl$fpinit)
    __fplib_config_pureend_doubles           0x080234e9   Thumb Code     0  fpinit.o(x$fpl$fpinit)
    AHBPrescTable                            0x080234ea   Data          16  system_stm32f7xx.o(.constdata)
    APBPrescTable                            0x080234fa   Data           8  system_stm32f7xx.o(.constdata)
    asc2_1206                                0x0802350a   Data        1140  lcd.o(.constdata)
    asc2_1608                                0x0802397e   Data        1520  lcd.o(.constdata)
    asc2_2412                                0x08023f6e   Data        3420  lcd.o(.constdata)
    asc2_3216                                0x08024cca   Data        6080  lcd.o(.constdata)
    memtblsize                               0x0802648c   Data          12  malloc.o(.constdata)
    memblksize                               0x08026498   Data          12  malloc.o(.constdata)
    memsize                                  0x080264a4   Data          12  malloc.o(.constdata)
    FILE_TYPE_TBL                            0x080264b0   Data         196  exfuns.o(.constdata)
    FONT_GBK_PATH                            0x08051194   Data          20  fonts.o(.constdata)
    FONT_UPDATE_REMIND_TBL                   0x080511a8   Data          20  fonts.o(.constdata)
    _aMaskTbl                                0x080511bc   Data          32  gif.o(.constdata)
    _aInterlaceOffset                        0x080511dc   Data           4  gif.o(.constdata)
    _aInterlaceYPos                          0x080511e0   Data           4  gif.o(.constdata)
    Region$$Table$$Base                      0x08051d5c   Number         0  anon$$obj.o(Region$$Table)
    Region$$Table$$Limit                     0x08051d7c   Number         0  anon$$obj.o(Region$$Table)
    SystemCoreClock                          0x20020000   Data           4  system_stm32f7xx.o(.data)
    __stdout                                 0x20020008   Data           4  usart.o(.data)
    g_usart_rx_sta                           0x2002000c   Data           2  usart.o(.data)
    g_rx_buffer                              0x2002000e   Data           1  usart.o(.data)
    uwTick                                   0x20020010   Data           4  stm32f7xx_hal.o(.data)
    uwTickPrio                               0x20020014   Data           4  stm32f7xx_hal.o(.data)
    uwTickFreq                               0x20020018   Data           1  stm32f7xx_hal.o(.data)
    g_point_color                            0x2002001c   Data           4  lcd.o(.data)
    g_back_color                             0x20020020   Data           4  lcd.o(.data)
    g_ltdc_framebuf                          0x20020028   Data           8  ltdc.o(.data)
    g_norflash_type                          0x20020034   Data           2  norflash.o(.data)
    g_norflash_addrw                         0x20020036   Data           1  norflash.o(.data)
    sys_cmd_tab                              0x20020038   Data          28  usmart.o(.data)
    usmart_nametab                           0x20020054   Data         224  usmart_config.o(.data)
    usmart_dev                               0x20020134   Data         244  usmart_config.o(.data)
    mallco_dev                               0x20020228   Data          36  malloc.o(.data)
    g_gif_decoding                           0x20020254   Data           1  gif.o(.data)
    f_jpeg                                   0x20020258   Data           4  tjpgd.o(.data)
    jpeg_dev                                 0x2002025c   Data           4  tjpgd.o(.data)
    jpg_buffer                               0x20020260   Data           4  tjpgd.o(.data)
    TaskNum                                  0x2002027c   Data           1  task.o(.data)
    Key0Cnt                                  0x2002027e   Data           2  task.o(.data)
    Key1Cnt                                  0x20020280   Data           2  task.o(.data)
    Key2Cnt                                  0x20020282   Data           2  task.o(.data)
    Key3Cnt                                  0x20020284   Data           2  task.o(.data)
    GameNum                                  0x20020286   Data           1  task.o(.data)
    Choosen                                  0x20020287   Data           1  task.o(.data)
    pic1                                     0x20020288   Data          30  task.o(.data)
    pic2                                     0x200202a6   Data          30  task.o(.data)
    f                                        0x200202c4   Data           1  task.o(.data)
    res                                      0x200202d0   Data           1  mypic.o(.data)
    picfileinfo                              0x200202d4   Data           4  mypic.o(.data)
    pname                                    0x200202d8   Data           4  mypic.o(.data)
    totpicnum                                0x200202dc   Data           2  mypic.o(.data)
    curindex                                 0x200202de   Data           2  mypic.o(.data)
    key                                      0x200202e0   Data           1  mypic.o(.data)
    pause                                    0x200202e1   Data           1  mypic.o(.data)
    t                                        0x200202e2   Data           1  mypic.o(.data)
    temp                                     0x200202e4   Data           2  mypic.o(.data)
    picoffsettbl                             0x200202e8   Data           4  mypic.o(.data)
    g_usart_rx_buf                           0x200202ec   Data         200  usart.o(.bss)
    g_uart1_handle                           0x200203b4   Data         128  usart.o(.bss)
    g_sram_handle                            0x20020434   Data          76  lcd.o(.bss)
    lcddev                                   0x20020480   Data          14  lcd.o(.bss)
    g_sdram_handle                           0x20020490   Data          52  sdram.o(.bss)
    g_ltdc_handle                            0x200204c4   Data         168  ltdc.o(.bss)
    g_dma2d_handle                           0x2002056c   Data          88  ltdc.o(.bss)
    lcdltdc                                  0x200205c4   Data          32  ltdc.o(.bss)
    g_qspi_handle                            0x200205e4   Data          76  qspi.o(.bss)
    g_sd_handle                              0x20020630   Data         132  sdmmc_sdcard.o(.bss)
    g_sd_card_info_struct                    0x200206b4   Data          32  sdmmc_sdcard.o(.bss)
    g_nand_handle                            0x200206d4   Data          64  nand.o(.bss)
    nand_dev                                 0x20020714   Data          92  nand.o(.bss)
    g_norflash_buf                           0x20020770   Data        4096  norflash.o(.bss)
    g_timx_handle                            0x20021770   Data          64  btim.o(.bss)
    g_timx_usmart_handle                     0x200217b0   Data          64  usmart_port.o(.bss)
    fs                                       0x20079280   Data          12  exfuns.o(.bss)
    fattester                                0x20079298   Data         384  fattester.o(.bss)
    ftinfo                                   0x20079418   Data          41  fonts.o(.bss)
    picinfo                                  0x20079444   Data          40  piclib.o(.bss)
    pic_phy                                  0x2007946c   Data          20  piclib.o(.bss)
    myTask                                   0x20079a70   Data         240  task.o(.bss)
    _random_number_data                      0x20079ed0   Data         228  rand.o(.bss)
    __libspace_start                         0x20079fb4   Data          96  libspace.o(.bss)
    __temporary_stack_top$libspace           0x2007a014   Data           0  libspace.o(.bss)
    ltdc_lcd_framebuf                        0xc0000000   Data       2048000  ltdc.o(.ARM.__AT_0xC0000000)



==============================================================================

Memory Map of the image

  Image Entry point : 0x080001f9

  Load Region LR_IROM1 (Base: 0x08000000, Size: 0x00052068, Max: 0x00100000, ABSOLUTE, COMPRESSED[0x00051ec4])

    Execution Region ER_IROM1 (Exec base: 0x08000000, Load base: 0x08000000, Size: 0x00051d7c, Max: 0x00100000, ABSOLUTE)

    Exec Addr    Load Addr    Size         Type   Attr      Idx    E Section Name        Object

    0x08000000   0x08000000   0x000001f8   Data   RO            3    RESET               startup_stm32f767xx.o
    0x080001f8   0x080001f8   0x00000008   Code   RO         2335  * !!!main             c_w.l(__main.o)
    0x08000200   0x08000200   0x00000034   Code   RO         2517    !!!scatter          c_w.l(__scatter.o)
    0x08000234   0x08000234   0x0000005a   Code   RO         2515    !!dczerorl2         c_w.l(__dczerorl2.o)
    0x0800028e   0x0800028e   0x00000002   PAD
    0x08000290   0x08000290   0x0000001c   Code   RO         2519    !!handler_zi        c_w.l(__scatter_zi.o)
    0x080002ac   0x080002ac   0x00000000   Code   RO         2304    .ARM.Collect$$_printf_percent$$00000000  c_w.l(_printf_percent.o)
    0x080002ac   0x080002ac   0x0000000a   Code   RO         2357    .ARM.Collect$$_printf_percent$$00000007  c_w.l(_printf_ll.o)
    0x080002b6   0x080002b6   0x00000006   Code   RO         2302    .ARM.Collect$$_printf_percent$$00000009  c_w.l(_printf_d.o)
    0x080002bc   0x080002bc   0x00000006   Code   RO         2303    .ARM.Collect$$_printf_percent$$0000000A  c_w.l(_printf_u.o)
    0x080002c2   0x080002c2   0x00000006   Code   RO         2301    .ARM.Collect$$_printf_percent$$0000000C  c_w.l(_printf_x.o)
    0x080002c8   0x080002c8   0x00000006   Code   RO         2305    .ARM.Collect$$_printf_percent$$0000000E  c_w.l(_printf_lld.o)
    0x080002ce   0x080002ce   0x00000006   Code   RO         2299    .ARM.Collect$$_printf_percent$$00000013  c_w.l(_printf_c.o)
    0x080002d4   0x080002d4   0x00000006   Code   RO         2300    .ARM.Collect$$_printf_percent$$00000014  c_w.l(_printf_s.o)
    0x080002da   0x080002da   0x00000004   Code   RO         2356    .ARM.Collect$$_printf_percent$$00000017  c_w.l(_printf_percent_end.o)
    0x080002de   0x080002de   0x00000002   Code   RO         2447    .ARM.Collect$$libinit$$00000000  c_w.l(libinit.o)
    0x080002e0   0x080002e0   0x00000004   Code   RO         2358    .ARM.Collect$$libinit$$00000001  c_w.l(libinit2.o)
    0x080002e4   0x080002e4   0x00000000   Code   RO         2361    .ARM.Collect$$libinit$$00000004  c_w.l(libinit2.o)
    0x080002e4   0x080002e4   0x00000000   Code   RO         2364    .ARM.Collect$$libinit$$0000000A  c_w.l(libinit2.o)
    0x080002e4   0x080002e4   0x00000000   Code   RO         2366    .ARM.Collect$$libinit$$0000000C  c_w.l(libinit2.o)
    0x080002e4   0x080002e4   0x00000004   Code   RO         2367    .ARM.Collect$$libinit$$0000000D  c_w.l(libinit2.o)
    0x080002e8   0x080002e8   0x00000000   Code   RO         2368    .ARM.Collect$$libinit$$0000000E  c_w.l(libinit2.o)
    0x080002e8   0x080002e8   0x00000000   Code   RO         2371    .ARM.Collect$$libinit$$00000011  c_w.l(libinit2.o)
    0x080002e8   0x080002e8   0x00000000   Code   RO         2373    .ARM.Collect$$libinit$$00000013  c_w.l(libinit2.o)
    0x080002e8   0x080002e8   0x00000000   Code   RO         2375    .ARM.Collect$$libinit$$00000015  c_w.l(libinit2.o)
    0x080002e8   0x080002e8   0x00000000   Code   RO         2377    .ARM.Collect$$libinit$$00000017  c_w.l(libinit2.o)
    0x080002e8   0x080002e8   0x00000000   Code   RO         2379    .ARM.Collect$$libinit$$00000019  c_w.l(libinit2.o)
    0x080002e8   0x080002e8   0x00000000   Code   RO         2381    .ARM.Collect$$libinit$$0000001B  c_w.l(libinit2.o)
    0x080002e8   0x080002e8   0x00000000   Code   RO         2383    .ARM.Collect$$libinit$$0000001D  c_w.l(libinit2.o)
    0x080002e8   0x080002e8   0x00000000   Code   RO         2385    .ARM.Collect$$libinit$$0000001F  c_w.l(libinit2.o)
    0x080002e8   0x080002e8   0x00000000   Code   RO         2387    .ARM.Collect$$libinit$$00000021  c_w.l(libinit2.o)
    0x080002e8   0x080002e8   0x00000000   Code   RO         2389    .ARM.Collect$$libinit$$00000023  c_w.l(libinit2.o)
    0x080002e8   0x080002e8   0x00000000   Code   RO         2391    .ARM.Collect$$libinit$$00000025  c_w.l(libinit2.o)
    0x080002e8   0x080002e8   0x00000000   Code   RO         2395    .ARM.Collect$$libinit$$0000002C  c_w.l(libinit2.o)
    0x080002e8   0x080002e8   0x00000000   Code   RO         2397    .ARM.Collect$$libinit$$0000002E  c_w.l(libinit2.o)
    0x080002e8   0x080002e8   0x00000000   Code   RO         2399    .ARM.Collect$$libinit$$00000030  c_w.l(libinit2.o)
    0x080002e8   0x080002e8   0x00000000   Code   RO         2401    .ARM.Collect$$libinit$$00000032  c_w.l(libinit2.o)
    0x080002e8   0x080002e8   0x00000002   Code   RO         2402    .ARM.Collect$$libinit$$00000033  c_w.l(libinit2.o)
    0x080002ea   0x080002ea   0x00000002   Code   RO         2482    .ARM.Collect$$libshutdown$$00000000  c_w.l(libshutdown.o)
    0x080002ec   0x080002ec   0x00000000   Code   RO         2498    .ARM.Collect$$libshutdown$$00000002  c_w.l(libshutdown2.o)
    0x080002ec   0x080002ec   0x00000000   Code   RO         2500    .ARM.Collect$$libshutdown$$00000004  c_w.l(libshutdown2.o)
    0x080002ec   0x080002ec   0x00000000   Code   RO         2503    .ARM.Collect$$libshutdown$$00000007  c_w.l(libshutdown2.o)
    0x080002ec   0x080002ec   0x00000000   Code   RO         2506    .ARM.Collect$$libshutdown$$0000000A  c_w.l(libshutdown2.o)
    0x080002ec   0x080002ec   0x00000000   Code   RO         2508    .ARM.Collect$$libshutdown$$0000000C  c_w.l(libshutdown2.o)
    0x080002ec   0x080002ec   0x00000000   Code   RO         2511    .ARM.Collect$$libshutdown$$0000000F  c_w.l(libshutdown2.o)
    0x080002ec   0x080002ec   0x00000002   Code   RO         2512    .ARM.Collect$$libshutdown$$00000010  c_w.l(libshutdown2.o)
    0x080002ee   0x080002ee   0x00000000   Code   RO         2339    .ARM.Collect$$rtentry$$00000000  c_w.l(__rtentry.o)
    0x080002ee   0x080002ee   0x00000000   Code   RO         2404    .ARM.Collect$$rtentry$$00000002  c_w.l(__rtentry2.o)
    0x080002ee   0x080002ee   0x00000006   Code   RO         2416    .ARM.Collect$$rtentry$$00000004  c_w.l(__rtentry4.o)
    0x080002f4   0x080002f4   0x00000000   Code   RO         2406    .ARM.Collect$$rtentry$$00000009  c_w.l(__rtentry2.o)
    0x080002f4   0x080002f4   0x00000004   Code   RO         2407    .ARM.Collect$$rtentry$$0000000A  c_w.l(__rtentry2.o)
    0x080002f8   0x080002f8   0x00000000   Code   RO         2409    .ARM.Collect$$rtentry$$0000000C  c_w.l(__rtentry2.o)
    0x080002f8   0x080002f8   0x00000008   Code   RO         2410    .ARM.Collect$$rtentry$$0000000D  c_w.l(__rtentry2.o)
    0x08000300   0x08000300   0x00000002   Code   RO         2451    .ARM.Collect$$rtexit$$00000000  c_w.l(rtexit.o)
    0x08000302   0x08000302   0x00000000   Code   RO         2466    .ARM.Collect$$rtexit$$00000002  c_w.l(rtexit2.o)
    0x08000302   0x08000302   0x00000004   Code   RO         2467    .ARM.Collect$$rtexit$$00000003  c_w.l(rtexit2.o)
    0x08000306   0x08000306   0x00000006   Code   RO         2468    .ARM.Collect$$rtexit$$00000004  c_w.l(rtexit2.o)
    0x0800030c   0x0800030c   0x00000034   Code   RO         2306    .emb_text           c_w.l(rand.o)
    0x08000340   0x08000340   0x0000004c   Code   RO            4    .text               startup_stm32f767xx.o
    0x0800038c   0x0800038c   0x000000ac   Code   RO           13    .text               main.o
    0x08000438   0x08000438   0x0000001c   Code   RO          379    .text               stm32f7xx_it.o
    0x08000454   0x08000454   0x000000dc   Code   RO          409    .text               system_stm32f7xx.o
    0x08000530   0x08000530   0x0000006c   Code   RO          440    .text               delay.o
    0x0800059c   0x0800059c   0x00000218   Code   RO          466    .text               sys.o
    0x080007b4   0x080007b4   0x000001b0   Code   RO          497    .text               usart.o
    0x08000964   0x08000964   0x00000250   Code   RO          532    .text               stm32f7xx_hal.o
    0x08000bb4   0x08000bb4   0x000003d0   Code   RO          562    .text               stm32f7xx_hal_cortex.o
    0x08000f84   0x08000f84   0x000008b8   Code   RO          590    .text               stm32f7xx_hal_dma.o
    0x0800183c   0x0800183c   0x000003e0   Code   RO          639    .text               stm32f7xx_hal_gpio.o
    0x08001c1c   0x08001c1c   0x0000037c   Code   RO          687    .text               stm32f7xx_hal_pwr_ex.o
    0x08001f98   0x08001f98   0x00000b4c   Code   RO          711    .text               stm32f7xx_hal_rcc.o
    0x08002ae4   0x08002ae4   0x00000ca4   Code   RO          735    .text               stm32f7xx_hal_rcc_ex.o
    0x08003788   0x08003788   0x000018fa   Code   RO          759    .text               stm32f7xx_hal_uart.o
    0x08005082   0x08005082   0x00000002   PAD
    0x08005084   0x08005084   0x00000380   Code   RO          831    .text               stm32f7xx_hal_sram.o
    0x08005404   0x08005404   0x00000430   Code   RO          855    .text               stm32f7xx_ll_fmc.o
    0x08005834   0x08005834   0x00002da4   Code   RO          879    .text               stm32f7xx_hal_tim.o
    0x080085d8   0x080085d8   0x00001044   Code   RO          903    .text               stm32f7xx_hal_tim_ex.o
    0x0800961c   0x0800961c   0x00000438   Code   RO          927    .text               stm32f7xx_hal_sdram.o
    0x08009a54   0x08009a54   0x00000f18   Code   RO          951    .text               stm32f7xx_hal_ltdc.o
    0x0800a96c   0x0800a96c   0x00001a70   Code   RO         1017    .text               stm32f7xx_hal_nand.o
    0x0800c3dc   0x0800c3dc   0x00000a06   Code   RO         1041    .text               stm32f7xx_ll_sdmmc.o
    0x0800cde2   0x0800cde2   0x00000002   PAD
    0x0800cde4   0x0800cde4   0x00001a04   Code   RO         1065    .text               stm32f7xx_hal_sd.o
    0x0800e7e8   0x0800e7e8   0x000011d8   Code   RO         1183    .text               stm32f7xx_hal_qspi.o
    0x0800f9c0   0x0800f9c0   0x0000008c   Code   RO         1207    .text               led.o
    0x0800fa4c   0x0800fa4c   0x00003d50   Code   RO         1231    .text               lcd.o
    0x0801379c   0x0801379c   0x00000240   Code   RO         1283    .text               sdram.o
    0x080139dc   0x080139dc   0x000001b4   Code   RO         1313    .text               key.o
    0x08013b90   0x08013b90   0x00000988   Code   RO         1338    .text               ltdc.o
    0x08014518   0x08014518   0x000002b0   Code   RO         1370    .text               qspi.o
    0x080147c8   0x080147c8   0x00000268   Code   RO         1400    .text               sdmmc_sdcard.o
    0x08014a30   0x08014a30   0x000009c4   Code   RO         1430    .text               ftl.o
    0x080153f4   0x080153f4   0x00000de0   Code   RO         1462    .text               nand.o
    0x080161d4   0x080161d4   0x00000168   Code   RO         1530    .text               mpu.o
    0x0801633c   0x0801633c   0x00000330   Code   RO         1562    .text               norflash.o
    0x0801666c   0x0801666c   0x000000e4   Code   RO         1593    .text               btim.o
    0x08016750   0x08016750   0x00000b48   Code   RO         1621    .text               usmart.o
    0x08017298   0x08017298   0x0000012c   Code   RO         1687    .text               usmart_port.o
    0x080173c4   0x080173c4   0x00000570   Code   RO         1714    .text               usmart_str.o
    0x08017934   0x08017934   0x00000218   Code   RO         1738    .text               malloc.o
    0x08017b4c   0x08017b4c   0x00000244   Code   RO         1774    .text               diskio.o
    0x08017d90   0x08017d90   0x000005ea   Code   RO         1804    .text               exfuns.o
    0x0801837a   0x0801837a   0x00000002   PAD
    0x0801837c   0x0801837c   0x00005256   Code   RO         1834    .text               ff.o
    0x0801d5d2   0x0801d5d2   0x00000002   PAD
    0x0801d5d4   0x0801d5d4   0x000007d8   Code   RO         1856    .text               fattester.o
    0x0801ddac   0x0801ddac   0x00000020   Code   RO         1887    .text               ffsystem.o
    0x0801ddcc   0x0801ddcc   0x0000018c   Code   RO         1908    .text               ffunicode.o
    0x0801df58   0x0801df58   0x0000045c   Code   RO         1925    .text               fonts.o
    0x0801e3b4   0x0801e3b4   0x000008ae   Code   RO         1988    .text               bmp.o
    0x0801ec62   0x0801ec62   0x00000002   PAD
    0x0801ec64   0x0801ec64   0x00000e9c   Code   RO         2013    .text               gif.o
    0x0801fb00   0x0801fb00   0x00000300   Code   RO         2041    .text               piclib.o
    0x0801fe00   0x0801fe00   0x000014c4   Code   RO         2084    .text               tjpgd.o
    0x080212c4   0x080212c4   0x00000650   Code   RO         2121    .text               snake.o
    0x08021914   0x08021914   0x00000310   Code   RO         2149    .text               task.o
    0x08021c24   0x08021c24   0x00000b88   Code   RO         2181    .text               tetris.o
    0x080227ac   0x080227ac   0x000002dc   Code   RO         2209    .text               mypic.o
    0x08022a88   0x08022a88   0x00000002   Code   RO         2236    .text               c_w.l(use_no_semi_2.o)
    0x08022a8a   0x08022a8a   0x000000ee   Code   RO         2238    .text               c_w.l(lludivv7m.o)
    0x08022b78   0x08022b78   0x00000018   Code   RO         2244    .text               c_w.l(noretval__2printf.o)
    0x08022b90   0x08022b90   0x00000028   Code   RO         2246    .text               c_w.l(noretval__2sprintf.o)
    0x08022bb8   0x08022bb8   0x0000004e   Code   RO         2250    .text               c_w.l(_printf_pad.o)
    0x08022c06   0x08022c06   0x00000052   Code   RO         2252    .text               c_w.l(_printf_str.o)
    0x08022c58   0x08022c58   0x00000078   Code   RO         2254    .text               c_w.l(_printf_dec.o)
    0x08022cd0   0x08022cd0   0x0000007c   Code   RO         2256    .text               c_w.l(_printf_longlong_dec.o)
    0x08022d4c   0x08022d4c   0x00000058   Code   RO         2261    .text               c_w.l(_printf_hex_int.o)
    0x08022da4   0x08022da4   0x00000188   Code   RO         2296    .text               c_w.l(__printf_flags_ss_wp.o)
    0x08022f2c   0x08022f2c   0x0000003c   Code   RO         2307    .text               c_w.l(rand.o)
    0x08022f68   0x08022f68   0x00000014   Code   RO         2311    .text               c_w.l(strchr.o)
    0x08022f7c   0x08022f7c   0x00000058   Code   RO         2313    .text               c_w.l(memcmp.o)
    0x08022fd4   0x08022fd4   0x00000048   Code   RO         2315    .text               c_w.l(strcpy.o)
    0x0802301c   0x0802301c   0x0000003e   Code   RO         2317    .text               c_w.l(strlen.o)
    0x0802305a   0x0802305a   0x00000018   Code   RO         2319    .text               c_w.l(strcat.o)
    0x08023072   0x08023072   0x0000008a   Code   RO         2321    .text               c_w.l(rt_memcpy_v6.o)
    0x080230fc   0x080230fc   0x00000064   Code   RO         2323    .text               c_w.l(rt_memcpy_w.o)
    0x08023160   0x08023160   0x00000010   Code   RO         2325    .text               c_w.l(aeabi_memset.o)
    0x08023170   0x08023170   0x00000044   Code   RO         2327    .text               c_w.l(rt_memclr.o)
    0x080231b4   0x080231b4   0x0000004e   Code   RO         2329    .text               c_w.l(rt_memclr_w.o)
    0x08023202   0x08023202   0x00000002   PAD
    0x08023204   0x08023204   0x00000068   Code   RO         2331    .text               c_w.l(strcmpv7m_pel.o)
    0x0802326c   0x0802326c   0x00000006   Code   RO         2333    .text               c_w.l(heapauxi.o)
    0x08023272   0x08023272   0x00000002   Code   RO         2337    .text               c_w.l(use_no_semi.o)
    0x08023274   0x08023274   0x0000008a   Code   RO         2344    .text               c_w.l(lludiv10.o)
    0x080232fe   0x080232fe   0x000000b2   Code   RO         2346    .text               c_w.l(_printf_intcommon.o)
    0x080233b0   0x080233b0   0x00000030   Code   RO         2348    .text               c_w.l(_printf_char_common.o)
    0x080233e0   0x080233e0   0x0000000a   Code   RO         2350    .text               c_w.l(_sputc.o)
    0x080233ea   0x080233ea   0x0000002c   Code   RO         2352    .text               c_w.l(_printf_char.o)
    0x08023416   0x08023416   0x00000002   PAD
    0x08023418   0x08023418   0x00000024   Code   RO         2354    .text               c_w.l(_printf_char_file.o)
    0x0802343c   0x0802343c   0x00000008   Code   RO         2422    .text               c_w.l(ferror.o)
    0x08023444   0x08023444   0x0000004a   Code   RO         2430    .text               c_w.l(sys_stackheap_outer.o)
    0x0802348e   0x0802348e   0x00000012   Code   RO         2432    .text               c_w.l(exit.o)
    0x080234a0   0x080234a0   0x00000008   Code   RO         2448    .text               c_w.l(libspace.o)
    0x080234a8   0x080234a8   0x0000000e   Code   RO         2289    i._is_digit         c_w.l(__printf_wp.o)
    0x080234b6   0x080234b6   0x00000002   PAD
    0x080234b8   0x080234b8   0x00000028   Code   RO         2062    i.piclib_is_element_ok  piclib.o
    0x080234e0   0x080234e0   0x0000000a   Code   RO         2428    x$fpl$fpinit        fz_wv.l(fpinit.o)
    0x080234ea   0x080234ea   0x00000018   Data   RO          410    .constdata          system_stm32f7xx.o
    0x08023502   0x08023502   0x00000008   Data   RO          591    .constdata          stm32f7xx_hal_dma.o
    0x0802350a   0x0802350a   0x00002f80   Data   RO         1233    .constdata          lcd.o
    0x0802648a   0x0802648a   0x00000002   PAD
    0x0802648c   0x0802648c   0x00000024   Data   RO         1744    .constdata          malloc.o
    0x080264b0   0x080264b0   0x000000c4   Data   RO         1806    .constdata          exfuns.o
    0x08026574   0x08026574   0x00000058   Data   RO         1836    .constdata          ff.o
    0x080265cc   0x080265cc   0x00000010   Data   RO         1858    .constdata          fattester.o
    0x080265dc   0x080265dc   0x0002abb6   Data   RO         1909    .constdata          ffunicode.o
    0x08051192   0x08051192   0x00000002   PAD
    0x08051194   0x08051194   0x00000028   Data   RO         1927    .constdata          fonts.o
    0x080511bc   0x080511bc   0x00000028   Data   RO         2014    .constdata          gif.o
    0x080511e4   0x080511e4   0x000004c0   Data   RO         2085    .constdata          tjpgd.o
    0x080516a4   0x080516a4   0x00000098   Data   RO         2183    .constdata          tetris.o
    0x0805173c   0x0805173c   0x00000028   Data   RO         2262    .constdata          c_w.l(_printf_hex_int.o)
    0x08051764   0x08051764   0x00000011   Data   RO         2297    .constdata          c_w.l(__printf_flags_ss_wp.o)
    0x08051775   0x08051775   0x00000003   PAD
    0x08051778   0x08051778   0x00000028   Data   RO         1622    .conststring        usmart.o
    0x080517a0   0x080517a0   0x0000048d   Data   RO         1652    .conststring        usmart_config.o
    0x08051c2d   0x08051c2d   0x00000003   PAD
    0x08051c30   0x08051c30   0x00000050   Data   RO         1807    .conststring        exfuns.o
    0x08051c80   0x08051c80   0x000000db   Data   RO         1928    .conststring        fonts.o
    0x08051d5b   0x08051d5b   0x00000001   PAD
    0x08051d5c   0x08051d5c   0x00000020   Data   RO         2513    Region$$Table       anon$$obj.o


    Execution Region RW_IRAM1 (Exec base: 0x20020000, Load base: 0x08051d7c, Size: 0x0005a818, Max: 0x00060000, ABSOLUTE, COMPRESSED[0x00000148])

    Exec Addr    Load Addr    Size         Type   Attr      Idx    E Section Name        Object

    0x20020000   COMPRESSED   0x00000004   Data   RW          411    .data               system_stm32f7xx.o
    0x20020004   COMPRESSED   0x00000004   Data   RW          441    .data               delay.o
    0x20020008   COMPRESSED   0x00000007   Data   RW          499    .data               usart.o
    0x2002000f   COMPRESSED   0x00000001   PAD
    0x20020010   COMPRESSED   0x00000009   Data   RW          533    .data               stm32f7xx_hal.o
    0x20020019   COMPRESSED   0x00000003   PAD
    0x2002001c   COMPRESSED   0x00000008   Data   RW         1234    .data               lcd.o
    0x20020024   COMPRESSED   0x00000001   Data   RW         1314    .data               key.o
    0x20020025   COMPRESSED   0x00000003   PAD
    0x20020028   COMPRESSED   0x00000008   Data   RW         1341    .data               ltdc.o
    0x20020030   COMPRESSED   0x00000004   Data   RW         1431    .data               ftl.o
    0x20020034   COMPRESSED   0x00000003   Data   RW         1564    .data               norflash.o
    0x20020037   COMPRESSED   0x00000001   PAD
    0x20020038   COMPRESSED   0x0000001c   Data   RW         1623    .data               usmart.o
    0x20020054   COMPRESSED   0x000001d4   Data   RW         1653    .data               usmart_config.o
    0x20020228   COMPRESSED   0x00000024   Data   RW         1745    .data               malloc.o
    0x2002024c   COMPRESSED   0x00000002   Data   RW         1837    .data               ff.o
    0x2002024e   COMPRESSED   0x00000002   PAD
    0x20020250   COMPRESSED   0x00000004   Data   RW         1989    .data               bmp.o
    0x20020254   COMPRESSED   0x00000001   Data   RW         2015    .data               gif.o
    0x20020255   COMPRESSED   0x00000003   PAD
    0x20020258   COMPRESSED   0x0000000c   Data   RW         2086    .data               tjpgd.o
    0x20020264   COMPRESSED   0x00000018   Data   RW         2123    .data               snake.o
    0x2002027c   COMPRESSED   0x00000049   Data   RW         2151    .data               task.o
    0x200202c5   COMPRESSED   0x00000003   PAD
    0x200202c8   COMPRESSED   0x00000008   Data   RW         2184    .data               tetris.o
    0x200202d0   COMPRESSED   0x0000001c   Data   RW         2211    .data               mypic.o
    0x200202ec        -       0x00000148   Zero   RW          498    .bss                usart.o
    0x20020434        -       0x0000005a   Zero   RW         1232    .bss                lcd.o
    0x2002048e   COMPRESSED   0x00000002   PAD
    0x20020490        -       0x00000034   Zero   RW         1284    .bss                sdram.o
    0x200204c4        -       0x00000120   Zero   RW         1340    .bss                ltdc.o
    0x200205e4        -       0x0000004c   Zero   RW         1371    .bss                qspi.o
    0x20020630        -       0x000000a4   Zero   RW         1401    .bss                sdmmc_sdcard.o
    0x200206d4        -       0x0000009c   Zero   RW         1463    .bss                nand.o
    0x20020770        -       0x00001000   Zero   RW         1563    .bss                norflash.o
    0x20021770        -       0x00000040   Zero   RW         1594    .bss                btim.o
    0x200217b0        -       0x00000040   Zero   RW         1688    .bss                usmart_port.o
    0x200217f0   COMPRESSED   0x00000010   PAD
    0x20021800        -       0x00057a80   Zero   RW         1743    .bss                malloc.o
    0x20079280        -       0x0000000c   Zero   RW         1805    .bss                exfuns.o
    0x2007928c        -       0x0000000c   Zero   RW         1835    .bss                ff.o
    0x20079298        -       0x00000180   Zero   RW         1857    .bss                fattester.o
    0x20079418        -       0x00000029   Zero   RW         1926    .bss                fonts.o
    0x20079441   COMPRESSED   0x00000003   PAD
    0x20079444        -       0x0000003c   Zero   RW         2042    .bss                piclib.o
    0x20079480        -       0x000005ee   Zero   RW         2122    .bss                snake.o
    0x20079a6e   COMPRESSED   0x00000002   PAD
    0x20079a70        -       0x000000f0   Zero   RW         2150    .bss                task.o
    0x20079b60        -       0x0000036e   Zero   RW         2182    .bss                tetris.o
    0x20079ece   COMPRESSED   0x00000002   PAD
    0x20079ed0        -       0x000000e4   Zero   RW         2308    .bss                c_w.l(rand.o)
    0x20079fb4        -       0x00000060   Zero   RW         2449    .bss                c_w.l(libspace.o)
    0x2007a014   COMPRESSED   0x00000004   PAD
    0x2007a018        -       0x00000000   Zero   RW            2    HEAP                startup_stm32f767xx.o
    0x2007a018        -       0x00000800   Zero   RW            1    STACK               startup_stm32f767xx.o



  Load Region LR$$.ARM.__AT_0x20000000 (Base: 0x20000000, Size: 0x00000000, Max: 0x0001e000, ABSOLUTE)

    Execution Region ER$$.ARM.__AT_0x20000000 (Exec base: 0x20000000, Load base: 0x20000000, Size: 0x0001e000, Max: 0x0001e000, ABSOLUTE, UNINIT)

    Exec Addr    Load Addr    Size         Type   Attr      Idx    E Section Name        Object

    0x20000000        -       0x0001e000   Zero   RW         1739    .ARM.__AT_0x20000000  malloc.o



  Load Region LR$$.ARM.__AT_0x2001E000 (Base: 0x2001e000, Size: 0x00000000, Max: 0x00001e00, ABSOLUTE)

    Execution Region ER$$.ARM.__AT_0x2001E000 (Exec base: 0x2001e000, Load base: 0x2001e000, Size: 0x00001e00, Max: 0x00001e00, ABSOLUTE, UNINIT)

    Exec Addr    Load Addr    Size         Type   Attr      Idx    E Section Name        Object

    0x2001e000        -       0x00001e00   Zero   RW         1740    .ARM.__AT_0x2001E000  malloc.o



  Load Region LR$$.ARM.__AT_0xC0000000 (Base: 0xc0000000, Size: 0x00000000, Max: 0x001f4000, ABSOLUTE)

    Execution Region ER$$.ARM.__AT_0xC0000000 (Exec base: 0xc0000000, Load base: 0xc0000000, Size: 0x001f4000, Max: 0x001f4000, ABSOLUTE, UNINIT)

    Exec Addr    Load Addr    Size         Type   Attr      Idx    E Section Name        Object

    0xc0000000        -       0x001f4000   Zero   RW         1339    .ARM.__AT_0xC0000000  ltdc.o



  Load Region LR$$.ARM.__AT_0xC01F4000 (Base: 0xc01f4000, Size: 0x00000000, Max: 0x01c3c000, ABSOLUTE)

    Execution Region ER$$.ARM.__AT_0xC01F4000 (Exec base: 0xc01f4000, Load base: 0xc01f4000, Size: 0x01c3c000, Max: 0x01c3c000, ABSOLUTE, UNINIT)

    Exec Addr    Load Addr    Size         Type   Attr      Idx    E Section Name        Object

    0xc01f4000        -       0x01c3c000   Zero   RW         1741    .ARM.__AT_0xC01F4000  malloc.o



  Load Region LR$$.ARM.__AT_0xC1E30000 (Base: 0xc1e30000, Size: 0x00000000, Max: 0x001c3c00, ABSOLUTE)

    Execution Region ER$$.ARM.__AT_0xC1E30000 (Exec base: 0xc1e30000, Load base: 0xc1e30000, Size: 0x001c3c00, Max: 0x001c3c00, ABSOLUTE, UNINIT)

    Exec Addr    Load Addr    Size         Type   Attr      Idx    E Section Name        Object

    0xc1e30000        -       0x001c3c00   Zero   RW         1742    .ARM.__AT_0xC1E30000  malloc.o


==============================================================================

Image component sizes


      Code (inc. data)   RO Data    RW Data    ZI Data      Debug   Object Name

      2222         24          0          4          0       5390   bmp.o
       228         20          0          0         64       2069   btim.o
       108          4          0          4          0       1453   delay.o
       580          8          0          0          0       4122   diskio.o
      1514         12        276          0         12       5820   exfuns.o
      2008        912         16          0        384       7044   fattester.o
     21078        194         88          2         12      62751   ff.o
        32          0          0          0          0        977   ffsystem.o
       396         28     175030          0          0       2372   ffunicode.o
      1116         54        259          0         41       4500   fonts.o
      2500        242          0          4          0       7647   ftl.o
      3740         22         40          1          0       8955   gif.o
       436         22          0          1          0       1444   key.o
     15696        140      12160          8         90      23788   lcd.o
       140          8          0          0          0        959   led.o
      2440         92          0          8    2048288       7964   ltdc.o
       172         14          0          0          0     945010   main.o
       536         16         36         36   31945856       5111   malloc.o
       360         58          0          0          0      36480   mpu.o
       732        148          0         28          0       2879   mypic.o
      3552        274          0          0        156      13938   nand.o
       816         22          0          3       4096       4510   norflash.o
       808         54          0          0         60       5711   piclib.o
       688         22          0          0         76       3209   qspi.o
       616         30          0          0        164       3199   sdmmc_sdcard.o
       576         34          0          0         52       3078   sdram.o
      1616         98          0         24       1518       4244   snake.o
        76         26        504          0       2048       1000   startup_stm32f767xx.o
       592         42          0          9          0      11200   stm32f7xx_hal.o
       976         20          0          0          0      41246   stm32f7xx_hal_cortex.o
      2232         26          8          0          0       7205   stm32f7xx_hal_dma.o
       992         52          0          0          0       3811   stm32f7xx_hal_gpio.o
      3864         18          0          0          0      14970   stm32f7xx_hal_ltdc.o
      6768          0          0          0          0      14992   stm32f7xx_hal_nand.o
       892         14          0          0          0       4395   stm32f7xx_hal_pwr_ex.o
      4568         38          0          0          0      14684   stm32f7xx_hal_qspi.o
      2892         74          0          0          0       5755   stm32f7xx_hal_rcc.o
      3236         40          0          0          0       4538   stm32f7xx_hal_rcc_ex.o
      6660         66          0          0          0      18565   stm32f7xx_hal_sd.o
      1080          8          0          0          0       8497   stm32f7xx_hal_sdram.o
       896          8          0          0          0       6456   stm32f7xx_hal_sram.o
     11684        254          0          0          0      35724   stm32f7xx_hal_tim.o
      4164         80          0          0          0      14620   stm32f7xx_hal_tim_ex.o
      6394        126          0          0          0      19579   stm32f7xx_hal_uart.o
        28          0          0          0          0       1284   stm32f7xx_it.o
      1072         16          0          0          0       7563   stm32f7xx_ll_fmc.o
      2566         20          0          0          0      15178   stm32f7xx_ll_sdmmc.o
       536         16          0          0          0      43274   sys.o
       220         26         24          4          0       1825   system_stm32f7xx.o
       784         60          0         73        240       3696   task.o
      2952         74        152          8        878       6258   tetris.o
      5316         82       1216         12          0      15156   tjpgd.o
       432         30          0          7        328       4384   usart.o
      2888       1294         40         28          0       3818   usmart.o
         0          0       1165        468          0       1708   usmart_config.o
       300         26          0          0         64       2146   usmart_port.o
      1392         12          0          0          0       5613   usmart_str.o

    ----------------------------------------------------------------------
    141168       5100     191054        748   34004452    1513764   Object Totals
         0          0         32          0          0          0   (incl. Generated)
        10          0          8         16         25          0   (incl. Padding)

    ----------------------------------------------------------------------

      Code (inc. data)   RO Data    RW Data    ZI Data      Debug   Library Member Name

        90          0          0          0          0          0   __dczerorl2.o
         8          0          0          0          0         68   __main.o
       392          4         17          0          0         92   __printf_flags_ss_wp.o
        14          0          0          0          0         68   __printf_wp.o
         0          0          0          0          0          0   __rtentry.o
        12          0          0          0          0          0   __rtentry2.o
         6          0          0          0          0          0   __rtentry4.o
        52          8          0          0          0          0   __scatter.o
        28          0          0          0          0          0   __scatter_zi.o
         6          0          0          0          0          0   _printf_c.o
        44          0          0          0          0        108   _printf_char.o
        48          6          0          0          0         96   _printf_char_common.o
        36          4          0          0          0         80   _printf_char_file.o
         6          0          0          0          0          0   _printf_d.o
       120         16          0          0          0         92   _printf_dec.o
        88          4         40          0          0         88   _printf_hex_int.o
       178          0          0          0          0         88   _printf_intcommon.o
        10          0          0          0          0          0   _printf_ll.o
         6          0          0          0          0          0   _printf_lld.o
       124         16          0          0          0         92   _printf_longlong_dec.o
        78          0          0          0          0        108   _printf_pad.o
         0          0          0          0          0          0   _printf_percent.o
         4          0          0          0          0          0   _printf_percent_end.o
         6          0          0          0          0          0   _printf_s.o
        82          0          0          0          0         80   _printf_str.o
         6          0          0          0          0          0   _printf_u.o
         6          0          0          0          0          0   _printf_x.o
        10          0          0          0          0         68   _sputc.o
        16          0          0          0          0         68   aeabi_memset.o
        18          0          0          0          0         80   exit.o
         8          0          0          0          0         68   ferror.o
         6          0          0          0          0        152   heapauxi.o
         2          0          0          0          0          0   libinit.o
        10          0          0          0          0          0   libinit2.o
         2          0          0          0          0          0   libshutdown.o
         2          0          0          0          0          0   libshutdown2.o
         8          4          0          0         96         68   libspace.o
       138          0          0          0          0         80   lludiv10.o
       238          0          0          0          0        100   lludivv7m.o
        88          0          0          0          0         76   memcmp.o
        24          4          0          0          0         84   noretval__2printf.o
        40          6          0          0          0         84   noretval__2sprintf.o
       112         18          0          0        228        160   rand.o
        68          0          0          0          0         68   rt_memclr.o
        78          0          0          0          0         80   rt_memclr_w.o
       138          0          0          0          0         68   rt_memcpy_v6.o
       100          0          0          0          0         80   rt_memcpy_w.o
         2          0          0          0          0          0   rtexit.o
        10          0          0          0          0          0   rtexit2.o
        24          0          0          0          0         68   strcat.o
        20          0          0          0          0         68   strchr.o
       104          0          0          0          0         68   strcmpv7m_pel.o
        72          0          0          0          0         80   strcpy.o
        62          0          0          0          0         76   strlen.o
        74          0          0          0          0         80   sys_stackheap_outer.o
         2          0          0          0          0         68   use_no_semi.o
         2          0          0          0          0         68   use_no_semi_2.o
        10          0          0          0          0        116   fpinit.o

    ----------------------------------------------------------------------
      2946         90         60          0        328       3136   Library Totals
         8          0          3          0          4          0   (incl. Padding)

    ----------------------------------------------------------------------

      Code (inc. data)   RO Data    RW Data    ZI Data      Debug   Library Name

      2928         90         57          0        324       3020   c_w.l
        10          0          0          0          0        116   fz_wv.l

    ----------------------------------------------------------------------
      2946         90         60          0        328       3136   Library Totals

    ----------------------------------------------------------------------

==============================================================================


      Code (inc. data)   RO Data    RW Data    ZI Data      Debug   

    144114       5190     191114        748   34004780    1501684   Grand Totals
    144114       5190     191114        328   34004780    1501684   ELF Image Totals (compressed)
    144114       5190     191114        328          0          0   ROM Totals

==============================================================================

    Total RO  Size (Code + RO Data)               335228 ( 327.37kB)
    Total RW  Size (RW Data + ZI Data)          34005528 (33208.52kB)
    Total ROM Size (Code + RO Data + RW Data)     335556 ( 327.69kB)

==============================================================================

