Component: ARM Compiler 5.06 update 5 (build 528) Tool: armlink [4d35e2]

==============================================================================

Section Cross References

    startup_stm32f767xx.o(STACK) refers (Special) to heapauxi.o(.text) for __use_two_region_memory
    startup_stm32f767xx.o(HEAP) refers (Special) to heapauxi.o(.text) for __use_two_region_memory
    startup_stm32f767xx.o(RESET) refers (Special) to heapauxi.o(.text) for __use_two_region_memory
    startup_stm32f767xx.o(RESET) refers to startup_stm32f767xx.o(STACK) for __initial_sp
    startup_stm32f767xx.o(RESET) refers to startup_stm32f767xx.o(.text) for Reset_Handler
    startup_stm32f767xx.o(RESET) refers to stm32f7xx_it.o(i.NMI_Handler) for NMI_Handler
    startup_stm32f767xx.o(RESET) refers to stm32f7xx_it.o(i.HardFault_Handler) for HardFault_Handler
    startup_stm32f767xx.o(RESET) refers to mpu.o(i.MemManage_Handler) for MemManage_Handler
    startup_stm32f767xx.o(RESET) refers to stm32f7xx_it.o(i.BusFault_Handler) for BusFault_Handler
    startup_stm32f767xx.o(RESET) refers to stm32f7xx_it.o(i.UsageFault_Handler) for UsageFault_Handler
    startup_stm32f767xx.o(RESET) refers to stm32f7xx_it.o(i.SVC_Handler) for SVC_Handler
    startup_stm32f767xx.o(RESET) refers to stm32f7xx_it.o(i.DebugMon_Handler) for DebugMon_Handler
    startup_stm32f767xx.o(RESET) refers to stm32f7xx_it.o(i.PendSV_Handler) for PendSV_Handler
    startup_stm32f767xx.o(RESET) refers to stm32f7xx_it.o(i.SysTick_Handler) for SysTick_Handler
    startup_stm32f767xx.o(RESET) refers to usart.o(i.USART1_IRQHandler) for USART1_IRQHandler
    startup_stm32f767xx.o(RESET) refers to btim.o(i.TIM6_DAC_IRQHandler) for TIM6_DAC_IRQHandler
    startup_stm32f767xx.o(.text) refers (Special) to heapauxi.o(.text) for __use_two_region_memory
    startup_stm32f767xx.o(.text) refers to system_stm32f7xx.o(i.SystemInit) for SystemInit
    startup_stm32f767xx.o(.text) refers to __main.o(!!!main) for __main
    startup_stm32f767xx.o(.text) refers to startup_stm32f767xx.o(HEAP) for Heap_Mem
    startup_stm32f767xx.o(.text) refers to startup_stm32f767xx.o(STACK) for Stack_Mem
    main.o(i.Init) refers to sys.o(i.sys_cache_enable) for sys_cache_enable
    main.o(i.Init) refers to stm32f7xx_hal.o(i.HAL_Init) for HAL_Init
    main.o(i.Init) refers to sys.o(i.sys_stm32_clock_init) for sys_stm32_clock_init
    main.o(i.Init) refers to delay.o(i.delay_init) for delay_init
    main.o(i.Init) refers to usart.o(i.usart_init) for usart_init
    main.o(i.Init) refers to led.o(i.led_init) for led_init
    main.o(i.Init) refers to mpu.o(i.mpu_memory_protection) for mpu_memory_protection
    main.o(i.Init) refers to sdram.o(i.sdram_init) for sdram_init
    main.o(i.Init) refers to lcd.o(i.lcd_init) for lcd_init
    main.o(i.Init) refers to key.o(i.key_init) for key_init
    main.o(i.Init) refers to btim.o(i.btim_timx_int_init) for btim_timx_int_init
    main.o(i.Init) refers to task.o(i.Task_Init) for Task_Init
    main.o(i.main) refers to main.o(i.Init) for Init
    main.o(i.main) refers to task.o(.bss) for myTask
    main.o(i.main) refers to task.o(.data) for TaskNum
    stm32f7xx_it.o(i.SysTick_Handler) refers to stm32f7xx_hal.o(i.HAL_IncTick) for HAL_IncTick
    system_stm32f7xx.o(i.SystemCoreClockUpdate) refers to system_stm32f7xx.o(.data) for SystemCoreClock
    system_stm32f7xx.o(i.SystemCoreClockUpdate) refers to system_stm32f7xx.o(.constdata) for AHBPrescTable
    delay.o(i.HAL_Delay) refers to delay.o(i.delay_ms) for delay_ms
    delay.o(i.delay_init) refers to delay.o(.data) for g_fac_us
    delay.o(i.delay_ms) refers to delay.o(i.delay_us) for delay_us
    delay.o(i.delay_us) refers to delay.o(.data) for g_fac_us
    sys.o(i.sys_cache_enable) refers to sys.o(i.SCB_EnableICache) for SCB_EnableICache
    sys.o(i.sys_cache_enable) refers to sys.o(i.SCB_EnableDCache) for SCB_EnableDCache
    sys.o(i.sys_stm32_clock_init) refers to rt_memclr_w.o(.text) for __aeabi_memclr4
    sys.o(i.sys_stm32_clock_init) refers to stm32f7xx_hal_rcc.o(i.HAL_RCC_OscConfig) for HAL_RCC_OscConfig
    sys.o(i.sys_stm32_clock_init) refers to stm32f7xx_hal_pwr_ex.o(i.HAL_PWREx_EnableOverDrive) for HAL_PWREx_EnableOverDrive
    sys.o(i.sys_stm32_clock_init) refers to stm32f7xx_hal_rcc.o(i.HAL_RCC_ClockConfig) for HAL_RCC_ClockConfig
    usart.o(.rev16_text) refers (Special) to use_no_semi_2.o(.text) for __use_no_semihosting
    usart.o(.revsh_text) refers (Special) to use_no_semi_2.o(.text) for __use_no_semihosting
    usart.o(.rrx_text) refers (Special) to use_no_semi_2.o(.text) for __use_no_semihosting
    usart.o(i.HAL_UART_MspInit) refers (Special) to use_no_semi_2.o(.text) for __use_no_semihosting
    usart.o(i.HAL_UART_MspInit) refers to stm32f7xx_hal_gpio.o(i.HAL_GPIO_Init) for HAL_GPIO_Init
    usart.o(i.HAL_UART_MspInit) refers to stm32f7xx_hal_cortex.o(i.HAL_NVIC_EnableIRQ) for HAL_NVIC_EnableIRQ
[...]
    i.SCB_EnableICache                       0x08003520   Section        0  sys.o(i.SCB_EnableICache)
    SCB_EnableICache                         0x08003521   Thumb Code   116  sys.o(i.SCB_EnableICache)
    i.SVC_Handler                            0x0800359c   Section        0  stm32f7xx_it.o(i.SVC_Handler)
    i.Sanke_Down                             0x080035a0   Section        0  snake.o(i.Sanke_Down)
    i.Sanke_Left                             0x080035c0   Section        0  snake.o(i.Sanke_Left)
    i.Sanke_Right                            0x080035e0   Section        0  snake.o(i.Sanke_Right)
    i.Sanke_Up                               0x08003600   Section        0  snake.o(i.Sanke_Up)
    i.Snake_Init                             0x08003620   Section        0  snake.o(i.Snake_Init)
    i.Snake_Run                              0x080036c0   Section        0  snake.o(i.Snake_Run)
    i.SysTick_Handler                        0x08003804   Section        0  stm32f7xx_it.o(i.SysTick_Handler)
    i.SystemInit                             0x0800380c   Section        0  system_stm32f7xx.o(i.SystemInit)
    i.TIM6_DAC_IRQHandler                    0x08003828   Section        0  btim.o(i.TIM6_DAC_IRQHandler)
    i.TIM_Base_SetConfig                     0x08003838   Section        0  stm32f7xx_hal_tim.o(i.TIM_Base_SetConfig)
    i.Task_Add                               0x08003910   Section        0  task.o(i.Task_Add)
    i.Task_Init                              0x0800396c   Section        0  task.o(i.Task_Init)
    i.Tetris_Down                            0x080039d0   Section        0  tetris.o(i.Tetris_Down)
    i.Tetris_Init                            0x08003b34   Section        0  tetris.o(i.Tetris_Init)
    i.Tetris_Left                            0x08003d98   Section        0  tetris.o(i.Tetris_Left)
    i.Tetris_Refresh                         0x08003dfc   Section        0  tetris.o(i.Tetris_Refresh)
    i.Tetris_Right                           0x08003eb0   Section        0  tetris.o(i.Tetris_Right)
    i.Tetris_Up                              0x08003f14   Section        0  tetris.o(i.Tetris_Up)
    i.UART_AdvFeatureConfig                  0x08003fdc   Section        0  stm32f7xx_hal_uart.o(i.UART_AdvFeatureConfig)
    i.UART_CheckIdleState                    0x080040d4   Section        0  stm32f7xx_hal_uart.o(i.UART_CheckIdleState)
    i.UART_DMAAbortOnError                   0x08004142   Section        0  stm32f7xx_hal_uart.o(i.UART_DMAAbortOnError)
    UART_DMAAbortOnError                     0x08004143   Thumb Code    24  stm32f7xx_hal_uart.o(i.UART_DMAAbortOnError)
    i.UART_EndRxTransfer                     0x0800415a   Section        0  stm32f7xx_hal_uart.o(i.UART_EndRxTransfer)
    UART_EndRxTransfer                       0x0800415b   Thumb Code    34  stm32f7xx_hal_uart.o(i.UART_EndRxTransfer)
    i.UART_EndTransmit_IT                    0x0800417c   Section        0  stm32f7xx_hal_uart.o(i.UART_EndTransmit_IT)
    UART_EndTransmit_IT                      0x0800417d   Thumb Code    32  stm32f7xx_hal_uart.o(i.UART_EndTransmit_IT)
    i.UART_RxISR_16BIT                       0x0800419c   Section        0  stm32f7xx_hal_uart.o(i.UART_RxISR_16BIT)
    UART_RxISR_16BIT                         0x0800419d   Thumb Code   108  stm32f7xx_hal_uart.o(i.UART_RxISR_16BIT)
    i.UART_RxISR_8BIT                        0x08004208   Section        0  stm32f7xx_hal_uart.o(i.UART_RxISR_8BIT)
    UART_RxISR_8BIT                          0x08004209   Thumb Code   104  stm32f7xx_hal_uart.o(i.UART_RxISR_8BIT)
    i.UART_SetConfig                         0x08004270   Section        0  stm32f7xx_hal_uart.o(i.UART_SetConfig)
    i.UART_WaitOnFlagUntilTimeout            0x08004618   Section        0  stm32f7xx_hal_uart.o(i.UART_WaitOnFlagUntilTimeout)
    i.USART1_IRQHandler                      0x080046cc   Section        0  usart.o(i.USART1_IRQHandler)
    i.Update                                 0x080046dc   Section        0  tetris.o(i.Update)
    i.UsageFault_Handler                     0x0800473c   Section        0  stm32f7xx_it.o(i.UsageFault_Handler)
    i.__NVIC_GetPriorityGrouping             0x08004740   Section        0  stm32f7xx_hal_cortex.o(i.__NVIC_GetPriorityGrouping)
    __NVIC_GetPriorityGrouping               0x08004741   Thumb Code    10  stm32f7xx_hal_cortex.o(i.__NVIC_GetPriorityGrouping)
    i.__NVIC_SetPriority                     0x08004750   Section        0  stm32f7xx_hal_cortex.o(i.__NVIC_SetPriority)
    __NVIC_SetPriority                       0x08004751   Thumb Code    32  stm32f7xx_hal_cortex.o(i.__NVIC_SetPriority)
    i._sys_exit                              0x08004778   Section        0  usart.o(i._sys_exit)
    i.btim_timx_int_init                     0x0800477c   Section        0  btim.o(i.btim_timx_int_init)
    i.delay_init                             0x080047a8   Section        0  delay.o(i.delay_init)
    i.delay_ms                               0x080047b4   Section        0  delay.o(i.delay_ms)
    i.delay_us                               0x080047c8   Section        0  delay.o(i.delay_us)
    i.fputc                                  0x08004810   Section        0  usart.o(i.fputc)
    i.key_init                               0x0800482c   Section        0  key.o(i.key_init)
    i.lcd_clear                              0x08004920   Section        0  lcd.o(i.lcd_clear)
    i.lcd_display_dir                        0x08004968   Section        0  lcd.o(i.lcd_display_dir)
    i.lcd_draw_circle                        0x08004af8   Section        0  lcd.o(i.lcd_draw_circle)
    i.lcd_draw_point                         0x08004ba4   Section        0  lcd.o(i.lcd_draw_point)
    i.lcd_ex_ili9341_reginit                 0x08004bd8   Section        0  lcd.o(i.lcd_ex_ili9341_reginit)
    i.lcd_ex_ili9806_reginit                 0x08004e04   Section        0  lcd.o(i.lcd_ex_ili9806_reginit)
    i.lcd_ex_nt35310_reginit                 0x08005144   Section        0  lcd.o(i.lcd_ex_nt35310_reginit)
    i.lcd_ex_nt35510_reginit                 0x08006036   Section        0  lcd.o(i.lcd_ex_nt35510_reginit)
    i.lcd_ex_ssd1963_reginit                 0x08006f32   Section        0  lcd.o(i.lcd_ex_ssd1963_reginit)
    i.lcd_ex_st7789_reginit                  0x080070a0   Section        0  lcd.o(i.lcd_ex_st7789_reginit)
    i.lcd_ex_st7796_reginit                  0x08007248   Section        0  lcd.o(i.lcd_ex_st7796_reginit)
    i.lcd_fill                               0x08007410   Section        0  lcd.o(i.lcd_fill)
    i.lcd_init                               0x08007480   Section        0  lcd.o(i.lcd_init)
    i.lcd_mpu_config                         0x08007980   Section        0  lcd.o(i.lcd_mpu_config)
    i.lcd_rd_data                            0x080079d0   Section        0  lcd.o(i.lcd_rd_data)
    lcd_rd_data                              0x080079d1   Thumb Code    14  lcd.o(i.lcd_rd_data)
    i.lcd_scan_dir                           0x080079e4   Section        0  lcd.o(i.lcd_scan_dir)
    i.lcd_set_cursor                         0x08007c20   Section        0  lcd.o(i.lcd_set_cursor)
    i.lcd_ssd_backlight_set                  0x08007d40   Section        0  lcd.o(i.lcd_ssd_backlight_set)
    i.lcd_wr_data                            0x08007d90   Section        0  lcd.o(i.lcd_wr_data)
    i.lcd_wr_regno                           0x08007da8   Section        0  lcd.o(i.lcd_wr_regno)
    i.lcd_write_ram_prepare                  0x08007dc0   Section        0  lcd.o(i.lcd_write_ram_prepare)
    i.lcd_write_reg                          0x08007dd4   Section        0  lcd.o(i.lcd_write_reg)
    i.led_init                               0x08007de4   Section        0  led.o(i.led_init)
    i.ltdc_clear                             0x08007e70   Section        0  ltdc.o(i.ltdc_clear)
    i.ltdc_clk_set                           0x08007e94   Section        0  ltdc.o(i.ltdc_clk_set)
    i.ltdc_display_dir                       0x08007ebc   Section        0  ltdc.o(i.ltdc_display_dir)
    i.ltdc_draw_point                        0x08007ee8   Section        0  ltdc.o(i.ltdc_draw_point)
    i.ltdc_fill                              0x08007f38   Section        0  ltdc.o(i.ltdc_fill)
    i.ltdc_init                              0x080080b8   Section        0  ltdc.o(i.ltdc_init)
    i.ltdc_layer_parameter_config            0x08008364   Section        0  ltdc.o(i.ltdc_layer_parameter_config)
    i.ltdc_layer_window_config               0x080083dc   Section        0  ltdc.o(i.ltdc_layer_window_config)
    i.ltdc_panelid_read                      0x0800840c   Section        0  ltdc.o(i.ltdc_panelid_read)
    i.ltdc_select_layer                      0x080084dc   Section        0  ltdc.o(i.ltdc_select_layer)
    i.main                                   0x080084e8   Section        0  main.o(i.main)
    i.mpu_memory_protection                  0x08008534   Section        0  mpu.o(i.mpu_memory_protection)
    i.mpu_set_protection                     0x0800859e   Section        0  mpu.o(i.mpu_set_protection)
    i.sdram_init                             0x080085fc   Section        0  sdram.o(i.sdram_init)
    i.sdram_initialization_sequence          0x0800866c   Section        0  sdram.o(i.sdram_initialization_sequence)
    i.sdram_send_cmd                         0x080086b0   Section        0  sdram.o(i.sdram_send_cmd)
    i.sys_cache_enable                       0x080086f8   Section        0  sys.o(i.sys_cache_enable)
    i.sys_stm32_clock_init                   0x08008714   Section        0  sys.o(i.sys_stm32_clock_init)
    i.transx                                 0x080087d8   Section        0  snake.o(i.transx)
    i.transy                                 0x080087e6   Section        0  snake.o(i.transy)
    i.usart_init                             0x080087f4   Section        0  usart.o(i.usart_init)
    x$fpl$fpinit                             0x0800882c   Section       10  fpinit.o(x$fpl$fpinit)
    $v0                                      0x0800882c   Number         0  fpinit.o(x$fpl$fpinit)
    .constdata                               0x08008836   Section       24  system_stm32f7xx.o(.constdata)
    .constdata                               0x08008850   Section      152  tetris.o(.constdata)
    .data                                    0x20020000   Section        4  system_stm32f7xx.o(.data)
    .data                                    0x20020004   Section        4  delay.o(.data)
    g_fac_us                                 0x20020004   Data           4  delay.o(.data)
    .data                                    0x20020008   Section        7  usart.o(.data)
    .data                                    0x20020010   Section        9  stm32f7xx_hal.o(.data)
    .data                                    0x2002001c   Section        8  ltdc.o(.data)
    .data                                    0x20020024   Section       12  task.o(.data)
    .data                                    0x20020030   Section       18  snake.o(.data)
    Headx                                    0x20020030   Data           1  snake.o(.data)
    Heady                                    0x20020031   Data           1  snake.o(.data)
    SnakeLenth                               0x20020032   Data           2  snake.o(.data)
    dx                                       0x20020034   Data           5  snake.o(.data)
    dy                                       0x20020039   Data           5  snake.o(.data)
    SnakeDir                                 0x2002003e   Data           1  snake.o(.data)
    Foodx                                    0x2002003f   Data           1  snake.o(.data)
    Foody                                    0x20020040   Data           1  snake.o(.data)
    Start                                    0x20020041   Data           1  snake.o(.data)
    .data                                    0x20020042   Section        2  tetris.o(.data)
    Start                                    0x20020042   Data           1  tetris.o(.data)
    over                                     0x20020043   Data           1  tetris.o(.data)
    .bss                                     0x20020044   Section      328  usart.o(.bss)
    .bss                                     0x2002018c   Section       64  btim.o(.bss)
    .bss                                     0x200201cc   Section       90  lcd.o(.bss)
    .bss                                     0x20020228   Section       52  sdram.o(.bss)
    .bss                                     0x2002025c   Section      288  ltdc.o(.bss)
    .bss                                     0x2002037c   Section      240  task.o(.bss)
    .bss                                     0x2002046c   Section     1518  snake.o(.bss)
    map                                      0x2002046c   Data        1518  snake.o(.bss)
    .bss                                     0x20020a5a   Section      579  tetris.o(.bss)
    map                                      0x20020a5a   Data         264  tetris.o(.bss)
    cur                                      0x20020c7a   Data          35  tetris.o(.bss)
    .bss                                     0x20020ca0   Section      228  rand.o(.bss)
    .bss                                     0x20020d84   Section       96  libspace.o(.bss)
    HEAP                                     0x20020de8   Section        0  startup_stm32f767xx.o(HEAP)
    STACK                                    0x20020de8   Section     2048  startup_stm32f767xx.o(STACK)
    Heap_Mem                                 0x20020de8   Data           0  startup_stm32f767xx.o(HEAP)
    Stack_Mem                                0x20020de8   Data        2048  startup_stm32f767xx.o(STACK)
    __initial_sp                             0x200215e8   Data           0  startup_stm32f767xx.o(STACK)
    .ARM.__AT_0xC0000000                     0xc0000000   Section    2048000  ltdc.o(.ARM.__AT_0xC0000000)

    Global Symbols

    Symbol Name                              Value     Ov Type        Size  Object(Section)

    BuildAttributes$$THM_ISAv4$E$P$D$K$B$S$7EM$VFPv5_D16$PE$PLD8$A:L22UL41UL21$X:L11$S22US41US21$IEEE1$IW$USESV6$~STKCKD$USESV7$~SHL$OSPACE$ROPI$EBA8$UX$STANDARDLIB$REQ8$PRES8$EABIv2 0x00000000   Number         0  anon$$obj.o ABSOLUTE
    __ARM_use_no_argv                        0x00000000   Number         0  main.o ABSOLUTE
    __ARM_exceptions_init                     - Undefined Weak Reference
    __alloca_initialize                       - Undefined Weak Reference
    __arm_preinit_                            - Undefined Weak Reference
    __cpp_initialize__aeabi_                  - Undefined Weak Reference
    __cxa_finalize                            - Undefined Weak Reference
    __rt_locale                               - Undefined Weak Reference
    __sigvec_lookup                           - Undefined Weak Reference
    _atexit_init                              - Undefined Weak Reference
    _call_atexit_fns                          - Undefined Weak Reference
    _clock_init                               - Undefined Weak Reference
    _fp_trap_init                             - Undefined Weak Reference
    _fp_trap_shutdown                         - Undefined Weak Reference
    _get_lc_collate                           - Undefined Weak Reference
    _get_lc_ctype                             - Undefined Weak Reference
    _get_lc_monetary                          - Undefined Weak Reference
    _get_lc_numeric                           - Undefined Weak Reference
    _get_lc_time                              - Undefined Weak Reference
    _getenv_init                              - Undefined Weak Reference
    _handle_redirection                       - Undefined Weak Reference
    _init_alloc                               - Undefined Weak Reference
    _init_user_alloc                          - Undefined Weak Reference
    _initio                                   - Undefined Weak Reference
    _mutex_acquire                            - Undefined Weak Reference
    _mutex_release                            - Undefined Weak Reference
    _signal_finish                            - Undefined Weak Reference
    _signal_init                              - Undefined Weak Reference
    _terminate_alloc                          - Undefined Weak Reference
    _terminate_user_alloc                     - Undefined Weak Reference
    _terminateio                              - Undefined Weak Reference
    __Vectors_Size                           0x000001f8   Number         0  startup_stm32f767xx.o ABSOLUTE
    __Vectors                                0x08000000   Data           4  startup_stm32f767xx.o(RESET)
    __Vectors_End                            0x080001f8   Data           0  startup_stm32f767xx.o(RESET)
    __main                                   0x080001f9   Thumb Code     8  __main.o(!!!main)
    __scatterload                            0x08000201   Thumb Code     0  __scatter.o(!!!scatter)
    __scatterload_rt2                        0x08000201   Thumb Code    44  __scatter.o(!!!scatter)
    __scatterload_rt2_thumb_only             0x08000201   Thumb Code     0  __scatter.o(!!!scatter)
    __scatterload_null                       0x0800020f   Thumb Code     0  __scatter.o(!!!scatter)
    __scatterload_copy                       0x08000235   Thumb Code    26  __scatter_copy.o(!!handler_copy)
    __scatterload_zeroinit                   0x08000251   Thumb Code    28  __scatter_zi.o(!!handler_zi)
    __rt_lib_init                            0x0800026d   Thumb Code     0  libinit.o(.ARM.Collect$$libinit$$00000000)
    __rt_lib_init_fp_1                       0x0800026f   Thumb Code     0  libinit2.o(.ARM.Collect$$libinit$$00000001)
    __rt_lib_init_heap_1                     0x08000273   Thumb Code     0  libinit2.o(.ARM.Collect$$libinit$$0000000A)
    __rt_lib_init_preinit_1                  0x08000273   Thumb Code     0  libinit2.o(.ARM.Collect$$libinit$$00000004)
    __rt_lib_init_rand_2                     0x08000273   Thumb Code     0  libinit2.o(.ARM.Collect$$libinit$$0000000D)
    __rt_lib_init_user_alloc_1               0x08000273   Thumb Code     0  libinit2.o(.ARM.Collect$$libinit$$0000000C)
    __rt_lib_init_alloca_1                   0x08000277   Thumb Code     0  libinit2.o(.ARM.Collect$$libinit$$0000002E)
    __rt_lib_init_argv_1                     0x08000277   Thumb Code     0  libinit2.o(.ARM.Collect$$libinit$$0000002C)
    __rt_lib_init_atexit_1                   0x08000277   Thumb Code     0  libinit2.o(.ARM.Collect$$libinit$$0000001B)
    __rt_lib_init_clock_1                    0x08000277   Thumb Code     0  libinit2.o(.ARM.Collect$$libinit$$00000021)
    __rt_lib_init_cpp_1                      0x08000277   Thumb Code     0  libinit2.o(.ARM.Collect$$libinit$$00000032)
    __rt_lib_init_exceptions_1               0x08000277   Thumb Code     0  libinit2.o(.ARM.Collect$$libinit$$00000030)
    __rt_lib_init_fp_trap_1                  0x08000277   Thumb Code     0  libinit2.o(.ARM.Collect$$libinit$$0000001F)
    __rt_lib_init_getenv_1                   0x08000277   Thumb Code     0  libinit2.o(.ARM.Collect$$libinit$$00000023)
    __rt_lib_init_lc_collate_1               0x08000277   Thumb Code     0  libinit2.o(.ARM.Collect$$libinit$$00000011)
    __rt_lib_init_lc_ctype_1                 0x08000277   Thumb Code     0  libinit2.o(.ARM.Collect$$libinit$$00000013)
    __rt_lib_init_lc_monetary_1              0x08000277   Thumb Code     0  libinit2.o(.ARM.Collect$$libinit$$00000015)
    __rt_lib_init_lc_numeric_1               0x08000277   Thumb Code     0  libinit2.o(.ARM.Collect$$libinit$$00000017)
    __rt_lib_init_lc_time_1                  0x08000277   Thumb Code     0  libinit2.o(.ARM.Collect$$libinit$$00000019)
    __rt_lib_init_rand_1                     0x08000277   Thumb Code     0  libinit2.o(.ARM.Collect$$libinit$$0000000E)
    __rt_lib_init_return                     0x08000277   Thumb Code     0  libinit2.o(.ARM.Collect$$libinit$$00000033)
    __rt_lib_init_signal_1                   0x08000277   Thumb Code     0  libinit2.o(.ARM.Collect$$libinit$$0000001D)
    __rt_lib_init_stdio_1                    0x08000277   Thumb Code     0  libinit2.o(.ARM.Collect$$libinit$$00000025)
    __rt_lib_shutdown                        0x08000279   Thumb Code     0  libshutdown.o(.ARM.Collect$$libshutdown$$00000000)
    __rt_lib_shutdown_cpp_1                  0x0800027b   Thumb Code     0  libshutdown2.o(.ARM.Collect$$libshutdown$$00000002)
    __rt_lib_shutdown_fp_trap_1              0x0800027b   Thumb Code     0  libshutdown2.o(.ARM.Collect$$libshutdown$$00000007)
    __rt_lib_shutdown_heap_1                 0x0800027b   Thumb Code     0  libshutdown2.o(.ARM.Collect$$libshutdown$$0000000F)
    __rt_lib_shutdown_return                 0x0800027b   Thumb Code     0  libshutdown2.o(.ARM.Collect$$libshutdown$$00000010)
    __rt_lib_shutdown_signal_1               0x0800027b   Thumb Code     0  libshutdown2.o(.ARM.Collect$$libshutdown$$0000000A)
    __rt_lib_shutdown_stdio_1                0x0800027b   Thumb Code     0  libshutdown2.o(.ARM.Collect$$libshutdown$$00000004)
    __rt_lib_shutdown_user_alloc_1           0x0800027b   Thumb Code     0  libshutdown2.o(.ARM.Collect$$libshutdown$$0000000C)
    __rt_entry                               0x0800027d   Thumb Code     0  __rtentry.o(.ARM.Collect$$rtentry$$00000000)
    __rt_entry_presh_1                       0x0800027d   Thumb Code     0  __rtentry2.o(.ARM.Collect$$rtentry$$00000002)
    __rt_entry_sh                            0x0800027d   Thumb Code     0  __rtentry4.o(.ARM.Collect$$rtentry$$00000004)
    __rt_entry_li                            0x08000283   Thumb Code     0  __rtentry2.o(.ARM.Collect$$rtentry$$0000000A)
    __rt_entry_postsh_1                      0x08000283   Thumb Code     0  __rtentry2.o(.ARM.Collect$$rtentry$$00000009)
    __rt_entry_main                          0x08000287   Thumb Code     0  __rtentry2.o(.ARM.Collect$$rtentry$$0000000D)
    __rt_entry_postli_1                      0x08000287   Thumb Code     0  __rtentry2.o(.ARM.Collect$$rtentry$$0000000C)
    __rt_exit                                0x0800028f   Thumb Code     0  rtexit.o(.ARM.Collect$$rtexit$$00000000)
    __rt_exit_ls                             0x08000291   Thumb Code     0  rtexit2.o(.ARM.Collect$$rtexit$$00000003)
    __rt_exit_prels_1                        0x08000291   Thumb Code     0  rtexit2.o(.ARM.Collect$$rtexit$$00000002)
    __rt_exit_exit                           0x08000295   Thumb Code     0  rtexit2.o(.ARM.Collect$$rtexit$$00000004)
    rand                                     0x0800029d   Thumb Code    48  rand.o(.emb_text)
    Reset_Handler                            0x080002d1   Thumb Code    20  startup_stm32f767xx.o(.text)
    ADC_IRQHandler                           0x080002f7   Thumb Code     0  startup_stm32f767xx.o(.text)
    CAN1_RX0_IRQHandler                      0x080002f7   Thumb Code     0  startup_stm32f767xx.o(.text)
    CAN1_RX1_IRQHandler                      0x080002f7   Thumb Code     0  startup_stm32f767xx.o(.text)
    CAN1_SCE_IRQHandler                      0x080002f7   Thumb Code     0  startup_stm32f767xx.o(.text)
    CAN1_TX_IRQHandler                       0x080002f7   Thumb Code     0  startup_stm32f767xx.o(.text)
    CAN2_RX0_IRQHandler                      0x080002f7   Thumb Code     0  startup_stm32f767xx.o(.text)
    CAN2_RX1_IRQHandler                      0x080002f7   Thumb Code     0  startup_stm32f767xx.o(.text)
    CAN2_SCE_IRQHandler                      0x080002f7   Thumb Code     0  startup_stm32f767xx.o(.text)
    CAN2_TX_IRQHandler                       0x080002f7   Thumb Code     0  startup_stm32f767xx.o(.text)
    CAN3_RX0_IRQHandler                      0x080002f7   Thumb Code     0  startup_stm32f767xx.o(.text)
    CAN3_RX1_IRQHandler                      0x080002f7   Thumb Code     0  startup_stm32f767xx.o(.text)
    CAN3_SCE_IRQHandler                      0x080002f7   Thumb Code     0  startup_stm32f767xx.o(.text)
    CAN3_TX_IRQHandler                       0x080002f7   Thumb Code     0  startup_stm32f767xx.o(.text)
    CEC_IRQHandler                           0x080002f7   Thumb Code     0  startup_stm32f767xx.o(.text)
    DCMI_IRQHandler                          0x080002f7   Thumb Code     0  startup_stm32f767xx.o(.text)
    DFSDM1_FLT0_IRQHandler                   0x080002f7   Thumb Code     0  startup_stm32f767xx.o(.text)
    DFSDM1_FLT1_IRQHandler                   0x080002f7   Thumb Code     0  startup_stm32f767xx.o(.text)
    DFSDM1_FLT2_IRQHandler                   0x080002f7   Thumb Code     0  startup_stm32f767xx.o(.text)
    DFSDM1_FLT3_IRQHandler                   0x080002f7   Thumb Code     0  startup_stm32f767xx.o(.text)
    DMA1_Stream0_IRQHandler                  0x080002f7   Thumb Code     0  startup_stm32f767xx.o(.text)
    DMA1_Stream1_IRQHandler                  0x080002f7   Thumb Code     0  startup_stm32f767xx.o(.text)
    DMA1_Stream2_IRQHandler                  0x080002f7   Thumb Code     0  startup_stm32f767xx.o(.text)
    DMA1_Stream3_IRQHandler                  0x080002f7   Thumb Code     0  startup_stm32f767xx.o(.text)
    DMA1_Stream4_IRQHandler                  0x080002f7   Thumb Code     0  startup_stm32f767xx.o(.text)
    DMA1_Stream5_IRQHandler                  0x080002f7   Thumb Code     0  startup_stm32f767xx.o(.text)
    DMA1_Stream6_IRQHandler                  0x080002f7   Thumb Code     0  startup_stm32f767xx.o(.text)
    DMA1_Stream7_IRQHandler                  0x080002f7   Thumb Code     0  startup_stm32f767xx.o(.text)
    DMA2D_IRQHandler                         0x080002f7   Thumb Code     0  startup_stm32f767xx.o(.text)
    DMA2_Stream0_IRQHandler                  0x080002f7   Thumb Code     0  startup_stm32f767xx.o(.text)
    DMA2_Stream1_IRQHandler                  0x080002f7   Thumb Code     0  startup_stm32f767xx.o(.text)
    DMA2_Stream2_IRQHandler                  0x080002f7   Thumb Code     0  startup_stm32f767xx.o(.text)
    DMA2_Stream3_IRQHandler                  0x080002f7   Thumb Code     0  startup_stm32f767xx.o(.text)
    DMA2_Stream4_IRQHandler                  0x080002f7   Thumb Code     0  startup_stm32f767xx.o(.text)
    DMA2_Stream5_IRQHandler                  0x080002f7   Thumb Code     0  startup_stm32f767xx.o(.text)
    DMA2_Stream6_IRQHandler                  0x080002f7   Thumb Code     0  startup_stm32f767xx.o(.text)
    DMA2_Stream7_IRQHandler                  0x080002f7   Thumb Code     0  startup_stm32f767xx.o(.text)
    ETH_IRQHandler                           0x080002f7   Thumb Code     0  startup_stm32f767xx.o(.text)
    ETH_WKUP_IRQHandler                      0x080002f7   Thumb Code     0  startup_stm32f767xx.o(.text)
    EXTI0_IRQHandler                         0x080002f7   Thumb Code     0  startup_stm32f767xx.o(.text)
    EXTI15_10_IRQHandler                     0x080002f7   Thumb Code     0  startup_stm32f767xx.o(.text)
    EXTI1_IRQHandler                         0x080002f7   Thumb Code     0  startup_stm32f767xx.o(.text)
    EXTI2_IRQHandler                         0x080002f7   Thumb Code     0  startup_stm32f767xx.o(.text)
    EXTI3_IRQHandler                         0x080002f7   Thumb Code     0  startup_stm32f767xx.o(.text)
    EXTI4_IRQHandler                         0x080002f7   Thumb Code     0  startup_stm32f767xx.o(.text)
    EXTI9_5_IRQHandler                       0x080002f7   Thumb Code     0  startup_stm32f767xx.o(.text)
    FLASH_IRQHandler                         0x080002f7   Thumb Code     0  startup_stm32f767xx.o(.text)
    FMC_IRQHandler                           0x080002f7   Thumb Code     0  startup_stm32f767xx.o(.text)
    FPU_IRQHandler                           0x080002f7   Thumb Code     0  startup_stm32f767xx.o(.text)
    I2C1_ER_IRQHandler                       0x080002f7   Thumb Code     0  startup_stm32f767xx.o(.text)
    I2C1_EV_IRQHandler                       0x080002f7   Thumb Code     0  startup_stm32f767xx.o(.text)
    I2C2_ER_IRQHandler                       0x080002f7   Thumb Code     0  startup_stm32f767xx.o(.text)
    I2C2_EV_IRQHandler                       0x080002f7   Thumb Code     0  startup_stm32f767xx.o(.text)
    I2C3_ER_IRQHandler                       0x080002f7   Thumb Code     0  startup_stm32f767xx.o(.text)
    I2C3_EV_IRQHandler                       0x080002f7   Thumb Code     0  startup_stm32f767xx.o(.text)
    I2C4_ER_IRQHandler                       0x080002f7   Thumb Code     0  startup_stm32f767xx.o(.text)
    I2C4_EV_IRQHandler                       0x080002f7   Thumb Code     0  startup_stm32f767xx.o(.text)
    JPEG_IRQHandler                          0x080002f7   Thumb Code     0  startup_stm32f767xx.o(.text)
    LPTIM1_IRQHandler                        0x080002f7   Thumb Code     0  startup_stm32f767xx.o(.text)
    LTDC_ER_IRQHandler                       0x080002f7   Thumb Code     0  startup_stm32f767xx.o(.text)
    LTDC_IRQHandler                          0x080002f7   Thumb Code     0  startup_stm32f767xx.o(.text)
    MDIOS_IRQHandler                         0x080002f7   Thumb Code     0  startup_stm32f767xx.o(.text)
    OTG_FS_IRQHandler                        0x080002f7   Thumb Code     0  startup_stm32f767xx.o(.text)
    OTG_FS_WKUP_IRQHandler                   0x080002f7   Thumb Code     0  startup_stm32f767xx.o(.text)
    OTG_HS_EP1_IN_IRQHandler                 0x080002f7   Thumb Code     0  startup_stm32f767xx.o(.text)
    OTG_HS_EP1_OUT_IRQHandler                0x080002f7   Thumb Code     0  startup_stm32f767xx.o(.text)
    OTG_HS_IRQHandler                        0x080002f7   Thumb Code     0  startup_stm32f767xx.o(.text)
    OTG_HS_WKUP_IRQHandler                   0x080002f7   Thumb Code     0  startup_stm32f767xx.o(.text)
    PVD_IRQHandler                           0x080002f7   Thumb Code     0  startup_stm32f767xx.o(.text)
    QUADSPI_IRQHandler                       0x080002f7   Thumb Code     0  startup_stm32f767xx.o(.text)
    RCC_IRQHandler                           0x080002f7   Thumb Code     0  startup_stm32f767xx.o(.text)
    RNG_IRQHandler                           0x080002f7   Thumb Code     0  startup_stm32f767xx.o(.text)
    RTC_Alarm_IRQHandler                     0x080002f7   Thumb Code     0  startup_stm32f767xx.o(.text)
    RTC_WKUP_IRQHandler                      0x080002f7   Thumb Code     0  startup_stm32f767xx.o(.text)
    SAI1_IRQHandler                          0x080002f7   Thumb Code     0  startup_stm32f767xx.o(.text)
    SAI2_IRQHandler                          0x080002f7   Thumb Code     0  startup_stm32f767xx.o(.text)
    SDMMC1_IRQHandler                        0x080002f7   Thumb Code     0  startup_stm32f767xx.o(.text)
    SDMMC2_IRQHandler                        0x080002f7   Thumb Code     0  startup_stm32f767xx.o(.text)
    SPDIF_RX_IRQHandler                      0x080002f7   Thumb Code     0  startup_stm32f767xx.o(.text)
    SPI1_IRQHandler                          0x080002f7   Thumb Code     0  startup_stm32f767xx.o(.text)
    SPI2_IRQHandler                          0x080002f7   Thumb Code     0  startup_stm32f767xx.o(.text)
    SPI3_IRQHandler                          0x080002f7   Thumb Code     0  startup_stm32f767xx.o(.text)
    SPI4_IRQHandler                          0x080002f7   Thumb Code     0  startup_stm32f767xx.o(.text)
    SPI5_IRQHandler                          0x080002f7   Thumb Code     0  startup_stm32f767xx.o(.text)
    SPI6_IRQHandler                          0x080002f7   Thumb Code     0  startup_stm32f767xx.o(.text)
    TAMP_STAMP_IRQHandler                    0x080002f7   Thumb Code     0  startup_stm32f767xx.o(.text)
    TIM1_BRK_TIM9_IRQHandler                 0x080002f7   Thumb Code     0  startup_stm32f767xx.o(.text)
    TIM1_CC_IRQHandler                       0x080002f7   Thumb Code     0  startup_stm32f767xx.o(.text)
    TIM1_TRG_COM_TIM11_IRQHandler            0x080002f7   Thumb Code     0  startup_stm32f767xx.o(.text)
    TIM1_UP_TIM10_IRQHandler                 0x080002f7   Thumb Code     0  startup_stm32f767xx.o(.text)
    TIM2_IRQHandler                          0x080002f7   Thumb Code     0  startup_stm32f767xx.o(.text)
    TIM3_IRQHandler                          0x080002f7   Thumb Code     0  startup_stm32f767xx.o(.text)
    TIM4_IRQHandler                          0x080002f7   Thumb Code     0  startup_stm32f767xx.o(.text)
    TIM5_IRQHandler                          0x080002f7   Thumb Code     0  startup_stm32f767xx.o(.text)
    TIM7_IRQHandler                          0x080002f7   Thumb Code     0  startup_stm32f767xx.o(.text)
    TIM8_BRK_TIM12_IRQHandler                0x080002f7   Thumb Code     0  startup_stm32f767xx.o(.text)
    TIM8_CC_IRQHandler                       0x080002f7   Thumb Code     0  startup_stm32f767xx.o(.text)
    TIM8_TRG_COM_TIM14_IRQHandler            0x080002f7   Thumb Code     0  startup_stm32f767xx.o(.text)
    TIM8_UP_TIM13_IRQHandler                 0x080002f7   Thumb Code     0  startup_stm32f767xx.o(.text)
    UART4_IRQHandler                         0x080002f7   Thumb Code     0  startup_stm32f767xx.o(.text)
    UART5_IRQHandler                         0x080002f7   Thumb Code     0  startup_stm32f767xx.o(.text)
    UART7_IRQHandler                         0x080002f7   Thumb Code     0  startup_stm32f767xx.o(.text)
    UART8_IRQHandler                         0x080002f7   Thumb Code     0  startup_stm32f767xx.o(.text)
    USART2_IRQHandler                        0x080002f7   Thumb Code     0  startup_stm32f767xx.o(.text)
    USART3_IRQHandler                        0x080002f7   Thumb Code     0  startup_stm32f767xx.o(.text)
    USART6_IRQHandler                        0x080002f7   Thumb Code     0  startup_stm32f767xx.o(.text)
    WWDG_IRQHandler                          0x080002f7   Thumb Code     0  startup_stm32f767xx.o(.text)
    __user_initial_stackheap                 0x080002f9   Thumb Code     0  startup_stm32f767xx.o(.text)
    __use_no_semihosting                     0x0800031d   Thumb Code     2  use_no_semi_2.o(.text)
    __aeabi_uldivmod                         0x0800031f   Thumb Code     0  lludivv7m.o(.text)
    _ll_udiv                                 0x0800031f   Thumb Code   238  lludivv7m.o(.text)
    __2printf                                0x0800040d   Thumb Code    20  noretval__2printf.o(.text)
    srand                                    0x08000425   Thumb Code    42  rand.o(.text)
    _rand_init                               0x0800044f   Thumb Code     4  rand.o(.text)
    __aeabi_memcpy                           0x08000461   Thumb Code     0  rt_memcpy_v6.o(.text)
    __rt_memcpy                              0x08000461   Thumb Code   138  rt_memcpy_v6.o(.text)
    _memcpy_lastbytes                        0x080004c7   Thumb Code     0  rt_memcpy_v6.o(.text)
    __aeabi_memcpy4                          0x080004eb   Thumb Code     0  rt_memcpy_w.o(.text)
    __aeabi_memcpy8                          0x080004eb   Thumb Code     0  rt_memcpy_w.o(.text)
    __rt_memcpy_w                            0x080004eb   Thumb Code   100  rt_memcpy_w.o(.text)
    _memcpy_lastbytes_aligned                0x08000533   Thumb Code     0  rt_memcpy_w.o(.text)
    __aeabi_memclr4                          0x0800054f   Thumb Code     0  rt_memclr_w.o(.text)
    __aeabi_memclr8                          0x0800054f   Thumb Code     0  rt_memclr_w.o(.text)
    __rt_memclr_w                            0x0800054f   Thumb Code    78  rt_memclr_w.o(.text)
    _memset_w                                0x08000553   Thumb Code     0  rt_memclr_w.o(.text)
    __use_two_region_memory                  0x0800059d   Thumb Code     2  heapauxi.o(.text)
    __rt_heap_escrow$2region                 0x0800059f   Thumb Code     2  heapauxi.o(.text)
    __rt_heap_expand$2region                 0x080005a1   Thumb Code     2  heapauxi.o(.text)
    __semihosting$guard                      0x080005a3   Thumb Code     0  use_no_semi.o(.text)
    __use_no_semihosting_swi                 0x080005a3   Thumb Code     2  use_no_semi.o(.text)
    _printf_char_file                        0x080005a5   Thumb Code    32  _printf_char_file.o(.text)
    _printf_char_common                      0x080005d3   Thumb Code    32  _printf_char_common.o(.text)
    ferror                                   0x080005f9   Thumb Code     8  ferror.o(.text)
    __user_setup_stackheap                   0x08000601   Thumb Code    74  sys_stackheap_outer.o(.text)
    __printf                                 0x0800064b   Thumb Code    40  __printf_nopercent.o(.text)
    exit                                     0x08000673   Thumb Code    18  exit.o(.text)
    __user_libspace                          0x08000685   Thumb Code     8  libspace.o(.text)
    __user_perproc_libspace                  0x08000685   Thumb Code     0  libspace.o(.text)
    __user_perthread_libspace                0x08000685   Thumb Code     0  libspace.o(.text)
    BusFault_Handler                         0x0800068d   Thumb Code     4  stm32f7xx_it.o(i.BusFault_Handler)
    Check                                    0x08000691   Thumb Code   112  tetris.o(i.Check)
    CheckDie                                 0x08000705   Thumb Code    42  snake.o(i.CheckDie)
    Check_Key0                               0x08000735   Thumb Code    74  task.o(i.Check_Key0)
    Check_Key1                               0x0800078d   Thumb Code    74  task.o(i.Check_Key1)
    Check_Key2                               0x080007e5   Thumb Code    76  task.o(i.Check_Key2)
    Check_Key3                               0x0800083d   Thumb Code    96  task.o(i.Check_Key3)
    DebugMon_Handler                         0x080008ad   Thumb Code     2  stm32f7xx_it.o(i.DebugMon_Handler)
    Draw_Block                               0x080008af   Thumb Code   292  tetris.o(i.Draw_Block)
    FMC_NORSRAM_Extended_Timing_Init         0x080009d5   Thumb Code    66  stm32f7xx_ll_fmc.o(i.FMC_NORSRAM_Extended_Timing_Init)
    FMC_NORSRAM_Init                         0x08000a1d   Thumb Code   124  stm32f7xx_ll_fmc.o(i.FMC_NORSRAM_Init)
    FMC_NORSRAM_Timing_Init                  0x08000a9d   Thumb Code    98  stm32f7xx_ll_fmc.o(i.FMC_NORSRAM_Timing_Init)
    FMC_SDRAM_Init                           0x08000aff   Thumb Code   116  stm32f7xx_ll_fmc.o(i.FMC_SDRAM_Init)
    FMC_SDRAM_ProgramRefreshRate             0x08000b73   Thumb Code    14  stm32f7xx_ll_fmc.o(i.FMC_SDRAM_ProgramRefreshRate)
    FMC_SDRAM_SendCommand                    0x08000b81   Thumb Code    38  stm32f7xx_ll_fmc.o(i.FMC_SDRAM_SendCommand)
    FMC_SDRAM_Timing_Init                    0x08000ba9   Thumb Code   152  stm32f7xx_ll_fmc.o(i.FMC_SDRAM_Timing_Init)
    HAL_DMA_Abort_IT                         0x08000c45   Thumb Code    40  stm32f7xx_hal_dma.o(i.HAL_DMA_Abort_IT)
    HAL_GPIO_Init                            0x08000c6d   Thumb Code   484  stm32f7xx_hal_gpio.o(i.HAL_GPIO_Init)
    HAL_GPIO_ReadPin                         0x08000e85   Thumb Code    16  stm32f7xx_hal_gpio.o(i.HAL_GPIO_ReadPin)
    HAL_GPIO_TogglePin                       0x08000e95   Thumb Code    16  stm32f7xx_hal_gpio.o(i.HAL_GPIO_TogglePin)
    HAL_GPIO_WritePin                        0x08000ea5   Thumb Code    12  stm32f7xx_hal_gpio.o(i.HAL_GPIO_WritePin)
    HAL_GetTick                              0x08000eb1   Thumb Code     6  stm32f7xx_hal.o(i.HAL_GetTick)
    HAL_IncTick                              0x08000ebd   Thumb Code    16  stm32f7xx_hal.o(i.HAL_IncTick)
    HAL_Init                                 0x08000ed5   Thumb Code    44  stm32f7xx_hal.o(i.HAL_Init)
    HAL_InitTick                             0x08000f05   Thumb Code    64  stm32f7xx_hal.o(i.HAL_InitTick)
    HAL_LTDC_ConfigLayer                     0x08000f51   Thumb Code    94  stm32f7xx_hal_ltdc.o(i.HAL_LTDC_ConfigLayer)
    HAL_LTDC_Init                            0x08000fb1   Thumb Code   274  stm32f7xx_hal_ltdc.o(i.HAL_LTDC_Init)
    HAL_LTDC_MspInit                         0x080010c9   Thumb Code   294  ltdc.o(i.HAL_LTDC_MspInit)
    HAL_LTDC_SetWindowPosition               0x08001209   Thumb Code   108  stm32f7xx_hal_ltdc.o(i.HAL_LTDC_SetWindowPosition)
    HAL_LTDC_SetWindowSize                   0x08001275   Thumb Code   108  stm32f7xx_hal_ltdc.o(i.HAL_LTDC_SetWindowSize)
    HAL_MPU_ConfigRegion                     0x080012e1   Thumb Code    88  stm32f7xx_hal_cortex.o(i.HAL_MPU_ConfigRegion)
    HAL_MPU_Disable                          0x0800133d   Thumb Code    38  stm32f7xx_hal_cortex.o(i.HAL_MPU_Disable)
    HAL_MPU_Enable                           0x08001369   Thumb Code    58  stm32f7xx_hal_cortex.o(i.HAL_MPU_Enable)
    HAL_MspInit                              0x080013a9   Thumb Code     2  stm32f7xx_hal.o(i.HAL_MspInit)
    HAL_NVIC_EnableIRQ                       0x080013ab   Thumb Code    32  stm32f7xx_hal_cortex.o(i.HAL_NVIC_EnableIRQ)
    HAL_NVIC_SetPriority                     0x080013cb   Thumb Code   124  stm32f7xx_hal_cortex.o(i.HAL_NVIC_SetPriority)
    HAL_NVIC_SetPriorityGrouping             0x08001449   Thumb Code    32  stm32f7xx_hal_cortex.o(i.HAL_NVIC_SetPriorityGrouping)
    HAL_PWREx_EnableOverDrive                0x08001471   Thumb Code   136  stm32f7xx_hal_pwr_ex.o(i.HAL_PWREx_EnableOverDrive)
    HAL_RCCEx_PeriphCLKConfig                0x08001501   Thumb Code  1876  stm32f7xx_hal_rcc_ex.o(i.HAL_RCCEx_PeriphCLKConfig)
    HAL_RCC_ClockConfig                      0x08001c59   Thumb Code   384  stm32f7xx_hal_rcc.o(i.HAL_RCC_ClockConfig)
    HAL_RCC_GetHCLKFreq                      0x08001ded   Thumb Code     6  stm32f7xx_hal_rcc.o(i.HAL_RCC_GetHCLKFreq)
    HAL_RCC_GetPCLK1Freq                     0x08001df9   Thumb Code    22  stm32f7xx_hal_rcc.o(i.HAL_RCC_GetPCLK1Freq)
    HAL_RCC_GetPCLK2Freq                     0x08001e19   Thumb Code    22  stm32f7xx_hal_rcc.o(i.HAL_RCC_GetPCLK2Freq)
    HAL_RCC_GetSysClockFreq                  0x08001e39   Thumb Code   162  stm32f7xx_hal_rcc.o(i.HAL_RCC_GetSysClockFreq)
    HAL_RCC_OscConfig                        0x08001ee9   Thumb Code  1296  stm32f7xx_hal_rcc.o(i.HAL_RCC_OscConfig)
    HAL_SDRAM_Init                           0x080023fd   Thumb Code    64  stm32f7xx_hal_sdram.o(i.HAL_SDRAM_Init)
    HAL_SDRAM_MspInit                        0x0800243d   Thumb Code   258  sdram.o(i.HAL_SDRAM_MspInit)
    HAL_SDRAM_ProgramRefreshRate             0x08002559   Thumb Code    40  stm32f7xx_hal_sdram.o(i.HAL_SDRAM_ProgramRefreshRate)
    HAL_SDRAM_SendCommand                    0x08002581   Thumb Code    58  stm32f7xx_hal_sdram.o(i.HAL_SDRAM_SendCommand)
    HAL_SRAM_Init                            0x080025bb   Thumb Code    88  stm32f7xx_hal_sram.o(i.HAL_SRAM_Init)
    HAL_SRAM_MspInit                         0x08002615   Thumb Code   140  lcd.o(i.HAL_SRAM_MspInit)
    HAL_SYSTICK_Config                       0x080026ad   Thumb Code    52  stm32f7xx_hal_cortex.o(i.HAL_SYSTICK_Config)
    HAL_TIMEx_Break2Callback                 0x080026e1   Thumb Code     2  stm32f7xx_hal_tim_ex.o(i.HAL_TIMEx_Break2Callback)
    HAL_TIMEx_BreakCallback                  0x080026e3   Thumb Code     2  stm32f7xx_hal_tim_ex.o(i.HAL_TIMEx_BreakCallback)
    HAL_TIMEx_CommutCallback                 0x080026e5   Thumb Code     2  stm32f7xx_hal_tim_ex.o(i.HAL_TIMEx_CommutCallback)
    HAL_TIM_Base_Init                        0x080026e7   Thumb Code    52  stm32f7xx_hal_tim.o(i.HAL_TIM_Base_Init)
    HAL_TIM_Base_MspInit                     0x0800271d   Thumb Code    62  btim.o(i.HAL_TIM_Base_MspInit)
    HAL_TIM_Base_Start_IT                    0x08002765   Thumb Code    50  stm32f7xx_hal_tim.o(i.HAL_TIM_Base_Start_IT)
    HAL_TIM_IC_CaptureCallback               0x0800279d   Thumb Code     2  stm32f7xx_hal_tim.o(i.HAL_TIM_IC_CaptureCallback)
    HAL_TIM_IRQHandler                       0x0800279f   Thumb Code   440  stm32f7xx_hal_tim.o(i.HAL_TIM_IRQHandler)
    HAL_TIM_OC_DelayElapsedCallback          0x08002957   Thumb Code     2  stm32f7xx_hal_tim.o(i.HAL_TIM_OC_DelayElapsedCallback)
    HAL_TIM_PWM_PulseFinishedCallback        0x08002959   Thumb Code     2  stm32f7xx_hal_tim.o(i.HAL_TIM_PWM_PulseFinishedCallback)
    HAL_TIM_PeriodElapsedCallback            0x0800295d   Thumb Code   102  btim.o(i.HAL_TIM_PeriodElapsedCallback)
    HAL_TIM_TriggerCallback                  0x080029d1   Thumb Code     2  stm32f7xx_hal_tim.o(i.HAL_TIM_TriggerCallback)
    HAL_UARTEx_WakeupCallback                0x080029d3   Thumb Code     2  stm32f7xx_hal_uart.o(i.HAL_UARTEx_WakeupCallback)
    HAL_UART_ErrorCallback                   0x080029d5   Thumb Code     2  stm32f7xx_hal_uart.o(i.HAL_UART_ErrorCallback)
    HAL_UART_IRQHandler                      0x080029d9   Thumb Code   430  stm32f7xx_hal_uart.o(i.HAL_UART_IRQHandler)
    HAL_UART_Init                            0x08002b8d   Thumb Code   116  stm32f7xx_hal_uart.o(i.HAL_UART_Init)
    HAL_UART_MspInit                         0x08002c01   Thumb Code   178  usart.o(i.HAL_UART_MspInit)
    HAL_UART_Receive_IT                      0x08002cc1   Thumb Code   218  stm32f7xx_hal_uart.o(i.HAL_UART_Receive_IT)
    HAL_UART_RxCpltCallback                  0x08002da5   Thumb Code   134  usart.o(i.HAL_UART_RxCpltCallback)
    HAL_UART_TxCpltCallback                  0x08002e41   Thumb Code     2  stm32f7xx_hal_uart.o(i.HAL_UART_TxCpltCallback)
    HardFault_Handler                        0x08002e43   Thumb Code     4  stm32f7xx_it.o(i.HardFault_Handler)
    Init                                     0x08002e47   Thumb Code    76  main.o(i.Init)
    Led0                                     0x080030a5   Thumb Code    16  task.o(i.Led0)
    MemManage_Handler                        0x080030b9   Thumb Code   102  mpu.o(i.MemManage_Handler)
    NMI_Handler                              0x08003159   Thumb Code     2  stm32f7xx_it.o(i.NMI_Handler)
    New_Block                                0x0800315d   Thumb Code   128  tetris.o(i.New_Block)
    PendSV_Handler                           0x080031e9   Thumb Code     2  stm32f7xx_it.o(i.PendSV_Handler)
    ReMove                                   0x080031ed   Thumb Code    90  tetris.o(i.ReMove)
    Refresh_Snake                            0x0800324d   Thumb Code   542  snake.o(i.Refresh_Snake)
    SVC_Handler                              0x0800359d   Thumb Code     2  stm32f7xx_it.o(i.SVC_Handler)
    Sanke_Down                               0x080035a1   Thumb Code    22  snake.o(i.Sanke_Down)
    Sanke_Left                               0x080035c1   Thumb Code    22  snake.o(i.Sanke_Left)
    Sanke_Right                              0x080035e1   Thumb Code    22  snake.o(i.Sanke_Right)
    Sanke_Up                                 0x08003601   Thumb Code    22  snake.o(i.Sanke_Up)
    Snake_Init                               0x08003621   Thumb Code   126  snake.o(i.Snake_Init)
    Snake_Run                                0x080036c1   Thumb Code   286  snake.o(i.Snake_Run)
    SysTick_Handler                          0x08003805   Thumb Code     8  stm32f7xx_it.o(i.SysTick_Handler)
    SystemInit                               0x0800380d   Thumb Code    24  system_stm32f7xx.o(i.SystemInit)
    TIM6_DAC_IRQHandler                      0x08003829   Thumb Code    10  btim.o(i.TIM6_DAC_IRQHandler)
    TIM_Base_SetConfig                       0x08003839   Thumb Code   170  stm32f7xx_hal_tim.o(i.TIM_Base_SetConfig)
    Task_Add                                 0x08003911   Thumb Code    82  task.o(i.Task_Add)
    Task_Init                                0x0800396d   Thumb Code    76  task.o(i.Task_Init)
    Tetris_Down                              0x080039d1   Thumb Code   338  tetris.o(i.Tetris_Down)
    Tetris_Init                              0x08003b35   Thumb Code   604  tetris.o(i.Tetris_Init)
    Tetris_Left                              0x08003d99   Thumb Code    96  tetris.o(i.Tetris_Left)
    Tetris_Refresh                           0x08003dfd   Thumb Code   172  tetris.o(i.Tetris_Refresh)
    Tetris_Right                             0x08003eb1   Thumb Code    96  tetris.o(i.Tetris_Right)
    Tetris_Up                                0x08003f15   Thumb Code   184  tetris.o(i.Tetris_Up)
    UART_AdvFeatureConfig                    0x08003fdd   Thumb Code   248  stm32f7xx_hal_uart.o(i.UART_AdvFeatureConfig)
    UART_CheckIdleState                      0x080040d5   Thumb Code   110  stm32f7xx_hal_uart.o(i.UART_CheckIdleState)
    UART_SetConfig                           0x08004271   Thumb Code   886  stm32f7xx_hal_uart.o(i.UART_SetConfig)
    UART_WaitOnFlagUntilTimeout              0x08004619   Thumb Code   180  stm32f7xx_hal_uart.o(i.UART_WaitOnFlagUntilTimeout)
    USART1_IRQHandler                        0x080046cd   Thumb Code    10  usart.o(i.USART1_IRQHandler)
    Update                                   0x080046dd   Thumb Code    90  tetris.o(i.Update)
    UsageFault_Handler                       0x0800473d   Thumb Code     4  stm32f7xx_it.o(i.UsageFault_Handler)
    _sys_exit                                0x08004779   Thumb Code     4  usart.o(i._sys_exit)
    btim_timx_int_init                       0x0800477d   Thumb Code    34  btim.o(i.btim_timx_int_init)
    delay_init                               0x080047a9   Thumb Code     6  delay.o(i.delay_init)
    delay_ms                                 0x080047b5   Thumb Code    18  delay.o(i.delay_ms)
    delay_us                                 0x080047c9   Thumb Code    68  delay.o(i.delay_us)
    fputc                                    0x08004811   Thumb Code    22  usart.o(i.fputc)
    key_init                                 0x0800482d   Thumb Code   226  key.o(i.key_init)
    lcd_clear                                0x08004921   Thumb Code    58  lcd.o(i.lcd_clear)
    lcd_display_dir                          0x08004969   Thumb Code   390  lcd.o(i.lcd_display_dir)
    lcd_draw_circle                          0x08004af9   Thumb Code   170  lcd.o(i.lcd_draw_circle)
    lcd_draw_point                           0x08004ba5   Thumb Code    44  lcd.o(i.lcd_draw_point)
    lcd_ex_ili9341_reginit                   0x08004bd9   Thumb Code   556  lcd.o(i.lcd_ex_ili9341_reginit)
    lcd_ex_ili9806_reginit                   0x08004e05   Thumb Code   832  lcd.o(i.lcd_ex_ili9806_reginit)
    lcd_ex_nt35310_reginit                   0x08005145   Thumb Code  3826  lcd.o(i.lcd_ex_nt35310_reginit)
    lcd_ex_nt35510_reginit                   0x08006037   Thumb Code  3836  lcd.o(i.lcd_ex_nt35510_reginit)
    lcd_ex_ssd1963_reginit                   0x08006f33   Thumb Code   366  lcd.o(i.lcd_ex_ssd1963_reginit)
    lcd_ex_st7789_reginit                    0x080070a1   Thumb Code   424  lcd.o(i.lcd_ex_st7789_reginit)
    lcd_ex_st7796_reginit                    0x08007249   Thumb Code   454  lcd.o(i.lcd_ex_st7796_reginit)
    lcd_fill                                 0x08007411   Thumb Code   104  lcd.o(i.lcd_fill)
    lcd_init                                 0x08007481   Thumb Code  1266  lcd.o(i.lcd_init)
    lcd_mpu_config                           0x08007981   Thumb Code    80  lcd.o(i.lcd_mpu_config)
    lcd_scan_dir                             0x080079e5   Thumb Code   568  lcd.o(i.lcd_scan_dir)
    lcd_set_cursor                           0x08007c21   Thumb Code   282  lcd.o(i.lcd_set_cursor)
    lcd_ssd_backlight_set                    0x08007d41   Thumb Code    72  lcd.o(i.lcd_ssd_backlight_set)
    lcd_wr_data                              0x08007d91   Thumb Code    18  lcd.o(i.lcd_wr_data)
    lcd_wr_regno                             0x08007da9   Thumb Code    18  lcd.o(i.lcd_wr_regno)
    lcd_write_ram_prepare                    0x08007dc1   Thumb Code    10  lcd.o(i.lcd_write_ram_prepare)
    lcd_write_reg                            0x08007dd5   Thumb Code    10  lcd.o(i.lcd_write_reg)
    led_init                                 0x08007de5   Thumb Code   132  led.o(i.led_init)
    ltdc_clear                               0x08007e71   Thumb Code    32  ltdc.o(i.ltdc_clear)
    ltdc_clk_set                             0x08007e95   Thumb Code    38  ltdc.o(i.ltdc_clk_set)
    ltdc_display_dir                         0x08007ebd   Thumb Code    40  ltdc.o(i.ltdc_display_dir)
    ltdc_draw_point                          0x08007ee9   Thumb Code    70  ltdc.o(i.ltdc_draw_point)
    ltdc_fill                                0x08007f39   Thumb Code   366  ltdc.o(i.ltdc_fill)
    ltdc_init                                0x080080b9   Thumb Code   654  ltdc.o(i.ltdc_init)
    ltdc_layer_parameter_config              0x08008365   Thumb Code   112  ltdc.o(i.ltdc_layer_parameter_config)
    ltdc_layer_window_config                 0x080083dd   Thumb Code    44  ltdc.o(i.ltdc_layer_window_config)
    ltdc_panelid_read                        0x0800840d   Thumb Code   196  ltdc.o(i.ltdc_panelid_read)
    ltdc_select_layer                        0x080084dd   Thumb Code     6  ltdc.o(i.ltdc_select_layer)
    main                                     0x080084e9   Thumb Code    66  main.o(i.main)
    mpu_memory_protection                    0x08008535   Thumb Code   106  mpu.o(i.mpu_memory_protection)
    mpu_set_protection                       0x0800859f   Thumb Code    94  mpu.o(i.mpu_set_protection)
    sdram_init                               0x080085fd   Thumb Code   104  sdram.o(i.sdram_init)
    sdram_initialization_sequence            0x0800866d   Thumb Code    66  sdram.o(i.sdram_initialization_sequence)
    sdram_send_cmd                           0x080086b1   Thumb Code    68  sdram.o(i.sdram_send_cmd)
    sys_cache_enable                         0x080086f9   Thumb Code    24  sys.o(i.sys_cache_enable)
    sys_stm32_clock_init                     0x08008715   Thumb Code   188  sys.o(i.sys_stm32_clock_init)
    transx                                   0x080087d9   Thumb Code    14  snake.o(i.transx)
    transy                                   0x080087e7   Thumb Code    14  snake.o(i.transy)
    usart_init                               0x080087f5   Thumb Code    44  usart.o(i.usart_init)
    _fp_init                                 0x0800882d   Thumb Code    10  fpinit.o(x$fpl$fpinit)
    __fplib_config_fpu_vfp                   0x08008835   Thumb Code     0  fpinit.o(x$fpl$fpinit)
    __fplib_config_pureend_doubles           0x08008835   Thumb Code     0  fpinit.o(x$fpl$fpinit)
    AHBPrescTable                            0x08008836   Data          16  system_stm32f7xx.o(.constdata)
    APBPrescTable                            0x08008846   Data           8  system_stm32f7xx.o(.constdata)
    Region$$Table$$Base                      0x080088e8   Number         0  anon$$obj.o(Region$$Table)
    Region$$Table$$Limit                     0x08008908   Number         0  anon$$obj.o(Region$$Table)
    SystemCoreClock                          0x20020000   Data           4  system_stm32f7xx.o(.data)
    __stdout                                 0x20020008   Data           4  usart.o(.data)
    g_usart_rx_sta                           0x2002000c   Data           2  usart.o(.data)
    g_rx_buffer                              0x2002000e   Data           1  usart.o(.data)
    uwTick                                   0x20020010   Data           4  stm32f7xx_hal.o(.data)
    uwTickPrio                               0x20020014   Data           4  stm32f7xx_hal.o(.data)
    uwTickFreq                               0x20020018   Data           1  stm32f7xx_hal.o(.data)
    g_ltdc_framebuf                          0x2002001c   Data           8  ltdc.o(.data)
    TaskNum                                  0x20020024   Data           1  task.o(.data)
    Key0Cnt                                  0x20020026   Data           2  task.o(.data)
    Key1Cnt                                  0x20020028   Data           2  task.o(.data)
    Key2Cnt                                  0x2002002a   Data           2  task.o(.data)
    Key3Cnt                                  0x2002002c   Data           2  task.o(.data)
    GameNum                                  0x2002002e   Data           1  task.o(.data)
    f                                        0x2002002f   Data           1  task.o(.data)
    g_usart_rx_buf                           0x20020044   Data         200  usart.o(.bss)
    g_uart1_handle                           0x2002010c   Data         128  usart.o(.bss)
    g_timx_handle                            0x2002018c   Data          64  btim.o(.bss)
    g_sram_handle                            0x200201cc   Data          76  lcd.o(.bss)
    lcddev                                   0x20020218   Data          14  lcd.o(.bss)
    g_sdram_handle                           0x20020228   Data          52  sdram.o(.bss)
    g_ltdc_handle                            0x2002025c   Data         168  ltdc.o(.bss)
    g_dma2d_handle                           0x20020304   Data          88  ltdc.o(.bss)
    lcdltdc                                  0x2002035c   Data          32  ltdc.o(.bss)
    myTask                                   0x2002037c   Data         240  task.o(.bss)
    Block                                    0x20020b62   Data         280  tetris.o(.bss)
    _random_number_data                      0x20020ca0   Data         228  rand.o(.bss)
    __libspace_start                         0x20020d84   Data          96  libspace.o(.bss)
    __temporary_stack_top$libspace           0x20020de4   Data           0  libspace.o(.bss)
    ltdc_lcd_framebuf                        0xc0000000   Data       2048000  ltdc.o(.ARM.__AT_0xC0000000)



==============================================================================

Memory Map of the image

  Image Entry point : 0x080001f9

  Load Region LR_IROM1 (Base: 0x08000000, Size: 0x0000894c, Max: 0x00100000, ABSOLUTE)

    Execution Region ER_IROM1 (Exec base: 0x08000000, Load base: 0x08000000, Size: 0x00008908, Max: 0x00100000, ABSOLUTE)

    Exec Addr    Load Addr    Size         Type   Attr      Idx    E Section Name        Object

    0x08000000   0x08000000   0x000001f8   Data   RO            3    RESET               startup_stm32f767xx.o
    0x080001f8   0x080001f8   0x00000008   Code   RO         4827  * !!!main             c_w.l(__main.o)
    0x08000200   0x08000200   0x00000034   Code   RO         4997    !!!scatter          c_w.l(__scatter.o)
    0x08000234   0x08000234   0x0000001a   Code   RO         4999    !!handler_copy      c_w.l(__scatter_copy.o)
    0x0800024e   0x0800024e   0x00000002   PAD
    0x08000250   0x08000250   0x0000001c   Code   RO         5001    !!handler_zi        c_w.l(__scatter_zi.o)
    0x0800026c   0x0800026c   0x00000002   Code   RO         4929    .ARM.Collect$$libinit$$00000000  c_w.l(libinit.o)
    0x0800026e   0x0800026e   0x00000004   Code   RO         4838    .ARM.Collect$$libinit$$00000001  c_w.l(libinit2.o)
    0x08000272   0x08000272   0x00000000   Code   RO         4841    .ARM.Collect$$libinit$$00000004  c_w.l(libinit2.o)
    0x08000272   0x08000272   0x00000000   Code   RO         4844    .ARM.Collect$$libinit$$0000000A  c_w.l(libinit2.o)
    0x08000272   0x08000272   0x00000000   Code   RO         4846    .ARM.Collect$$libinit$$0000000C  c_w.l(libinit2.o)
    0x08000272   0x08000272   0x00000004   Code   RO         4847    .ARM.Collect$$libinit$$0000000D  c_w.l(libinit2.o)
    0x08000276   0x08000276   0x00000000   Code   RO         4848    .ARM.Collect$$libinit$$0000000E  c_w.l(libinit2.o)
    0x08000276   0x08000276   0x00000000   Code   RO         4851    .ARM.Collect$$libinit$$00000011  c_w.l(libinit2.o)
    0x08000276   0x08000276   0x00000000   Code   RO         4853    .ARM.Collect$$libinit$$00000013  c_w.l(libinit2.o)
    0x08000276   0x08000276   0x00000000   Code   RO         4855    .ARM.Collect$$libinit$$00000015  c_w.l(libinit2.o)
    0x08000276   0x08000276   0x00000000   Code   RO         4857    .ARM.Collect$$libinit$$00000017  c_w.l(libinit2.o)
    0x08000276   0x08000276   0x00000000   Code   RO         4859    .ARM.Collect$$libinit$$00000019  c_w.l(libinit2.o)
    0x08000276   0x08000276   0x00000000   Code   RO         4861    .ARM.Collect$$libinit$$0000001B  c_w.l(libinit2.o)
    0x08000276   0x08000276   0x00000000   Code   RO         4863    .ARM.Collect$$libinit$$0000001D  c_w.l(libinit2.o)
    0x08000276   0x08000276   0x00000000   Code   RO         4865    .ARM.Collect$$libinit$$0000001F  c_w.l(libinit2.o)
    0x08000276   0x08000276   0x00000000   Code   RO         4867    .ARM.Collect$$libinit$$00000021  c_w.l(libinit2.o)
    0x08000276   0x08000276   0x00000000   Code   RO         4869    .ARM.Collect$$libinit$$00000023  c_w.l(libinit2.o)
    0x08000276   0x08000276   0x00000000   Code   RO         4871    .ARM.Collect$$libinit$$00000025  c_w.l(libinit2.o)
    0x08000276   0x08000276   0x00000000   Code   RO         4875    .ARM.Collect$$libinit$$0000002C  c_w.l(libinit2.o)
    0x08000276   0x08000276   0x00000000   Code   RO         4877    .ARM.Collect$$libinit$$0000002E  c_w.l(libinit2.o)
    0x08000276   0x08000276   0x00000000   Code   RO         4879    .ARM.Collect$$libinit$$00000030  c_w.l(libinit2.o)
    0x08000276   0x08000276   0x00000000   Code   RO         4881    .ARM.Collect$$libinit$$00000032  c_w.l(libinit2.o)
    0x08000276   0x08000276   0x00000002   Code   RO         4882    .ARM.Collect$$libinit$$00000033  c_w.l(libinit2.o)
    0x08000278   0x08000278   0x00000002   Code   RO         4964    .ARM.Collect$$libshutdown$$00000000  c_w.l(libshutdown.o)
    0x0800027a   0x0800027a   0x00000000   Code   RO         4980    .ARM.Collect$$libshutdown$$00000002  c_w.l(libshutdown2.o)
    0x0800027a   0x0800027a   0x00000000   Code   RO         4982    .ARM.Collect$$libshutdown$$00000004  c_w.l(libshutdown2.o)
    0x0800027a   0x0800027a   0x00000000   Code   RO         4985    .ARM.Collect$$libshutdown$$00000007  c_w.l(libshutdown2.o)
    0x0800027a   0x0800027a   0x00000000   Code   RO         4988    .ARM.Collect$$libshutdown$$0000000A  c_w.l(libshutdown2.o)
    0x0800027a   0x0800027a   0x00000000   Code   RO         4990    .ARM.Collect$$libshutdown$$0000000C  c_w.l(libshutdown2.o)
    0x0800027a   0x0800027a   0x00000000   Code   RO         4993    .ARM.Collect$$libshutdown$$0000000F  c_w.l(libshutdown2.o)
    0x0800027a   0x0800027a   0x00000002   Code   RO         4994    .ARM.Collect$$libshutdown$$00000010  c_w.l(libshutdown2.o)
    0x0800027c   0x0800027c   0x00000000   Code   RO         4831    .ARM.Collect$$rtentry$$00000000  c_w.l(__rtentry.o)
    0x0800027c   0x0800027c   0x00000000   Code   RO         4884    .ARM.Collect$$rtentry$$00000002  c_w.l(__rtentry2.o)
    0x0800027c   0x0800027c   0x00000006   Code   RO         4896    .ARM.Collect$$rtentry$$00000004  c_w.l(__rtentry4.o)
    0x08000282   0x08000282   0x00000000   Code   RO         4886    .ARM.Collect$$rtentry$$00000009  c_w.l(__rtentry2.o)
    0x08000282   0x08000282   0x00000004   Code   RO         4887    .ARM.Collect$$rtentry$$0000000A  c_w.l(__rtentry2.o)
    0x08000286   0x08000286   0x00000000   Code   RO         4889    .ARM.Collect$$rtentry$$0000000C  c_w.l(__rtentry2.o)
    0x08000286   0x08000286   0x00000008   Code   RO         4890    .ARM.Collect$$rtentry$$0000000D  c_w.l(__rtentry2.o)
    0x0800028e   0x0800028e   0x00000002   Code   RO         4933    .ARM.Collect$$rtexit$$00000000  c_w.l(rtexit.o)
    0x08000290   0x08000290   0x00000000   Code   RO         4948    .ARM.Collect$$rtexit$$00000002  c_w.l(rtexit2.o)
    0x08000290   0x08000290   0x00000004   Code   RO         4949    .ARM.Collect$$rtexit$$00000003  c_w.l(rtexit2.o)
    0x08000294   0x08000294   0x00000006   Code   RO         4950    .ARM.Collect$$rtexit$$00000004  c_w.l(rtexit2.o)
    0x0800029a   0x0800029a   0x00000002   PAD
    0x0800029c   0x0800029c   0x00000034   Code   RO         4814    .emb_text           c_w.l(rand.o)
    0x080002d0   0x080002d0   0x0000004c   Code   RO            4    .text               startup_stm32f767xx.o
    0x0800031c   0x0800031c   0x00000002   Code   RO         4806    .text               c_w.l(use_no_semi_2.o)
    0x0800031e   0x0800031e   0x000000ee   Code   RO         4808    .text               c_w.l(lludivv7m.o)
    0x0800040c   0x0800040c   0x00000018   Code   RO         4812    .text               c_w.l(noretval__2printf.o)
    0x08000424   0x08000424   0x0000003c   Code   RO         4815    .text               c_w.l(rand.o)
    0x08000460   0x08000460   0x0000008a   Code   RO         4819    .text               c_w.l(rt_memcpy_v6.o)
    0x080004ea   0x080004ea   0x00000064   Code   RO         4821    .text               c_w.l(rt_memcpy_w.o)
    0x0800054e   0x0800054e   0x0000004e   Code   RO         4823    .text               c_w.l(rt_memclr_w.o)
    0x0800059c   0x0800059c   0x00000006   Code   RO         4825    .text               c_w.l(heapauxi.o)
    0x080005a2   0x080005a2   0x00000002   Code   RO         4829    .text               c_w.l(use_no_semi.o)
    0x080005a4   0x080005a4   0x00000024   Code   RO         4836    .text               c_w.l(_printf_char_file.o)
    0x080005c8   0x080005c8   0x00000030   Code   RO         4900    .text               c_w.l(_printf_char_common.o)
    0x080005f8   0x080005f8   0x00000008   Code   RO         4902    .text               c_w.l(ferror.o)
    0x08000600   0x08000600   0x0000004a   Code   RO         4910    .text               c_w.l(sys_stackheap_outer.o)
    0x0800064a   0x0800064a   0x00000028   Code   RO         4912    .text               c_w.l(__printf_nopercent.o)
    0x08000672   0x08000672   0x00000012   Code   RO         4914    .text               c_w.l(exit.o)
    0x08000684   0x08000684   0x00000008   Code   RO         4930    .text               c_w.l(libspace.o)
    0x0800068c   0x0800068c   0x00000004   Code   RO          322    i.BusFault_Handler  stm32f7xx_it.o
    0x08000690   0x08000690   0x00000074   Code   RO         4715    i.Check             tetris.o
    0x08000704   0x08000704   0x00000030   Code   RO         4633    i.CheckDie          snake.o
    0x08000734   0x08000734   0x00000058   Code   RO         4559    i.Check_Key0        task.o
    0x0800078c   0x0800078c   0x00000058   Code   RO         4560    i.Check_Key1        task.o
    0x080007e4   0x080007e4   0x00000058   Code   RO         4561    i.Check_Key2        task.o
    0x0800083c   0x0800083c   0x00000070   Code   RO         4562    i.Check_Key3        task.o
    0x080008ac   0x080008ac   0x00000002   Code   RO          323    i.DebugMon_Handler  stm32f7xx_it.o
    0x080008ae   0x080008ae   0x00000124   Code   RO         4716    i.Draw_Block        tetris.o
    0x080009d2   0x080009d2   0x00000002   PAD
    0x080009d4   0x080009d4   0x00000048   Code   RO         2422    i.FMC_NORSRAM_Extended_Timing_Init  stm32f7xx_ll_fmc.o
    0x08000a1c   0x08000a1c   0x00000080   Code   RO         2423    i.FMC_NORSRAM_Init  stm32f7xx_ll_fmc.o
    0x08000a9c   0x08000a9c   0x00000062   Code   RO         2424    i.FMC_NORSRAM_Timing_Init  stm32f7xx_ll_fmc.o
    0x08000afe   0x08000afe   0x00000074   Code   RO         2429    i.FMC_SDRAM_Init    stm32f7xx_ll_fmc.o
    0x08000b72   0x08000b72   0x0000000e   Code   RO         2430    i.FMC_SDRAM_ProgramRefreshRate  stm32f7xx_ll_fmc.o
    0x08000b80   0x08000b80   0x00000026   Code   RO         2431    i.FMC_SDRAM_SendCommand  stm32f7xx_ll_fmc.o
    0x08000ba6   0x08000ba6   0x00000002   PAD
    0x08000ba8   0x08000ba8   0x0000009c   Code   RO         2433    i.FMC_SDRAM_Timing_Init  stm32f7xx_ll_fmc.o
    0x08000c44   0x08000c44   0x00000028   Code   RO          986    i.HAL_DMA_Abort_IT  stm32f7xx_hal_dma.o
    0x08000c6c   0x08000c6c   0x00000218   Code   RO         1132    i.HAL_GPIO_Init     stm32f7xx_hal_gpio.o
    0x08000e84   0x08000e84   0x00000010   Code   RO         1134    i.HAL_GPIO_ReadPin  stm32f7xx_hal_gpio.o
    0x08000e94   0x08000e94   0x00000010   Code   RO         1135    i.HAL_GPIO_TogglePin  stm32f7xx_hal_gpio.o
    0x08000ea4   0x08000ea4   0x0000000c   Code   RO         1136    i.HAL_GPIO_WritePin  stm32f7xx_hal_gpio.o
    0x08000eb0   0x08000eb0   0x0000000c   Code   RO          649    i.HAL_GetTick       stm32f7xx_hal.o
    0x08000ebc   0x08000ebc   0x00000018   Code   RO          655    i.HAL_IncTick       stm32f7xx_hal.o
    0x08000ed4   0x08000ed4   0x00000030   Code   RO          656    i.HAL_Init          stm32f7xx_hal.o
    0x08000f04   0x08000f04   0x0000004c   Code   RO          657    i.HAL_InitTick      stm32f7xx_hal.o
    0x08000f50   0x08000f50   0x0000005e   Code   RO         3690    i.HAL_LTDC_ConfigLayer  stm32f7xx_hal_ltdc.o
    0x08000fae   0x08000fae   0x00000002   PAD
    0x08000fb0   0x08000fb0   0x00000118   Code   RO         3707    i.HAL_LTDC_Init     stm32f7xx_hal_ltdc.o
    0x080010c8   0x080010c8   0x00000140   Code   RO         4443    i.HAL_LTDC_MspInit  ltdc.o
    0x08001208   0x08001208   0x0000006c   Code   RO         3722    i.HAL_LTDC_SetWindowPosition  stm32f7xx_hal_ltdc.o
    0x08001274   0x08001274   0x0000006c   Code   RO         3724    i.HAL_LTDC_SetWindowSize  stm32f7xx_hal_ltdc.o
    0x080012e0   0x080012e0   0x0000005c   Code   RO          842    i.HAL_MPU_ConfigRegion  stm32f7xx_hal_cortex.o
    0x0800133c   0x0800133c   0x0000002c   Code   RO          843    i.HAL_MPU_Disable   stm32f7xx_hal_cortex.o
    0x08001368   0x08001368   0x00000040   Code   RO          844    i.HAL_MPU_Enable    stm32f7xx_hal_cortex.o
    0x080013a8   0x080013a8   0x00000002   Code   RO          659    i.HAL_MspInit       stm32f7xx_hal.o
    0x080013aa   0x080013aa   0x00000020   Code   RO          847    i.HAL_NVIC_EnableIRQ  stm32f7xx_hal_cortex.o
    0x080013ca   0x080013ca   0x0000007c   Code   RO          853    i.HAL_NVIC_SetPriority  stm32f7xx_hal_cortex.o
    0x08001446   0x08001446   0x00000002   PAD
    0x08001448   0x08001448   0x00000028   Code   RO          854    i.HAL_NVIC_SetPriorityGrouping  stm32f7xx_hal_cortex.o
    0x08001470   0x08001470   0x00000090   Code   RO         1325    i.HAL_PWREx_EnableOverDrive  stm32f7xx_hal_pwr_ex.o
    0x08001500   0x08001500   0x00000758   Code   RO         1519    i.HAL_RCCEx_PeriphCLKConfig  stm32f7xx_hal_rcc_ex.o
    0x08001c58   0x08001c58   0x00000194   Code   RO         1412    i.HAL_RCC_ClockConfig  stm32f7xx_hal_rcc.o
    0x08001dec   0x08001dec   0x0000000c   Code   RO         1417    i.HAL_RCC_GetHCLKFreq  stm32f7xx_hal_rcc.o
    0x08001df8   0x08001df8   0x00000020   Code   RO         1419    i.HAL_RCC_GetPCLK1Freq  stm32f7xx_hal_rcc.o
    0x08001e18   0x08001e18   0x00000020   Code   RO         1420    i.HAL_RCC_GetPCLK2Freq  stm32f7xx_hal_rcc.o
    0x08001e38   0x08001e38   0x000000b0   Code   RO         1421    i.HAL_RCC_GetSysClockFreq  stm32f7xx_hal_rcc.o
    0x08001ee8   0x08001ee8   0x00000514   Code   RO         1424    i.HAL_RCC_OscConfig  stm32f7xx_hal_rcc.o
    0x080023fc   0x080023fc   0x00000040   Code   RO         3537    i.HAL_SDRAM_Init    stm32f7xx_hal_sdram.o
    0x0800243c   0x0800243c   0x0000011c   Code   RO         4315    i.HAL_SDRAM_MspInit  sdram.o
    0x08002558   0x08002558   0x00000028   Code   RO         3540    i.HAL_SDRAM_ProgramRefreshRate  stm32f7xx_hal_sdram.o
    0x08002580   0x08002580   0x0000003a   Code   RO         3546    i.HAL_SDRAM_SendCommand  stm32f7xx_hal_sdram.o
    0x080025ba   0x080025ba   0x00000058   Code   RO         2298    i.HAL_SRAM_Init     stm32f7xx_hal_sram.o
    0x08002612   0x08002612   0x00000002   PAD
    0x08002614   0x08002614   0x00000098   Code   RO         4032    i.HAL_SRAM_MspInit  lcd.o
    0x080026ac   0x080026ac   0x00000034   Code   RO          858    i.HAL_SYSTICK_Config  stm32f7xx_hal_cortex.o
    0x080026e0   0x080026e0   0x00000002   Code   RO         3262    i.HAL_TIMEx_Break2Callback  stm32f7xx_hal_tim_ex.o
    0x080026e2   0x080026e2   0x00000002   Code   RO         3263    i.HAL_TIMEx_BreakCallback  stm32f7xx_hal_tim_ex.o
    0x080026e4   0x080026e4   0x00000002   Code   RO         3264    i.HAL_TIMEx_CommutCallback  stm32f7xx_hal_tim_ex.o
    0x080026e6   0x080026e6   0x00000034   Code   RO         2566    i.HAL_TIM_Base_Init  stm32f7xx_hal_tim.o
    0x0800271a   0x0800271a   0x00000002   PAD
    0x0800271c   0x0800271c   0x00000048   Code   RO         3962    i.HAL_TIM_Base_MspInit  btim.o
    0x08002764   0x08002764   0x00000038   Code   RO         2571    i.HAL_TIM_Base_Start_IT  stm32f7xx_hal_tim.o
    0x0800279c   0x0800279c   0x00000002   Code   RO         2595    i.HAL_TIM_IC_CaptureCallback  stm32f7xx_hal_tim.o
    0x0800279e   0x0800279e   0x000001b8   Code   RO         2609    i.HAL_TIM_IRQHandler  stm32f7xx_hal_tim.o
    0x08002956   0x08002956   0x00000002   Code   RO         2612    i.HAL_TIM_OC_DelayElapsedCallback  stm32f7xx_hal_tim.o
    0x08002958   0x08002958   0x00000002   Code   RO         2639    i.HAL_TIM_PWM_PulseFinishedCallback  stm32f7xx_hal_tim.o
    0x0800295a   0x0800295a   0x00000002   PAD
    0x0800295c   0x0800295c   0x00000074   Code   RO         3963    i.HAL_TIM_PeriodElapsedCallback  btim.o
    0x080029d0   0x080029d0   0x00000002   Code   RO         2652    i.HAL_TIM_TriggerCallback  stm32f7xx_hal_tim.o
    0x080029d2   0x080029d2   0x00000002   Code   RO         1582    i.HAL_UARTEx_WakeupCallback  stm32f7xx_hal_uart.o
    0x080029d4   0x080029d4   0x00000002   Code   RO         1598    i.HAL_UART_ErrorCallback  stm32f7xx_hal_uart.o
    0x080029d6   0x080029d6   0x00000002   PAD
    0x080029d8   0x080029d8   0x000001b4   Code   RO         1601    i.HAL_UART_IRQHandler  stm32f7xx_hal_uart.o
    0x08002b8c   0x08002b8c   0x00000074   Code   RO         1602    i.HAL_UART_Init     stm32f7xx_hal_uart.o
    0x08002c00   0x08002c00   0x000000c0   Code   RO          555    i.HAL_UART_MspInit  usart.o
    0x08002cc0   0x08002cc0   0x000000e4   Code   RO         1607    i.HAL_UART_Receive_IT  stm32f7xx_hal_uart.o
    0x08002da4   0x08002da4   0x0000009c   Code   RO          556    i.HAL_UART_RxCpltCallback  usart.o
    0x08002e40   0x08002e40   0x00000002   Code   RO         1614    i.HAL_UART_TxCpltCallback  stm32f7xx_hal_uart.o
    0x08002e42   0x08002e42   0x00000004   Code   RO          324    i.HardFault_Handler  stm32f7xx_it.o
    0x08002e46   0x08002e46   0x0000004c   Code   RO           13    i.Init              main.o
    0x08002e92   0x08002e92   0x00000210   Code   RO         3726    i.LTDC_SetConfig    stm32f7xx_hal_ltdc.o
    0x080030a2   0x080030a2   0x00000002   PAD
    0x080030a4   0x080030a4   0x00000014   Code   RO         4563    i.Led0              task.o
    0x080030b8   0x080030b8   0x000000a0   Code   RO         4403    i.MemManage_Handler  mpu.o
    0x08003158   0x08003158   0x00000002   Code   RO          325    i.NMI_Handler       stm32f7xx_it.o
    0x0800315a   0x0800315a   0x00000002   PAD
    0x0800315c   0x0800315c   0x0000008c   Code   RO         4717    i.New_Block         tetris.o
    0x080031e8   0x080031e8   0x00000002   Code   RO          326    i.PendSV_Handler    stm32f7xx_it.o
    0x080031ea   0x080031ea   0x00000002   PAD
    0x080031ec   0x080031ec   0x00000060   Code   RO         4718    i.ReMove            tetris.o
    0x0800324c   0x0800324c   0x00000238   Code   RO         4634    i.Refresh_Snake     snake.o
    0x08003484   0x08003484   0x0000009c   Code   RO          472    i.SCB_EnableDCache  sys.o
    0x08003520   0x08003520   0x0000007c   Code   RO          473    i.SCB_EnableICache  sys.o
    0x0800359c   0x0800359c   0x00000002   Code   RO          327    i.SVC_Handler       stm32f7xx_it.o
    0x0800359e   0x0800359e   0x00000002   PAD
    0x080035a0   0x080035a0   0x00000020   Code   RO         4635    i.Sanke_Down        snake.o
    0x080035c0   0x080035c0   0x00000020   Code   RO         4636    i.Sanke_Left        snake.o
    0x080035e0   0x080035e0   0x00000020   Code   RO         4637    i.Sanke_Right       snake.o
    0x08003600   0x08003600   0x00000020   Code   RO         4638    i.Sanke_Up          snake.o
    0x08003620   0x08003620   0x000000a0   Code   RO         4639    i.Snake_Init        snake.o
    0x080036c0   0x080036c0   0x00000144   Code   RO         4640    i.Snake_Run         snake.o
    0x08003804   0x08003804   0x00000008   Code   RO          328    i.SysTick_Handler   stm32f7xx_it.o
    0x0800380c   0x0800380c   0x0000001c   Code   RO          392    i.SystemInit        system_stm32f7xx.o
    0x08003828   0x08003828   0x00000010   Code   RO         3964    i.TIM6_DAC_IRQHandler  btim.o
    0x08003838   0x08003838   0x000000d8   Code   RO         2654    i.TIM_Base_SetConfig  stm32f7xx_hal_tim.o
    0x08003910   0x08003910   0x0000005c   Code   RO         4565    i.Task_Add          task.o
    0x0800396c   0x0800396c   0x00000064   Code   RO         4566    i.Task_Init         task.o
    0x080039d0   0x080039d0   0x00000164   Code   RO         4719    i.Tetris_Down       tetris.o
    0x08003b34   0x08003b34   0x00000264   Code   RO         4720    i.Tetris_Init       tetris.o
    0x08003d98   0x08003d98   0x00000064   Code   RO         4721    i.Tetris_Left       tetris.o
    0x08003dfc   0x08003dfc   0x000000b4   Code   RO         4722    i.Tetris_Refresh    tetris.o
    0x08003eb0   0x08003eb0   0x00000064   Code   RO         4723    i.Tetris_Right      tetris.o
    0x08003f14   0x08003f14   0x000000c8   Code   RO         4724    i.Tetris_Up         tetris.o
    0x08003fdc   0x08003fdc   0x000000f8   Code   RO         1616    i.UART_AdvFeatureConfig  stm32f7xx_hal_uart.o
    0x080040d4   0x080040d4   0x0000006e   Code   RO         1617    i.UART_CheckIdleState  stm32f7xx_hal_uart.o
    0x08004142   0x08004142   0x00000018   Code   RO         1618    i.UART_DMAAbortOnError  stm32f7xx_hal_uart.o
    0x0800415a   0x0800415a   0x00000022   Code   RO         1628    i.UART_EndRxTransfer  stm32f7xx_hal_uart.o
    0x0800417c   0x0800417c   0x00000020   Code   RO         1629    i.UART_EndTransmit_IT  stm32f7xx_hal_uart.o
    0x0800419c   0x0800419c   0x0000006c   Code   RO         1631    i.UART_RxISR_16BIT  stm32f7xx_hal_uart.o
    0x08004208   0x08004208   0x00000068   Code   RO         1632    i.UART_RxISR_8BIT   stm32f7xx_hal_uart.o
    0x08004270   0x08004270   0x000003a8   Code   RO         1633    i.UART_SetConfig    stm32f7xx_hal_uart.o
    0x08004618   0x08004618   0x000000b4   Code   RO         1636    i.UART_WaitOnFlagUntilTimeout  stm32f7xx_hal_uart.o
    0x080046cc   0x080046cc   0x00000010   Code   RO          557    i.USART1_IRQHandler  usart.o
    0x080046dc   0x080046dc   0x00000060   Code   RO         4725    i.Update            tetris.o
    0x0800473c   0x0800473c   0x00000004   Code   RO          329    i.UsageFault_Handler  stm32f7xx_it.o
    0x08004740   0x08004740   0x00000010   Code   RO          860    i.__NVIC_GetPriorityGrouping  stm32f7xx_hal_cortex.o
    0x08004750   0x08004750   0x00000028   Code   RO          861    i.__NVIC_SetPriority  stm32f7xx_hal_cortex.o
    0x08004778   0x08004778   0x00000004   Code   RO          559    i._sys_exit         usart.o
    0x0800477c   0x0800477c   0x0000002c   Code   RO         3965    i.btim_timx_int_init  btim.o
    0x080047a8   0x080047a8   0x0000000c   Code   RO          429    i.delay_init        delay.o
    0x080047b4   0x080047b4   0x00000012   Code   RO          430    i.delay_ms          delay.o
    0x080047c6   0x080047c6   0x00000002   PAD
    0x080047c8   0x080047c8   0x00000048   Code   RO          431    i.delay_us          delay.o
    0x08004810   0x08004810   0x0000001c   Code   RO          561    i.fputc             usart.o
    0x0800482c   0x0800482c   0x000000f4   Code   RO         4372    i.key_init          key.o
    0x08004920   0x08004920   0x00000048   Code   RO         4034    i.lcd_clear         lcd.o
    0x08004968   0x08004968   0x00000190   Code   RO         4036    i.lcd_display_dir   lcd.o
    0x08004af8   0x08004af8   0x000000aa   Code   RO         4039    i.lcd_draw_circle   lcd.o
    0x08004ba2   0x08004ba2   0x00000002   PAD
    0x08004ba4   0x08004ba4   0x00000034   Code   RO         4042    i.lcd_draw_point    lcd.o
    0x08004bd8   0x08004bd8   0x0000022c   Code   RO         4044    i.lcd_ex_ili9341_reginit  lcd.o
    0x08004e04   0x08004e04   0x00000340   Code   RO         4045    i.lcd_ex_ili9806_reginit  lcd.o
    0x08005144   0x08005144   0x00000ef2   Code   RO         4046    i.lcd_ex_nt35310_reginit  lcd.o
    0x08006036   0x08006036   0x00000efc   Code   RO         4047    i.lcd_ex_nt35510_reginit  lcd.o
    0x08006f32   0x08006f32   0x0000016e   Code   RO         4048    i.lcd_ex_ssd1963_reginit  lcd.o
    0x080070a0   0x080070a0   0x000001a8   Code   RO         4049    i.lcd_ex_st7789_reginit  lcd.o
    0x08007248   0x08007248   0x000001c6   Code   RO         4050    i.lcd_ex_st7796_reginit  lcd.o
    0x0800740e   0x0800740e   0x00000002   PAD
    0x08007410   0x08007410   0x00000070   Code   RO         4051    i.lcd_fill          lcd.o
    0x08007480   0x08007480   0x00000500   Code   RO         4053    i.lcd_init          lcd.o
    0x08007980   0x08007980   0x00000050   Code   RO         4054    i.lcd_mpu_config    lcd.o
    0x080079d0   0x080079d0   0x00000014   Code   RO         4057    i.lcd_rd_data       lcd.o
    0x080079e4   0x080079e4   0x0000023c   Code   RO         4059    i.lcd_scan_dir      lcd.o
    0x08007c20   0x08007c20   0x00000120   Code   RO         4060    i.lcd_set_cursor    lcd.o
    0x08007d40   0x08007d40   0x00000050   Code   RO         4066    i.lcd_ssd_backlight_set  lcd.o
    0x08007d90   0x08007d90   0x00000018   Code   RO         4067    i.lcd_wr_data       lcd.o
    0x08007da8   0x08007da8   0x00000018   Code   RO         4068    i.lcd_wr_regno      lcd.o
    0x08007dc0   0x08007dc0   0x00000014   Code   RO         4070    i.lcd_write_ram_prepare  lcd.o
    0x08007dd4   0x08007dd4   0x00000010   Code   RO         4071    i.lcd_write_reg     lcd.o
    0x08007de4   0x08007de4   0x0000008c   Code   RO         4008    i.led_init          led.o
    0x08007e70   0x08007e70   0x00000024   Code   RO         4444    i.ltdc_clear        ltdc.o
    0x08007e94   0x08007e94   0x00000026   Code   RO         4445    i.ltdc_clk_set      ltdc.o
    0x08007eba   0x08007eba   0x00000002   PAD
    0x08007ebc   0x08007ebc   0x0000002c   Code   RO         4447    i.ltdc_display_dir  ltdc.o
    0x08007ee8   0x08007ee8   0x00000050   Code   RO         4448    i.ltdc_draw_point   ltdc.o
    0x08007f38   0x08007f38   0x00000180   Code   RO         4449    i.ltdc_fill         ltdc.o
    0x080080b8   0x080080b8   0x000002ac   Code   RO         4450    i.ltdc_init         ltdc.o
    0x08008364   0x08008364   0x00000078   Code   RO         4451    i.ltdc_layer_parameter_config  ltdc.o
    0x080083dc   0x080083dc   0x00000030   Code   RO         4453    i.ltdc_layer_window_config  ltdc.o
    0x0800840c   0x0800840c   0x000000d0   Code   RO         4454    i.ltdc_panelid_read  ltdc.o
    0x080084dc   0x080084dc   0x0000000c   Code   RO         4456    i.ltdc_select_layer  ltdc.o
    0x080084e8   0x080084e8   0x0000004c   Code   RO           14    i.main              main.o
    0x08008534   0x08008534   0x0000006a   Code   RO         4404    i.mpu_memory_protection  mpu.o
    0x0800859e   0x0800859e   0x0000005e   Code   RO         4405    i.mpu_set_protection  mpu.o
    0x080085fc   0x080085fc   0x00000070   Code   RO         4318    i.sdram_init        sdram.o
    0x0800866c   0x0800866c   0x00000042   Code   RO         4319    i.sdram_initialization_sequence  sdram.o
    0x080086ae   0x080086ae   0x00000002   PAD
    0x080086b0   0x080086b0   0x00000048   Code   RO         4320    i.sdram_send_cmd    sdram.o
    0x080086f8   0x080086f8   0x0000001c   Code   RO          476    i.sys_cache_enable  sys.o
    0x08008714   0x08008714   0x000000c4   Code   RO          480    i.sys_stm32_clock_init  sys.o
    0x080087d8   0x080087d8   0x0000000e   Code   RO         4641    i.transx            snake.o
    0x080087e6   0x080087e6   0x0000000e   Code   RO         4642    i.transy            snake.o
    0x080087f4   0x080087f4   0x00000038   Code   RO          562    i.usart_init        usart.o
    0x0800882c   0x0800882c   0x0000000a   Code   RO         4908    x$fpl$fpinit        fz_wv.l(fpinit.o)
    0x08008836   0x08008836   0x00000018   Data   RO          393    .constdata          system_stm32f7xx.o
    0x0800884e   0x0800884e   0x00000002   PAD
    0x08008850   0x08008850   0x00000098   Data   RO         4727    .constdata          tetris.o
    0x080088e8   0x080088e8   0x00000020   Data   RO         4995    Region$$Table       anon$$obj.o


    Execution Region RW_IRAM2 (Exec base: 0x20000000, Load base: 0x0800894c, Size: 0x00000000, Max: 0x00020000, ABSOLUTE)

    **** No section assigned to this execution region ****


    Execution Region RW_IRAM1 (Exec base: 0x20020000, Load base: 0x08008908, Size: 0x000015e8, Max: 0x00060000, ABSOLUTE)

    Exec Addr    Load Addr    Size         Type   Attr      Idx    E Section Name        Object

    0x20020000   0x08008908   0x00000004   Data   RW          394    .data               system_stm32f7xx.o
    0x20020004   0x0800890c   0x00000004   Data   RW          432    .data               delay.o
    0x20020008   0x08008910   0x00000007   Data   RW          564    .data               usart.o
    0x2002000f   0x08008917   0x00000001   PAD
    0x20020010   0x08008918   0x00000009   Data   RW          663    .data               stm32f7xx_hal.o
    0x20020019   0x08008921   0x00000003   PAD
    0x2002001c   0x08008924   0x00000008   Data   RW         4460    .data               ltdc.o
    0x20020024   0x0800892c   0x0000000c   Data   RW         4568    .data               task.o
    0x20020030   0x08008938   0x00000012   Data   RW         4644    .data               snake.o
    0x20020042   0x0800894a   0x00000002   Data   RW         4728    .data               tetris.o
    0x20020044        -       0x00000148   Zero   RW          563    .bss                usart.o
    0x2002018c        -       0x00000040   Zero   RW         3966    .bss                btim.o
    0x200201cc        -       0x0000005a   Zero   RW         4072    .bss                lcd.o
    0x20020226   0x0800894c   0x00000002   PAD
    0x20020228        -       0x00000034   Zero   RW         4321    .bss                sdram.o
    0x2002025c        -       0x00000120   Zero   RW         4459    .bss                ltdc.o
    0x2002037c        -       0x000000f0   Zero   RW         4567    .bss                task.o
    0x2002046c        -       0x000005ee   Zero   RW         4643    .bss                snake.o
    0x20020a5a        -       0x00000243   Zero   RW         4726    .bss                tetris.o
    0x20020c9d   0x0800894c   0x00000003   PAD
    0x20020ca0        -       0x000000e4   Zero   RW         4816    .bss                c_w.l(rand.o)
    0x20020d84        -       0x00000060   Zero   RW         4931    .bss                c_w.l(libspace.o)
    0x20020de4   0x0800894c   0x00000004   PAD
    0x20020de8        -       0x00000000   Zero   RW            2    HEAP                startup_stm32f767xx.o
    0x20020de8        -       0x00000800   Zero   RW            1    STACK               startup_stm32f767xx.o



  Load Region LR$$.ARM.__AT_0xC0000000 (Base: 0xc0000000, Size: 0x00000000, Max: 0x001f4000, ABSOLUTE)

    Execution Region ER$$.ARM.__AT_0xC0000000 (Exec base: 0xc0000000, Load base: 0xc0000000, Size: 0x001f4000, Max: 0x001f4000, ABSOLUTE, UNINIT)

    Exec Addr    Load Addr    Size         Type   Attr      Idx    E Section Name        Object

    0xc0000000        -       0x001f4000   Zero   RW         4458    .ARM.__AT_0xC0000000  ltdc.o


==============================================================================

Image component sizes


      Code (inc. data)   RO Data    RW Data    ZI Data      Debug   Object Name

       248         40          0          0         64       3043   btim.o
       102         10          0          4          0       1931   delay.o
       244         18          0          0          0       1071   key.o
     13656        160          0          0         90      24419   lcd.o
       140          8          0          0          0        927   led.o
      1974        128          0          8    2048288      10058   ltdc.o
       152         10          0          0          0     907538   main.o
       360         58          0          0          0      37184   mpu.o
       534         38          0          0         52       3555   sdram.o
      1256        144          0         18       1518       6434   snake.o
        76         26        504          0       2048        972   startup_stm32f767xx.o
       162         30          0          9          0       9075   stm32f7xx_hal.o
       504         38          0          0          0      41641   stm32f7xx_hal_cortex.o
        40          0          0          0          0       1151   stm32f7xx_hal_dma.o
       580         52          0          0          0       3740   stm32f7xx_hal_gpio.o
      1118          6          0          0          0       4681   stm32f7xx_hal_ltdc.o
       144          8          0          0          0       1284   stm32f7xx_hal_pwr_ex.o
      1956         74          0          0          0       5628   stm32f7xx_hal_rcc.o
      1880         16          0          0          0       2248   stm32f7xx_hal_rcc_ex.o
       162          0          0          0          0       2748   stm32f7xx_hal_sdram.o
        88          0          0          0          0       1216   stm32f7xx_hal_sram.o
       772         52          0          0          0       5839   stm32f7xx_hal_tim.o
         6          0          0          0          0       2180   stm32f7xx_hal_tim_ex.o
      2562         86          0          0          0      11892   stm32f7xx_hal_uart.o
        28          0          0          0          0       3722   stm32f7xx_it.o
       622         14          0          0          0       5776   stm32f7xx_ll_fmc.o
       504         28          0          0          0      38053   sys.o
        28          4         24          4          0       1375   system_stm32f7xx.o
       588         94          0         12        240       4936   task.o
      2288         86        152          2        579       8841   tetris.o
       452         60          0          7        328       5621   usart.o

    ----------------------------------------------------------------------
     33260       1288        714         68    2053212    1158779   Object Totals
         0          0         32          0          0          0   (incl. Generated)
        34          0          2          4          5          0   (incl. Padding)

    ----------------------------------------------------------------------

      Code (inc. data)   RO Data    RW Data    ZI Data      Debug   Library Member Name

         8          0          0          0          0         68   __main.o
        40          0          0          0          0         84   __printf_nopercent.o
         0          0          0          0          0          0   __rtentry.o
        12          0          0          0          0          0   __rtentry2.o
         6          0          0          0          0          0   __rtentry4.o
        52          8          0          0          0          0   __scatter.o
        26          0          0          0          0          0   __scatter_copy.o
        28          0          0          0          0          0   __scatter_zi.o
        48          6          0          0          0         96   _printf_char_common.o
        36          4          0          0          0         80   _printf_char_file.o
        18          0          0          0          0         80   exit.o
         8          0          0          0          0         68   ferror.o
         6          0          0          0          0        152   heapauxi.o
         2          0          0          0          0          0   libinit.o
        10          0          0          0          0          0   libinit2.o
         2          0          0          0          0          0   libshutdown.o
         2          0          0          0          0          0   libshutdown2.o
         8          4          0          0         96         68   libspace.o
       238          0          0          0          0        100   lludivv7m.o
        24          4          0          0          0         84   noretval__2printf.o
       112         18          0          0        228        160   rand.o
        78          0          0          0          0         80   rt_memclr_w.o
       138          0          0          0          0         68   rt_memcpy_v6.o
       100          0          0          0          0         80   rt_memcpy_w.o
         2          0          0          0          0          0   rtexit.o
        10          0          0          0          0          0   rtexit2.o
        74          0          0          0          0         80   sys_stackheap_outer.o
         2          0          0          0          0         68   use_no_semi.o
         2          0          0          0          0         68   use_no_semi_2.o
        10          0          0          0          0        116   fpinit.o

    ----------------------------------------------------------------------
      1106         44          0          0        328       1600   Library Totals
         4          0          0          0          4          0   (incl. Padding)

    ----------------------------------------------------------------------

      Code (inc. data)   RO Data    RW Data    ZI Data      Debug   Library Name

      1092         44          0          0        324       1484   c_w.l
        10          0          0          0          0        116   fz_wv.l

    ----------------------------------------------------------------------
      1106         44          0          0        328       1600   Library Totals

    ----------------------------------------------------------------------

==============================================================================


      Code (inc. data)   RO Data    RW Data    ZI Data      Debug   

     34366       1332        714         68    2053540    1143651   Grand Totals
     34366       1332        714         68    2053540    1143651   ELF Image Totals
     34366       1332        714         68          0          0   ROM Totals

==============================================================================

    Total RO  Size (Code + RO Data)                35080 (  34.26kB)
    Total RW  Size (RW Data + ZI Data)           2053608 (2005.48kB)
    Total ROM Size (Code + RO Data + RW Data)      35148 (  34.32kB)

==============================================================================

